Component: ARM Compiler 5.06 update 5 (build 528) Tool: armlink [4d35e2]

==============================================================================

Section Cross References

    startup_stm32f103xb.o(STACK) refers (Special) to heapauxi.o(.text) for __use_two_region_memory
    startup_stm32f103xb.o(HEAP) refers (Special) to heapauxi.o(.text) for __use_two_region_memory
    startup_stm32f103xb.o(RESET) refers (Special) to heapauxi.o(.text) for __use_two_region_memory
    startup_stm32f103xb.o(RESET) refers to startup_stm32f103xb.o(STACK) for __initial_sp
    startup_stm32f103xb.o(RESET) refers to startup_stm32f103xb.o(.text) for Reset_Handler
    startup_stm32f103xb.o(RESET) refers to stm32f1xx_it.o(i.NMI_Handler) for NMI_Handler
    startup_stm32f103xb.o(RESET) refers to stm32f1xx_it.o(i.HardFault_Handler) for HardFault_Handler
    startup_stm32f103xb.o(RESET) refers to stm32f1xx_it.o(i.MemManage_Handler) for MemManage_Handler
    startup_stm32f103xb.o(RESET) refers to stm32f1xx_it.o(i.BusFault_Handler) for BusFault_Handler
    startup_stm32f103xb.o(RESET) refers to stm32f1xx_it.o(i.UsageFault_Handler) for UsageFault_Handler
    startup_stm32f103xb.o(RESET) refers to port.o(.emb_text) for SVC_Handler
    startup_stm32f103xb.o(RESET) refers to stm32f1xx_it.o(i.DebugMon_Handler) for DebugMon_Handler
    startup_stm32f103xb.o(RESET) refers to cmsis_os2.o(i.SysTick_Handler) for SysTick_Handler
    startup_stm32f103xb.o(RESET) refers to stm32f1xx_it.o(i.RTC_IRQHandler) for RTC_IRQHandler
    startup_stm32f103xb.o(RESET) refers to stm32f1xx_it.o(i.EXTI0_IRQHandler) for EXTI0_IRQHandler
    startup_stm32f103xb.o(RESET) refers to stm32f1xx_it.o(i.EXTI1_IRQHandler) for EXTI1_IRQHandler
    startup_stm32f103xb.o(RESET) refers to stm32f1xx_it.o(i.EXTI4_IRQHandler) for EXTI4_IRQHandler
    startup_stm32f103xb.o(RESET) refers to stm32f1xx_it.o(i.DMA1_Channel4_IRQHandler) for DMA1_Channel4_IRQHandler
    startup_stm32f103xb.o(RESET) refers to stm32f1xx_it.o(i.EXTI9_5_IRQHandler) for EXTI9_5_IRQHandler
    startup_stm32f103xb.o(RESET) refers to stm32f1xx_it.o(i.TIM4_IRQHandler) for TIM4_IRQHandler
    startup_stm32f103xb.o(RESET) refers to stm32f1xx_it.o(i.USART1_IRQHandler) for USART1_IRQHandler
    startup_stm32f103xb.o(RESET) refers to stm32f1xx_it.o(i.RTC_Alarm_IRQHandler) for RTC_Alarm_IRQHandler
    startup_stm32f103xb.o(.text) refers (Special) to heapauxi.o(.text) for __use_two_region_memory
    startup_stm32f103xb.o(.text) refers to system_stm32f1xx.o(i.SystemInit) for SystemInit
    startup_stm32f103xb.o(.text) refers to __main.o(!!!main) for __main
    startup_stm32f103xb.o(.text) refers to startup_stm32f103xb.o(HEAP) for Heap_Mem
    startup_stm32f103xb.o(.text) refers to startup_stm32f103xb.o(STACK) for Stack_Mem
    main.o(i.HAL_TIM_PeriodElapsedCallback) refers to stm32f1xx_hal.o(i.HAL_IncTick) for HAL_IncTick
    main.o(i.SystemClock_Config) refers to rt_memclr_w.o(.text) for __aeabi_memclr4
    main.o(i.SystemClock_Config) refers to stm32f1xx_hal_rcc.o(i.HAL_RCC_OscConfig) for HAL_RCC_OscConfig
    main.o(i.SystemClock_Config) refers to stm32f1xx_hal_rcc.o(i.HAL_RCC_ClockConfig) for HAL_RCC_ClockConfig
    main.o(i.SystemClock_Config) refers to stm32f1xx_hal_rcc_ex.o(i.HAL_RCCEx_PeriphCLKConfig) for HAL_RCCEx_PeriphCLKConfig
    main.o(i.main) refers to stm32f1xx_hal.o(i.HAL_Init) for HAL_Init
    main.o(i.main) refers to main.o(i.SystemClock_Config) for SystemClock_Config
    main.o(i.main) refers to gpio.o(i.MX_GPIO_Init) for MX_GPIO_Init
    main.o(i.main) refers to dma.o(i.MX_DMA_Init) for MX_DMA_Init
    main.o(i.main) refers to i2c.o(i.MX_I2C1_Init) for MX_I2C1_Init
    main.o(i.main) refers to usart.o(i.MX_USART1_UART_Init) for MX_USART1_UART_Init
    main.o(i.main) refers to rtc.o(i.MX_RTC_Init) for MX_RTC_Init
    main.o(i.main) refers to tim.o(i.MX_TIM2_Init) for MX_TIM2_Init
    main.o(i.main) refers to i2c.o(i.MX_I2C2_Init) for MX_I2C2_Init
    main.o(i.main) refers to oled.o(i.OLED_Init) for OLED_Init
    main.o(i.main) refers to mpu6050.o(i.MPU6050_Init) for MPU6050_Init
    main.o(i.main) refers to oled.o(i.OLED_Clear) for OLED_Clear
    main.o(i.main) refers to cmsis_os2.o(i.osKernelInitialize) for osKernelInitialize
    main.o(i.main) refers to freertos.o(i.MX_FREERTOS_Init) for MX_FREERTOS_Init
    main.o(i.main) refers to cmsis_os2.o(i.osKernelStart) for osKernelStart
    gpio.o(i.MX_GPIO_Init) refers to stm32f1xx_hal_gpio.o(i.HAL_GPIO_Init) for HAL_GPIO_Init
    gpio.o(i.MX_GPIO_Init) refers to stm32f1xx_hal_cortex.o(i.HAL_NVIC_SetPriority) for HAL_NVIC_SetPriority
    gpio.o(i.MX_GPIO_Init) refers to stm32f1xx_hal_cortex.o(i.HAL_NVIC_EnableIRQ) for HAL_NVIC_EnableIRQ
    freertos.o(i.MX_FREERTOS_Init) refers to cmsis_os2.o(i.osThreadNew) for osThreadNew
    freertos.o(i.MX_FREERTOS_Init) refers to freertos.o(.constdata) for .constdata
    freertos.o(i.MX_FREERTOS_Init) refers to freertos.o(i.StartDefaultTask) for StartDefaultTask
[...]
    __aeabi_cfcmple                          0x0800c235   Thumb Code     0  fleqf.o(x$fpl$fleqf)
    _fcmple                                  0x0800c235   Thumb Code   104  fleqf.o(x$fpl$fleqf)
    __fpl_fcmple_InfNaN                      0x0800c287   Thumb Code     0  fleqf.o(x$fpl$fleqf)
    __aeabi_fmul                             0x0800c29d   Thumb Code     0  fmul.o(x$fpl$fmul)
    _fmul                                    0x0800c29d   Thumb Code   258  fmul.o(x$fpl$fmul)
    __fpl_fnaninf                            0x0800c39f   Thumb Code   140  fnaninf.o(x$fpl$fnaninf)
    __fpl_fretinf                            0x0800c42b   Thumb Code    10  fretinf.o(x$fpl$fretinf)
    __aeabi_cfrcmple                         0x0800c435   Thumb Code     0  frleqf.o(x$fpl$frleqf)
    _frcmple                                 0x0800c435   Thumb Code    98  frleqf.o(x$fpl$frleqf)
    __aeabi_fsub                             0x0800c499   Thumb Code     0  faddsub_clz.o(x$fpl$fsub)
    _fsub                                    0x0800c499   Thumb Code   234  faddsub_clz.o(x$fpl$fsub)
    _printf_fp_dec                           0x0800c583   Thumb Code     4  printf1.o(x$fpl$printf1)
    _printf_fp_hex                           0x0800c587   Thumb Code     4  printf2.o(x$fpl$printf2)
    __fpl_return_NaN                         0x0800c58b   Thumb Code   100  retnan.o(x$fpl$retnan)
    __ARM_scalbn                             0x0800c5ef   Thumb Code    92  scalbn.o(x$fpl$scalbn)
    __fpl_cmpreturn                          0x0800c64b   Thumb Code    48  trapv.o(x$fpl$trapveneer)
    __I$use$fp                               0x0800c67a   Number         0  usenofp.o(x$fpl$usenofp)
    defaultTask_attributes                   0x0800c67c   Data          36  freertos.o(.constdata)
    AHBPrescTable                            0x0800c6c4   Data          16  system_stm32f1xx.o(.constdata)
    APBPrescTable                            0x0800c6d4   Data           8  system_stm32f1xx.o(.constdata)
    OLED_F8x16                               0x0800c73c   Data        1520  oled_data.o(.constdata)
    OLED_F6x8                                0x0800cd2c   Data         570  oled_data.o(.constdata)
    OLED_F12x24                              0x0800cf66   Data        3420  oled_data.o(.constdata)
    OLED_CF16x16                             0x0800dcc2   Data        1645  oled_data.o(.constdata)
    Return                                   0x0800e32f   Data          32  oled_data.o(.constdata)
    Menu_Graph                               0x0800e34f   Data         896  oled_data.o(.constdata)
    Frame                                    0x0800e6cf   Data         264  oled_data.o(.constdata)
    Ground                                   0x0800e7d7   Data         256  oled_data.o(.constdata)
    Barrier                                  0x0800e8d7   Data          48  oled_data.o(.constdata)
    Cloud                                    0x0800e907   Data          64  oled_data.o(.constdata)
    Dino                                     0x0800e947   Data         144  oled_data.o(.constdata)
    __mathlib_zero                           0x0800eae0   Data           8  qnan.o(.constdata)
    Region$$Table$$Base                      0x0800eca0   Number         0  anon$$obj.o(Region$$Table)
    Region$$Table$$Limit                     0x0800ecc0   Number         0  anon$$obj.o(Region$$Table)
    __ctype                                  0x0800ece9   Data           0  lc_ctype_c.o(locale$$data)
    KeyTaskHandle                            0x20000000   Data           4  freertos.o(.data)
    MenuTaskHandle                           0x20000004   Data           4  freertos.o(.data)
    UITaskHandle                             0x20000008   Data           4  freertos.o(.data)
    SetTaskHandle                            0x2000000c   Data           4  freertos.o(.data)
    TimeTaskHandle                           0x20000010   Data           4  freertos.o(.data)
    FlashlightTaskHandle                     0x20000014   Data           4  freertos.o(.data)
    MPU6050TaskHandle                        0x20000018   Data           4  freertos.o(.data)
    GameTaskHandle                           0x2000001c   Data           4  freertos.o(.data)
    StackMonitorTaskHandle                   0x20000020   Data           4  freertos.o(.data)
    SleepManagerTaskHandle                   0x20000024   Data           4  freertos.o(.data)
    AlarmTaskHandle                          0x20000028   Data           4  freertos.o(.data)
    StopWatchTimerHandle                     0x2000002c   Data           4  freertos.o(.data)
    KeyTimerHandle                           0x20000030   Data           4  freertos.o(.data)
    DinoTimerHandle                          0x20000034   Data           4  freertos.o(.data)
    defaultTaskHandle                        0x20000038   Data           4  freertos.o(.data)
    xKeyQueue                                0x2000003c   Data           4  freertos.o(.data)
    uwTickFreq                               0x20000040   Data           1  stm32f1xx_hal.o(.data)
    uwTickPrio                               0x20000044   Data           4  stm32f1xx_hal.o(.data)
    uwTick                                   0x20000048   Data           4  stm32f1xx_hal.o(.data)
    SystemCoreClock                          0x2000004c   Data           4  system_stm32f1xx.o(.data)
    pxCurrentTCB                             0x20000050   Data           4  tasks.o(.data)
    RTC_Time                                 0x200000f2   Data           3  ui.o(.data)
    RTC_Date                                 0x200000f5   Data           4  ui.o(.data)
    barrier                                  0x20000118   Data           4  dino.o(.data)
    dino                                     0x2000011c   Data           4  dino.o(.data)
    Roll_g                                   0x2000013c   Data           4  showangle.o(.data)
    Pitch_g                                  0x20000140   Data           4  showangle.o(.data)
    Yaw_g                                    0x20000144   Data           4  showangle.o(.data)
    Roll_a                                   0x20000148   Data           4  showangle.o(.data)
    Pitch_a                                  0x2000014c   Data           4  showangle.o(.data)
    Roll                                     0x20000150   Data           4  showangle.o(.data)
    Pitch                                    0x20000154   Data           4  showangle.o(.data)
    Yaw                                      0x20000158   Data           4  showangle.o(.data)
    hi2c1                                    0x20000194   Data          84  i2c.o(.bss)
    hi2c2                                    0x200001e8   Data          84  i2c.o(.bss)
    hrtc                                     0x2000023c   Data          20  rtc.o(.bss)
    htim2                                    0x20000250   Data          72  tim.o(.bss)
    huart1                                   0x20000298   Data          72  usart.o(.bss)
    hdma_usart1_tx                           0x200002e0   Data          68  usart.o(.bss)
    htim4                                    0x20000324   Data          72  stm32f1xx_hal_timebase_tim.o(.bss)
    xQueueRegistry                           0x2000036c   Data          64  queue.o(.bss)
    OLED_DisplayBuf                          0x20003840   Data        1024  oled.o(.bss)
    MyRTC_Time                               0x20003ec0   Data          24  settime.o(.bss)
    _random_number_data                      0x20003ed8   Data         228  rand.o(.bss)
    __libspace_start                         0x20003fbc   Data          96  libspace.o(.bss)
    __temporary_stack_top$libspace           0x2000401c   Data           0  libspace.o(.bss)



==============================================================================

Memory Map of the image

  Image Entry point : 0x080000ed

  Load Region LR_IROM1 (Base: 0x08000000, Size: 0x0000ef80, Max: 0x00010000, ABSOLUTE, COMPRESSED[0x0000ee24])

    Execution Region ER_IROM1 (Exec base: 0x08000000, Load base: 0x08000000, Size: 0x0000edec, Max: 0x00010000, ABSOLUTE)

    Exec Addr    Load Addr    Size         Type   Attr      Idx    E Section Name        Object

    0x08000000   0x08000000   0x000000ec   Data   RO            3    RESET               startup_stm32f103xb.o
    0x080000ec   0x080000ec   0x00000008   Code   RO         7237  * !!!main             c_w.l(__main.o)
    0x080000f4   0x080000f4   0x00000034   Code   RO         7681    !!!scatter          c_w.l(__scatter.o)
    0x08000128   0x08000128   0x0000003a   Code   RO         7679    !!dczerorl          c_w.l(__dczerorl.o)
    0x08000162   0x08000162   0x00000002   PAD
    0x08000164   0x08000164   0x0000001c   Code   RO         7683    !!handler_zi        c_w.l(__scatter_zi.o)
    0x08000180   0x08000180   0x00000000   Code   RO         7217    .ARM.Collect$$_printf_percent$$00000000  c_w.l(_printf_percent.o)
    0x08000180   0x08000180   0x00000006   Code   RO         7367    .ARM.Collect$$_printf_percent$$00000001  c_w.l(_printf_n.o)
    0x08000186   0x08000186   0x00000006   Code   RO         7369    .ARM.Collect$$_printf_percent$$00000002  c_w.l(_printf_p.o)
    0x0800018c   0x0800018c   0x00000006   Code   RO         7373    .ARM.Collect$$_printf_percent$$00000003  c_w.l(_printf_f.o)
    0x08000192   0x08000192   0x00000006   Code   RO         7374    .ARM.Collect$$_printf_percent$$00000004  c_w.l(_printf_e.o)
    0x08000198   0x08000198   0x00000006   Code   RO         7375    .ARM.Collect$$_printf_percent$$00000005  c_w.l(_printf_g.o)
    0x0800019e   0x0800019e   0x00000006   Code   RO         7376    .ARM.Collect$$_printf_percent$$00000006  c_w.l(_printf_a.o)
    0x080001a4   0x080001a4   0x0000000a   Code   RO         7381    .ARM.Collect$$_printf_percent$$00000007  c_w.l(_printf_ll.o)
    0x080001ae   0x080001ae   0x00000006   Code   RO         7371    .ARM.Collect$$_printf_percent$$00000008  c_w.l(_printf_i.o)
    0x080001b4   0x080001b4   0x00000006   Code   RO         7372    .ARM.Collect$$_printf_percent$$00000009  c_w.l(_printf_d.o)
    0x080001ba   0x080001ba   0x00000006   Code   RO         7216    .ARM.Collect$$_printf_percent$$0000000A  c_w.l(_printf_u.o)
    0x080001c0   0x080001c0   0x00000006   Code   RO         7370    .ARM.Collect$$_printf_percent$$0000000B  c_w.l(_printf_o.o)
    0x080001c6   0x080001c6   0x00000006   Code   RO         7368    .ARM.Collect$$_printf_percent$$0000000C  c_w.l(_printf_x.o)
    0x080001cc   0x080001cc   0x00000006   Code   RO         7378    .ARM.Collect$$_printf_percent$$0000000D  c_w.l(_printf_lli.o)
    0x080001d2   0x080001d2   0x00000006   Code   RO         7379    .ARM.Collect$$_printf_percent$$0000000E  c_w.l(_printf_lld.o)
    0x080001d8   0x080001d8   0x00000006   Code   RO         7380    .ARM.Collect$$_printf_percent$$0000000F  c_w.l(_printf_llu.o)
    0x080001de   0x080001de   0x00000006   Code   RO         7385    .ARM.Collect$$_printf_percent$$00000010  c_w.l(_printf_llo.o)
    0x080001e4   0x080001e4   0x00000006   Code   RO         7386    .ARM.Collect$$_printf_percent$$00000011  c_w.l(_printf_llx.o)
    0x080001ea   0x080001ea   0x0000000a   Code   RO         7382    .ARM.Collect$$_printf_percent$$00000012  c_w.l(_printf_l.o)
    0x080001f4   0x080001f4   0x00000006   Code   RO         7366    .ARM.Collect$$_printf_percent$$00000013  c_w.l(_printf_c.o)
    0x080001fa   0x080001fa   0x00000006   Code   RO         7215    .ARM.Collect$$_printf_percent$$00000014  c_w.l(_printf_s.o)
    0x08000200   0x08000200   0x00000006   Code   RO         7383    .ARM.Collect$$_printf_percent$$00000015  c_w.l(_printf_lc.o)
    0x08000206   0x08000206   0x00000006   Code   RO         7384    .ARM.Collect$$_printf_percent$$00000016  c_w.l(_printf_ls.o)
    0x0800020c   0x0800020c   0x00000004   Code   RO         7377    .ARM.Collect$$_printf_percent$$00000017  c_w.l(_printf_percent_end.o)
    0x08000210   0x08000210   0x00000002   Code   RO         7594    .ARM.Collect$$libinit$$00000000  c_w.l(libinit.o)
    0x08000212   0x08000212   0x00000000   Code   RO         7392    .ARM.Collect$$libinit$$00000002  c_w.l(libinit2.o)
    0x08000212   0x08000212   0x00000000   Code   RO         7394    .ARM.Collect$$libinit$$00000004  c_w.l(libinit2.o)
    0x08000212   0x08000212   0x00000000   Code   RO         7397    .ARM.Collect$$libinit$$0000000A  c_w.l(libinit2.o)
    0x08000212   0x08000212   0x00000000   Code   RO         7399    .ARM.Collect$$libinit$$0000000C  c_w.l(libinit2.o)
    0x08000212   0x08000212   0x00000004   Code   RO         7400    .ARM.Collect$$libinit$$0000000D  c_w.l(libinit2.o)
    0x08000216   0x08000216   0x00000000   Code   RO         7401    .ARM.Collect$$libinit$$0000000E  c_w.l(libinit2.o)
    0x08000216   0x08000216   0x00000006   Code   RO         7402    .ARM.Collect$$libinit$$0000000F  c_w.l(libinit2.o)
    0x0800021c   0x0800021c   0x00000000   Code   RO         7404    .ARM.Collect$$libinit$$00000011  c_w.l(libinit2.o)
    0x0800021c   0x0800021c   0x0000000c   Code   RO         7405    .ARM.Collect$$libinit$$00000012  c_w.l(libinit2.o)
    0x08000228   0x08000228   0x00000000   Code   RO         7406    .ARM.Collect$$libinit$$00000013  c_w.l(libinit2.o)
    0x08000228   0x08000228   0x00000000   Code   RO         7408    .ARM.Collect$$libinit$$00000015  c_w.l(libinit2.o)
    0x08000228   0x08000228   0x0000000a   Code   RO         7409    .ARM.Collect$$libinit$$00000016  c_w.l(libinit2.o)
    0x08000232   0x08000232   0x00000000   Code   RO         7410    .ARM.Collect$$libinit$$00000017  c_w.l(libinit2.o)
    0x08000232   0x08000232   0x00000000   Code   RO         7412    .ARM.Collect$$libinit$$00000019  c_w.l(libinit2.o)
    0x08000232   0x08000232   0x00000000   Code   RO         7414    .ARM.Collect$$libinit$$0000001B  c_w.l(libinit2.o)
    0x08000232   0x08000232   0x00000000   Code   RO         7416    .ARM.Collect$$libinit$$0000001D  c_w.l(libinit2.o)
    0x08000232   0x08000232   0x00000000   Code   RO         7418    .ARM.Collect$$libinit$$0000001F  c_w.l(libinit2.o)
    0x08000232   0x08000232   0x00000000   Code   RO         7420    .ARM.Collect$$libinit$$00000021  c_w.l(libinit2.o)
    0x08000232   0x08000232   0x00000000   Code   RO         7422    .ARM.Collect$$libinit$$00000023  c_w.l(libinit2.o)
    0x08000232   0x08000232   0x00000000   Code   RO         7424    .ARM.Collect$$libinit$$00000025  c_w.l(libinit2.o)
    0x08000232   0x08000232   0x00000000   Code   RO         7428    .ARM.Collect$$libinit$$0000002C  c_w.l(libinit2.o)
    0x08000232   0x08000232   0x00000000   Code   RO         7430    .ARM.Collect$$libinit$$0000002E  c_w.l(libinit2.o)
    0x08000232   0x08000232   0x00000000   Code   RO         7432    .ARM.Collect$$libinit$$00000030  c_w.l(libinit2.o)
    0x08000232   0x08000232   0x00000000   Code   RO         7434    .ARM.Collect$$libinit$$00000032  c_w.l(libinit2.o)
    0x08000232   0x08000232   0x00000002   Code   RO         7435    .ARM.Collect$$libinit$$00000033  c_w.l(libinit2.o)
    0x08000234   0x08000234   0x00000002   Code   RO         7640    .ARM.Collect$$libshutdown$$00000000  c_w.l(libshutdown.o)
    0x08000236   0x08000236   0x00000000   Code   RO         7646    .ARM.Collect$$libshutdown$$00000002  c_w.l(libshutdown2.o)
    0x08000236   0x08000236   0x00000000   Code   RO         7648    .ARM.Collect$$libshutdown$$00000004  c_w.l(libshutdown2.o)
    0x08000236   0x08000236   0x00000000   Code   RO         7651    .ARM.Collect$$libshutdown$$00000007  c_w.l(libshutdown2.o)
    0x08000236   0x08000236   0x00000000   Code   RO         7654    .ARM.Collect$$libshutdown$$0000000A  c_w.l(libshutdown2.o)
    0x08000236   0x08000236   0x00000000   Code   RO         7656    .ARM.Collect$$libshutdown$$0000000C  c_w.l(libshutdown2.o)
    0x08000236   0x08000236   0x00000000   Code   RO         7659    .ARM.Collect$$libshutdown$$0000000F  c_w.l(libshutdown2.o)
    0x08000236   0x08000236   0x00000002   Code   RO         7660    .ARM.Collect$$libshutdown$$00000010  c_w.l(libshutdown2.o)
    0x08000238   0x08000238   0x00000000   Code   RO         7317    .ARM.Collect$$rtentry$$00000000  c_w.l(__rtentry.o)
    0x08000238   0x08000238   0x00000000   Code   RO         7499    .ARM.Collect$$rtentry$$00000002  c_w.l(__rtentry2.o)
    0x08000238   0x08000238   0x00000006   Code   RO         7511    .ARM.Collect$$rtentry$$00000004  c_w.l(__rtentry4.o)
    0x0800023e   0x0800023e   0x00000000   Code   RO         7501    .ARM.Collect$$rtentry$$00000009  c_w.l(__rtentry2.o)
    0x0800023e   0x0800023e   0x00000004   Code   RO         7502    .ARM.Collect$$rtentry$$0000000A  c_w.l(__rtentry2.o)
    0x08000242   0x08000242   0x00000000   Code   RO         7504    .ARM.Collect$$rtentry$$0000000C  c_w.l(__rtentry2.o)
    0x08000242   0x08000242   0x00000008   Code   RO         7505    .ARM.Collect$$rtentry$$0000000D  c_w.l(__rtentry2.o)
    0x0800024a   0x0800024a   0x00000002   Code   RO         7601    .ARM.Collect$$rtexit$$00000000  c_w.l(rtexit.o)
    0x0800024c   0x0800024c   0x00000000   Code   RO         7618    .ARM.Collect$$rtexit$$00000002  c_w.l(rtexit2.o)
    0x0800024c   0x0800024c   0x00000004   Code   RO         7619    .ARM.Collect$$rtexit$$00000003  c_w.l(rtexit2.o)
    0x08000250   0x08000250   0x00000006   Code   RO         7620    .ARM.Collect$$rtexit$$00000004  c_w.l(rtexit2.o)
    0x08000256   0x08000256   0x00000002   PAD
    0x08000258   0x08000258   0x00000096   Code   RO         5647    .emb_text           port.o
    0x080002ee   0x080002ee   0x00000002   PAD
    0x080002f0   0x080002f0   0x00000034   Code   RO         7218    .emb_text           c_w.l(rand.o)
    0x08000324   0x08000324   0x00000040   Code   RO            4    .text               startup_stm32f103xb.o
    0x08000364   0x08000364   0x00000024   Code   RO         7181    .text               c_w.l(vsprintf.o)
    0x08000388   0x08000388   0x00000038   Code   RO         7183    .text               c_w.l(__2snprintf.o)
    0x080003c0   0x080003c0   0x0000004e   Code   RO         7189    .text               c_w.l(_printf_pad.o)
    0x0800040e   0x0800040e   0x00000052   Code   RO         7191    .text               c_w.l(_printf_str.o)
    0x08000460   0x08000460   0x00000078   Code   RO         7193    .text               c_w.l(_printf_dec.o)
    0x080004d8   0x080004d8   0x00000188   Code   RO         7212    .text               c_w.l(__printf_flags_ss_wp.o)
    0x08000660   0x08000660   0x0000003c   Code   RO         7219    .text               c_w.l(rand.o)
    0x0800069c   0x0800069c   0x0000003e   Code   RO         7223    .text               c_w.l(strlen.o)
    0x080006da   0x080006da   0x0000008a   Code   RO         7225    .text               c_w.l(rt_memcpy_v6.o)
    0x08000764   0x08000764   0x00000010   Code   RO         7229    .text               c_w.l(aeabi_memset.o)
    0x08000774   0x08000774   0x0000004e   Code   RO         7231    .text               c_w.l(rt_memclr_w.o)
    0x080007c2   0x080007c2   0x00000002   PAD
    0x080007c4   0x080007c4   0x00000080   Code   RO         7233    .text               c_w.l(strcmpv7m.o)
    0x08000844   0x08000844   0x00000006   Code   RO         7235    .text               c_w.l(heapauxi.o)
    0x0800084a   0x0800084a   0x00000016   Code   RO         7318    .text               c_w.l(_rserrno.o)
    0x08000860   0x08000860   0x00000024   Code   RO         7320    .text               c_w.l(_printf_truncate.o)
    0x08000884   0x08000884   0x000000b2   Code   RO         7322    .text               c_w.l(_printf_intcommon.o)
    0x08000936   0x08000936   0x00000028   Code   RO         7324    .text               c_w.l(_printf_charcount.o)
    0x0800095e   0x0800095e   0x00000002   PAD
    0x08000960   0x08000960   0x00000030   Code   RO         7326    .text               c_w.l(_printf_char_common.o)
    0x08000990   0x08000990   0x0000000a   Code   RO         7328    .text               c_w.l(_sputc.o)
    0x0800099a   0x0800099a   0x00000010   Code   RO         7330    .text               c_w.l(_snputc.o)
    0x080009aa   0x080009aa   0x0000002c   Code   RO         7332    .text               c_w.l(_printf_char.o)
    0x080009d6   0x080009d6   0x00000002   PAD
    0x080009d8   0x080009d8   0x000000bc   Code   RO         7334    .text               c_w.l(_printf_wctomb.o)
    0x08000a94   0x08000a94   0x0000007c   Code   RO         7337    .text               c_w.l(_printf_longlong_dec.o)
    0x08000b10   0x08000b10   0x00000070   Code   RO         7343    .text               c_w.l(_printf_oct_int_ll.o)
    0x08000b80   0x08000b80   0x00000094   Code   RO         7363    .text               c_w.l(_printf_hex_int_ll_ptr.o)
    0x08000c14   0x08000c14   0x00000064   Code   RO         7387    .text               c_w.l(rt_memcpy_w.o)
    0x08000c78   0x08000c78   0x00000044   Code   RO         7389    .text               c_w.l(rt_memclr.o)
    0x08000cbc   0x08000cbc   0x00000008   Code   RO         7516    .text               c_w.l(rt_errno_addr_intlibspace.o)
    0x08000cc4   0x08000cc4   0x0000008a   Code   RO         7518    .text               c_w.l(lludiv10.o)
    0x08000d4e   0x08000d4e   0x0000041e   Code   RO         7520    .text               c_w.l(_printf_fp_dec.o)
    0x0800116c   0x0800116c   0x000002fc   Code   RO         7522    .text               c_w.l(_printf_fp_hex.o)
    0x08001468   0x08001468   0x0000002c   Code   RO         7527    .text               c_w.l(_printf_wchar.o)
    0x08001494   0x08001494   0x00000040   Code   RO         7529    .text               c_w.l(_wcrtomb.o)
    0x080014d4   0x080014d4   0x00000008   Code   RO         7541    .text               c_w.l(libspace.o)
    0x080014dc   0x080014dc   0x0000004a   Code   RO         7544    .text               c_w.l(sys_stackheap_outer.o)
    0x08001526   0x08001526   0x00000002   PAD
    0x08001528   0x08001528   0x00000010   Code   RO         7546    .text               c_w.l(rt_ctype_table.o)
    0x08001538   0x08001538   0x00000008   Code   RO         7551    .text               c_w.l(rt_locale_intlibspace.o)
    0x08001540   0x08001540   0x00000080   Code   RO         7553    .text               c_w.l(_printf_fp_infnan.o)
    0x080015c0   0x080015c0   0x000000e4   Code   RO         7555    .text               c_w.l(bigflt0.o)
    0x080016a4   0x080016a4   0x00000012   Code   RO         7583    .text               c_w.l(exit.o)
    0x080016b6   0x080016b6   0x00000002   Code   RO         7614    .text               c_w.l(use_no_semi.o)
    0x080016b8   0x080016b8   0x00000000   Code   RO         7616    .text               c_w.l(indicate_semi.o)
    0x080016b8   0x080016b8   0x0000000c   Code   RO         7632    .text               c_w.l(sys_exit.o)
    0x080016c4   0x080016c4   0x0000003e   Code   RO         7558    CL$$btod_d2e        c_w.l(btod.o)
    0x08001702   0x08001702   0x00000046   Code   RO         7560    CL$$btod_d2e_denorm_low  c_w.l(btod.o)
    0x08001748   0x08001748   0x00000060   Code   RO         7559    CL$$btod_d2e_norm_op1  c_w.l(btod.o)
    0x080017a8   0x080017a8   0x00000338   Code   RO         7568    CL$$btod_div_common  c_w.l(btod.o)
    0x08001ae0   0x08001ae0   0x000000dc   Code   RO         7565    CL$$btod_e2e        c_w.l(btod.o)
    0x08001bbc   0x08001bbc   0x0000002a   Code   RO         7562    CL$$btod_ediv       c_w.l(btod.o)
    0x08001be6   0x08001be6   0x0000002a   Code   RO         7561    CL$$btod_emul       c_w.l(btod.o)
    0x08001c10   0x08001c10   0x00000244   Code   RO         7567    CL$$btod_mult_common  c_w.l(btod.o)
    0x08001e54   0x08001e54   0x00000090   Code   RO         6655    i.AlarmUI_DrawRinging  alarmui.o
    0x08001ee4   0x08001ee4   0x000000b8   Code   RO         6656    i.AlarmUI_EditTime  alarmui.o
    0x08001f9c   0x08001f9c   0x00000060   Code   RO         6657    i.AlarmUI_ShowRingingPage  alarmui.o
    0x08001ffc   0x08001ffc   0x000000c8   Code   RO         6658    i.AlarmUI_ShowSettingBase  alarmui.o
    0x080020c4   0x080020c4   0x000000d2   Code   RO         6659    i.AlarmUI_ShowSettingPage  alarmui.o
    0x08002196   0x08002196   0x0000005e   Code   RO         6660    i.AlarmUI_ShowSettingSelection  alarmui.o
    0x080021f4   0x080021f4   0x0000007c   Code   RO         7014    i.Alarm_NextTrigger  alarmservice.o
    0x08002270   0x08002270   0x00000094   Code   RO         7015    i.Alarm_ResumeForegroundTasks  alarmservice.o
    0x08002304   0x08002304   0x00000018   Code   RO         7017    i.Alarm_ServiceGetConfig  alarmservice.o
    0x0800231c   0x0800231c   0x00000014   Code   RO         7018    i.Alarm_ServiceInit  alarmservice.o
    0x08002330   0x08002330   0x0000000c   Code   RO         7019    i.Alarm_ServiceIsRinging  alarmservice.o
    0x0800233c   0x0800233c   0x00000060   Code   RO         7020    i.Alarm_ServiceSetConfig  alarmservice.o
    0x0800239c   0x0800239c   0x00000068   Code   RO         7021    i.Alarm_ServiceTask  alarmservice.o
    0x08002404   0x08002404   0x00000034   Code   RO         7022    i.Alarm_SetHardwareAlarm  alarmservice.o
    0x08002438   0x08002438   0x00000098   Code   RO         7023    i.Alarm_SuspendForegroundTasks  alarmservice.o
    0x080024d0   0x080024d0   0x00000006   Code   RO         6155    i.Alarm_Task        menu.o
    0x080024d6   0x080024d6   0x00000002   PAD
    0x080024d8   0x080024d8   0x00000020   Code   RO         6294    i.ApplyFlashlightPWM  flashlight.o
    0x080024f8   0x080024f8   0x00000014   Code   RO         6577    i.BrightnessClampPercent  screenbright.o
    0x0800250c   0x0800250c   0x00000002   Code   RO          696    i.BusFault_Handler  stm32f1xx_it.o
    0x0800250e   0x0800250e   0x00000002   PAD
    0x08002510   0x08002510   0x0000005c   Code   RO         6295    i.CCR_Set           flashlight.o
    0x0800256c   0x0800256c   0x0000002c   Code   RO         6705    i.Crash_Judge       dino.o
    0x08002598   0x08002598   0x0000000c   Code   RO          697    i.DMA1_Channel4_IRQHandler  stm32f1xx_it.o
    0x080025a4   0x080025a4   0x0000002a   Code   RO         2260    i.DMA_SetConfig     stm32f1xx_hal_dma.o
    0x080025ce   0x080025ce   0x00000002   Code   RO          698    i.DebugMon_Handler  stm32f1xx_it.o
    0x080025d0   0x080025d0   0x00000030   Code   RO         6706    i.DinoGame_Init     dino.o
    0x08002600   0x08002600   0x00000098   Code   RO         6707    i.Dino_Tick         dino.o
    0x08002698   0x08002698   0x00000058   Code   RO         6400    i.Dispatch          showmenu.o
    0x080026f0   0x080026f0   0x000000b8   Code   RO         6371    i.DrawSettingPage   setting.o
    0x080027a8   0x080027a8   0x00000006   Code   RO          699    i.EXTI0_IRQHandler  stm32f1xx_it.o
    0x080027ae   0x080027ae   0x00000006   Code   RO          700    i.EXTI1_IRQHandler  stm32f1xx_it.o
    0x080027b4   0x080027b4   0x00000006   Code   RO          701    i.EXTI4_IRQHandler  stm32f1xx_it.o
    0x080027ba   0x080027ba   0x00000006   Code   RO          702    i.EXTI9_5_IRQHandler  stm32f1xx_it.o
    0x080027c0   0x080027c0   0x00000004   Code   RO           13    i.Error_Handler     main.o
    0x080027c4   0x080027c4   0x00000006   Code   RO         6156    i.Flashlight_Task   menu.o
    0x080027ca   0x080027ca   0x00000002   PAD
    0x080027cc   0x080027cc   0x000000c0   Code   RO         6474    i.Game              game.o
    0x0800288c   0x0800288c   0x000000bc   Code   RO         6708    i.Game_Dino         dino.o
    0x08002948   0x08002948   0x00000006   Code   RO         6157    i.Game_Task         menu.o
    0x0800294e   0x0800294e   0x00000002   PAD
    0x08002950   0x08002950   0x00000022   Code   RO         6784    i.Gradienter        gradienter.o
    0x08002972   0x08002972   0x00000046   Code   RO         2261    i.HAL_DMA_Abort     stm32f1xx_hal_dma.o
    0x080029b8   0x080029b8   0x00000098   Code   RO         2262    i.HAL_DMA_Abort_IT  stm32f1xx_hal_dma.o
    0x08002a50   0x08002a50   0x00000154   Code   RO         2266    i.HAL_DMA_IRQHandler  stm32f1xx_hal_dma.o
    0x08002ba4   0x08002ba4   0x0000005c   Code   RO         2267    i.HAL_DMA_Init      stm32f1xx_hal_dma.o
    0x08002c00   0x08002c00   0x00000070   Code   RO         2271    i.HAL_DMA_Start_IT  stm32f1xx_hal_dma.o
    0x08002c70   0x08002c70   0x00000068   Code   RO         5986    i.HAL_GPIO_EXTI_Callback  key.o
    0x08002cd8   0x08002cd8   0x00000018   Code   RO         2196    i.HAL_GPIO_EXTI_IRQHandler  stm32f1xx_hal_gpio.o
    0x08002cf0   0x08002cf0   0x000001e0   Code   RO         2197    i.HAL_GPIO_Init     stm32f1xx_hal_gpio.o
    0x08002ed0   0x08002ed0   0x0000000a   Code   RO         2199    i.HAL_GPIO_ReadPin  stm32f1xx_hal_gpio.o
    0x08002eda   0x08002eda   0x00000002   PAD
    0x08002edc   0x08002edc   0x0000000c   Code   RO         1891    i.HAL_GetTick       stm32f1xx_hal.o
    0x08002ee8   0x08002ee8   0x00000188   Code   RO         2868    i.HAL_I2C_Init      stm32f1xx_hal_i2c.o
    0x08003070   0x08003070   0x0000012c   Code   RO         2881    i.HAL_I2C_Master_Transmit  stm32f1xx_hal_i2c.o
    0x0800319c   0x0800319c   0x0000025c   Code   RO         2886    i.HAL_I2C_Mem_Read  stm32f1xx_hal_i2c.o
    0x080033f8   0x080033f8   0x00000130   Code   RO         2889    i.HAL_I2C_Mem_Write  stm32f1xx_hal_i2c.o
    0x08003528   0x08003528   0x00000098   Code   RO          511    i.HAL_I2C_MspInit   i2c.o
    0x080035c0   0x080035c0   0x00000010   Code   RO         1897    i.HAL_IncTick       stm32f1xx_hal.o
    0x080035d0   0x080035d0   0x00000024   Code   RO         1898    i.HAL_Init          stm32f1xx_hal.o
    0x080035f4   0x080035f4   0x00000098   Code   RO          832    i.HAL_InitTick      stm32f1xx_hal_timebase_tim.o
    0x0800368c   0x0800368c   0x00000048   Code   RO          808    i.HAL_MspInit       stm32f1xx_hal_msp.o
    0x080036d4   0x080036d4   0x0000001a   Code   RO         2355    i.HAL_NVIC_ClearPendingIRQ  stm32f1xx_hal_cortex.o
    0x080036ee   0x080036ee   0x0000001a   Code   RO         2357    i.HAL_NVIC_EnableIRQ  stm32f1xx_hal_cortex.o
    0x08003708   0x08003708   0x00000040   Code   RO         2363    i.HAL_NVIC_SetPriority  stm32f1xx_hal_cortex.o
    0x08003748   0x08003748   0x00000024   Code   RO         2364    i.HAL_NVIC_SetPriorityGrouping  stm32f1xx_hal_cortex.o
    0x0800376c   0x0800376c   0x0000000c   Code   RO         2479    i.HAL_PWR_EnableBkUpAccess  stm32f1xx_hal_pwr.o
    0x08003778   0x08003778   0x00000020   Code   RO         2484    i.HAL_PWR_EnterSLEEPMode  stm32f1xx_hal_pwr.o
    0x08003798   0x08003798   0x00000044   Code   RO         2486    i.HAL_PWR_EnterSTOPMode  stm32f1xx_hal_pwr.o
    0x080037dc   0x080037dc   0x000000a4   Code   RO         2158    i.HAL_RCCEx_GetPeriphCLKFreq  stm32f1xx_hal_rcc_ex.o
    0x08003880   0x08003880   0x000000ec   Code   RO         2159    i.HAL_RCCEx_PeriphCLKConfig  stm32f1xx_hal_rcc_ex.o
    0x0800396c   0x0800396c   0x0000012c   Code   RO         2055    i.HAL_RCC_ClockConfig  stm32f1xx_hal_rcc.o
    0x08003a98   0x08003a98   0x00000040   Code   RO         2059    i.HAL_RCC_GetClockConfig  stm32f1xx_hal_rcc.o
    0x08003ad8   0x08003ad8   0x00000020   Code   RO         2062    i.HAL_RCC_GetPCLK1Freq  stm32f1xx_hal_rcc.o
    0x08003af8   0x08003af8   0x00000020   Code   RO         2063    i.HAL_RCC_GetPCLK2Freq  stm32f1xx_hal_rcc.o
    0x08003b18   0x08003b18   0x0000004c   Code   RO         2064    i.HAL_RCC_GetSysClockFreq  stm32f1xx_hal_rcc.o
    0x08003b64   0x08003b64   0x00000320   Code   RO         2067    i.HAL_RCC_OscConfig  stm32f1xx_hal_rcc.o
    0x08003e84   0x08003e84   0x00000010   Code   RO         3464    i.HAL_RTCEx_BKUPRead  stm32f1xx_hal_rtc_ex.o
    0x08003e94   0x08003e94   0x00000010   Code   RO         3465    i.HAL_RTCEx_BKUPWrite  stm32f1xx_hal_rtc_ex.o
    0x08003ea4   0x08003ea4   0x00000002   Code   RO         3469    i.HAL_RTCEx_RTCEventCallback  stm32f1xx_hal_rtc_ex.o
    0x08003ea6   0x08003ea6   0x00000002   Code   RO         3470    i.HAL_RTCEx_RTCEventErrorCallback  stm32f1xx_hal_rtc_ex.o
    0x08003ea8   0x08003ea8   0x0000003e   Code   RO         3471    i.HAL_RTCEx_RTCIRQHandler  stm32f1xx_hal_rtc_ex.o
    0x08003ee6   0x08003ee6   0x00000002   PAD
    0x08003ee8   0x08003ee8   0x00000050   Code   RO         7024    i.HAL_RTC_AlarmAEventCallback  alarmservice.o
    0x08003f38   0x08003f38   0x00000034   Code   RO         3295    i.HAL_RTC_AlarmIRQHandler  stm32f1xx_hal_rtc.o
    0x08003f6c   0x08003f6c   0x00000074   Code   RO         3297    i.HAL_RTC_DeactivateAlarm  stm32f1xx_hal_rtc.o
    0x08003fe0   0x08003fe0   0x0000004e   Code   RO         3299    i.HAL_RTC_GetDate   stm32f1xx_hal_rtc.o
    0x0800402e   0x0800402e   0x000000d8   Code   RO         3301    i.HAL_RTC_GetTime   stm32f1xx_hal_rtc.o
    0x08004106   0x08004106   0x00000002   PAD
    0x08004108   0x08004108   0x00000094   Code   RO         3302    i.HAL_RTC_Init      stm32f1xx_hal_rtc.o
    0x0800419c   0x0800419c   0x00000058   Code   RO          559    i.HAL_RTC_MspInit   rtc.o
    0x080041f4   0x080041f4   0x000000ec   Code   RO         3307    i.HAL_RTC_SetAlarm_IT  stm32f1xx_hal_rtc.o
    0x080042e0   0x080042e0   0x000000c4   Code   RO         3308    i.HAL_RTC_SetDate   stm32f1xx_hal_rtc.o
    0x080043a4   0x080043a4   0x000000ac   Code   RO         3309    i.HAL_RTC_SetTime   stm32f1xx_hal_rtc.o
    0x08004450   0x08004450   0x0000003a   Code   RO         3310    i.HAL_RTC_WaitForSynchro  stm32f1xx_hal_rtc.o
    0x0800448a   0x0800448a   0x00000002   PAD
    0x0800448c   0x0800448c   0x00000014   Code   RO          833    i.HAL_ResumeTick    stm32f1xx_hal_timebase_tim.o
    0x080044a0   0x080044a0   0x00000014   Code   RO          834    i.HAL_SuspendTick   stm32f1xx_hal_timebase_tim.o
    0x080044b4   0x080044b4   0x00000002   Code   RO         1613    i.HAL_TIMEx_BreakCallback  stm32f1xx_hal_tim_ex.o
    0x080044b6   0x080044b6   0x00000002   Code   RO         1614    i.HAL_TIMEx_CommutCallback  stm32f1xx_hal_tim_ex.o
    0x080044b8   0x080044b8   0x00000068   Code   RO         1632    i.HAL_TIMEx_MasterConfigSynchronization  stm32f1xx_hal_tim_ex.o
    0x08004520   0x08004520   0x0000005a   Code   RO          909    i.HAL_TIM_Base_Init  stm32f1xx_hal_tim.o
    0x0800457a   0x0800457a   0x00000002   PAD
    0x0800457c   0x0800457c   0x00000024   Code   RO          607    i.HAL_TIM_Base_MspInit  tim.o
    0x080045a0   0x080045a0   0x00000058   Code   RO          914    i.HAL_TIM_Base_Start_IT  stm32f1xx_hal_tim.o
    0x080045f8   0x080045f8   0x000000dc   Code   RO          918    i.HAL_TIM_ConfigClockSource  stm32f1xx_hal_tim.o
    0x080046d4   0x080046d4   0x00000002   Code   RO          943    i.HAL_TIM_IC_CaptureCallback  stm32f1xx_hal_tim.o
    0x080046d6   0x080046d6   0x00000130   Code   RO          957    i.HAL_TIM_IRQHandler  stm32f1xx_hal_tim.o
    0x08004806   0x08004806   0x00000002   PAD
    0x08004808   0x08004808   0x00000048   Code   RO          608    i.HAL_TIM_MspPostInit  tim.o
    0x08004850   0x08004850   0x00000002   Code   RO          960    i.HAL_TIM_OC_DelayElapsedCallback  stm32f1xx_hal_tim.o
    0x08004852   0x08004852   0x000000cc   Code   RO          981    i.HAL_TIM_PWM_ConfigChannel  stm32f1xx_hal_tim.o
    0x0800491e   0x0800491e   0x0000005a   Code   RO          984    i.HAL_TIM_PWM_Init  stm32f1xx_hal_tim.o
    0x08004978   0x08004978   0x00000002   Code   RO          986    i.HAL_TIM_PWM_MspInit  stm32f1xx_hal_tim.o
    0x0800497a   0x0800497a   0x00000002   Code   RO          987    i.HAL_TIM_PWM_PulseFinishedCallback  stm32f1xx_hal_tim.o
    0x0800497c   0x0800497c   0x0000009c   Code   RO          989    i.HAL_TIM_PWM_Start  stm32f1xx_hal_tim.o
    0x08004a18   0x08004a18   0x00000070   Code   RO          992    i.HAL_TIM_PWM_Stop  stm32f1xx_hal_tim.o
    0x08004a88   0x08004a88   0x00000014   Code   RO           14    i.HAL_TIM_PeriodElapsedCallback  main.o
    0x08004a9c   0x08004a9c   0x00000002   Code   RO         1000    i.HAL_TIM_TriggerCallback  stm32f1xx_hal_tim.o
    0x08004a9e   0x08004a9e   0x00000002   Code   RO         3578    i.HAL_UARTEx_RxEventCallback  stm32f1xx_hal_uart.o
    0x08004aa0   0x08004aa0   0x00000002   Code   RO         3592    i.HAL_UART_ErrorCallback  stm32f1xx_hal_uart.o
    0x08004aa2   0x08004aa2   0x00000002   PAD
    0x08004aa4   0x08004aa4   0x0000026c   Code   RO         3595    i.HAL_UART_IRQHandler  stm32f1xx_hal_uart.o
    0x08004d10   0x08004d10   0x00000064   Code   RO         3596    i.HAL_UART_Init     stm32f1xx_hal_uart.o
    0x08004d74   0x08004d74   0x000000b0   Code   RO          655    i.HAL_UART_MspInit  usart.o
    0x08004e24   0x08004e24   0x00000002   Code   RO         3602    i.HAL_UART_RxCpltCallback  stm32f1xx_hal_uart.o
    0x08004e26   0x08004e26   0x00000002   PAD
    0x08004e28   0x08004e28   0x00000078   Code   RO         3605    i.HAL_UART_Transmit_DMA  stm32f1xx_hal_uart.o
    0x08004ea0   0x08004ea0   0x00000002   Code   RO         3607    i.HAL_UART_TxCpltCallback  stm32f1xx_hal_uart.o
    0x08004ea2   0x08004ea2   0x00000002   Code   RO         3608    i.HAL_UART_TxHalfCpltCallback  stm32f1xx_hal_uart.o
    0x08004ea4   0x08004ea4   0x00000002   Code   RO          703    i.HardFault_Handler  stm32f1xx_it.o
    0x08004ea6   0x08004ea6   0x0000002e   Code   RO         2911    i.I2C_IsAcknowledgeFailed  stm32f1xx_hal_i2c.o
    0x08004ed4   0x08004ed4   0x0000009c   Code   RO         2915    i.I2C_MasterRequestWrite  stm32f1xx_hal_i2c.o
    0x08004f70   0x08004f70   0x000000fc   Code   RO         2921    i.I2C_RequestMemoryRead  stm32f1xx_hal_i2c.o
    0x0800506c   0x0800506c   0x000000a8   Code   RO         2922    i.I2C_RequestMemoryWrite  stm32f1xx_hal_i2c.o
    0x08005114   0x08005114   0x00000056   Code   RO         2926    i.I2C_WaitOnBTFFlagUntilTimeout  stm32f1xx_hal_i2c.o
    0x0800516a   0x0800516a   0x00000002   PAD
    0x0800516c   0x0800516c   0x00000090   Code   RO         2927    i.I2C_WaitOnFlagUntilTimeout  stm32f1xx_hal_i2c.o
    0x080051fc   0x080051fc   0x000000bc   Code   RO         2928    i.I2C_WaitOnMasterAddressFlagUntilTimeout  stm32f1xx_hal_i2c.o
    0x080052b8   0x080052b8   0x00000070   Code   RO         2929    i.I2C_WaitOnRXNEFlagUntilTimeout  stm32f1xx_hal_i2c.o
    0x08005328   0x08005328   0x00000056   Code   RO         2930    i.I2C_WaitOnTXEFlagUntilTimeout  stm32f1xx_hal_i2c.o
    0x0800537e   0x0800537e   0x00000002   PAD
    0x08005380   0x08005380   0x00000084   Code   RO         5987    i.Key               key.o
    0x08005404   0x08005404   0x0000002c   Code   RO         5988    i.Key_GetNum        key.o
    0x08005430   0x08005430   0x00000038   Code   RO         5989    i.Key_IsPressed     key.o
    0x08005468   0x08005468   0x00000006   Code   RO         6158    i.Key_Task          menu.o
    0x0800546e   0x0800546e   0x00000002   PAD
    0x08005470   0x08005470   0x000000b8   Code   RO         5990    i.Key_Tick          key.o
    0x08005528   0x08005528   0x0000002c   Code   RO         5991    i.LongPressed_Init  key.o
    0x08005554   0x08005554   0x00000026   Code   RO         6922    i.MPU6050           showangle.o
    0x0800557a   0x0800557a   0x00000002   PAD
    0x0800557c   0x0800557c   0x00000130   Code   RO         6923    i.MPU6050_Cauculate  showangle.o
    0x080056ac   0x080056ac   0x00000006   Code   RO         6066    i.MPU6050_ClearIntStatus  mpu6050.o
    0x080056b2   0x080056b2   0x0000004c   Code   RO         6067    i.MPU6050_DisableMotionWakeup  mpu6050.o
    0x080056fe   0x080056fe   0x00000060   Code   RO         6068    i.MPU6050_EnableMotionWakeup  mpu6050.o
    0x0800575e   0x0800575e   0x00000092   Code   RO         6069    i.MPU6050_GetData   mpu6050.o
    0x080057f0   0x080057f0   0x00000018   Code   RO         6071    i.MPU6050_I2C_Lock  mpu6050.o
    0x08005808   0x08005808   0x00000014   Code   RO         6072    i.MPU6050_I2C_Unlock  mpu6050.o
    0x0800581c   0x0800581c   0x00000048   Code   RO         6073    i.MPU6050_Init      mpu6050.o
    0x08005864   0x08005864   0x00000030   Code   RO         6075    i.MPU6050_ReadReg   mpu6050.o
    0x08005894   0x08005894   0x00000006   Code   RO         6159    i.MPU6050_Task      menu.o
    0x0800589a   0x0800589a   0x00000002   PAD
    0x0800589c   0x0800589c   0x0000002c   Code   RO         6076    i.MPU6050_WriteReg  mpu6050.o
    0x080058c8   0x080058c8   0x0000002c   Code   RO          486    i.MX_DMA_Init       dma.o
    0x080058f4   0x080058f4   0x00000020   Code   RO          241    i.MX_FREERTOS_Init  freertos.o
    0x08005914   0x08005914   0x000000d8   Code   RO          217    i.MX_GPIO_Init      gpio.o
    0x080059ec   0x080059ec   0x00000040   Code   RO          512    i.MX_I2C1_Init      i2c.o
    0x08005a2c   0x08005a2c   0x00000040   Code   RO          513    i.MX_I2C2_Init      i2c.o
    0x08005a6c   0x08005a6c   0x000000ec   Code   RO          560    i.MX_RTC_Init       rtc.o
    0x08005b58   0x08005b58   0x00000098   Code   RO          609    i.MX_TIM2_Init      tim.o
    0x08005bf0   0x08005bf0   0x00000038   Code   RO          656    i.MX_USART1_UART_Init  usart.o
    0x08005c28   0x08005c28   0x00000002   Code   RO          704    i.MemManage_Handler  stm32f1xx_it.o
    0x08005c2a   0x08005c2a   0x00000006   Code   RO         6160    i.Menu_Task         menu.o
    0x08005c30   0x08005c30   0x00000098   Code   RO         6578    i.Menu_Third_SetScreenBrightness  screenbright.o
    0x08005cc8   0x08005cc8   0x00000150   Code   RO         6839    i.Menu_Third_SetTime  settime.o
    0x08005e18   0x08005e18   0x000000d4   Code   RO         6814    i.Menu_Third_ShowStackWatermark  set_stackmonitor.o
    0x08005eec   0x08005eec   0x00000002   Code   RO          705    i.NMI_Handler       stm32f1xx_it.o
    0x08005eee   0x08005eee   0x00000002   PAD
    0x08005ef0   0x08005ef0   0x00000028   Code   RO         5727    i.OLED_Clear        oled.o
    0x08005f18   0x08005f18   0x0000005c   Code   RO         5728    i.OLED_ClearArea    oled.o
    0x08005f74   0x08005f74   0x0000013e   Code   RO         5730    i.OLED_DrawCircle   oled.o
    0x080060b2   0x080060b2   0x000000ea   Code   RO         5732    i.OLED_DrawLine     oled.o
    0x0800619c   0x0800619c   0x00000034   Code   RO         5733    i.OLED_DrawPoint    oled.o
    0x080061d0   0x080061d0   0x00000074   Code   RO         5734    i.OLED_DrawRectangle  oled.o
    0x08006244   0x08006244   0x000000c4   Code   RO         5735    i.OLED_DrawTriangle  oled.o
    0x08006308   0x08006308   0x0000000c   Code   RO         5736    i.OLED_GetContrast  oled.o
    0x08006314   0x08006314   0x00000028   Code   RO         5738    i.OLED_I2C_Lock     oled.o
    0x0800633c   0x0800633c   0x00000024   Code   RO         5739    i.OLED_I2C_Unlock   oled.o
    0x08006360   0x08006360   0x000000bc   Code   RO         5740    i.OLED_Init         oled.o
    0x0800641c   0x0800641c   0x0000000e   Code   RO         5742    i.OLED_Pow          oled.o
    0x0800642a   0x0800642a   0x0000002a   Code   RO         5743    i.OLED_Printf       oled.o
    0x08006454   0x08006454   0x00000058   Code   RO         5745    i.OLED_ReverseArea  oled.o
    0x080064ac   0x080064ac   0x0000001c   Code   RO         5746    i.OLED_SetContrast  oled.o
    0x080064c8   0x080064c8   0x00000022   Code   RO         5747    i.OLED_SetCursor    oled.o
    0x080064ea   0x080064ea   0x00000002   PAD
    0x080064ec   0x080064ec   0x0000005c   Code   RO         5749    i.OLED_ShowChar     oled.o
    0x08006548   0x08006548   0x000000bc   Code   RO         5752    i.OLED_ShowImage    oled.o
    0x08006604   0x08006604   0x00000046   Code   RO         5753    i.OLED_ShowNum      oled.o
    0x0800664a   0x0800664a   0x00000002   PAD
    0x0800664c   0x0800664c   0x0000017c   Code   RO         5755    i.OLED_ShowString   oled.o
    0x080067c8   0x080067c8   0x00000028   Code   RO         5756    i.OLED_Update       oled.o
    0x080067f0   0x080067f0   0x0000002c   Code   RO         5758    i.OLED_WriteCommand  oled.o
    0x0800681c   0x0800681c   0x00000044   Code   RO         5759    i.OLED_WriteData    oled.o
    0x08006860   0x08006860   0x00000074   Code   RO         5760    i.OLED_pnpoly       oled.o
    0x080068d4   0x080068d4   0x00000006   Code   RO         2489    i.PWR_OverloadWfe   stm32f1xx_hal_pwr.o
    0x080068da   0x080068da   0x00000002   PAD
    0x080068dc   0x080068dc   0x0000000c   Code   RO          706    i.RTC_Alarm_IRQHandler  stm32f1xx_it.o
    0x080068e8   0x080068e8   0x00000012   Code   RO         3311    i.RTC_Bcd2ToByte    stm32f1xx_hal_rtc.o
    0x080068fa   0x080068fa   0x00000016   Code   RO         3312    i.RTC_ByteToBcd2    stm32f1xx_hal_rtc.o
    0x08006910   0x08006910   0x000000ae   Code   RO         3313    i.RTC_DateUpdate    stm32f1xx_hal_rtc.o
    0x080069be   0x080069be   0x00000034   Code   RO         3314    i.RTC_EnterInitMode  stm32f1xx_hal_rtc.o
    0x080069f2   0x080069f2   0x00000002   PAD
    0x080069f4   0x080069f4   0x00000036   Code   RO         3315    i.RTC_ExitInitMode  stm32f1xx_hal_rtc.o
    0x08006a2a   0x08006a2a   0x00000002   PAD
    0x08006a2c   0x08006a2c   0x0000000c   Code   RO          707    i.RTC_IRQHandler    stm32f1xx_it.o
    0x08006a38   0x08006a38   0x0000000e   Code   RO         3316    i.RTC_ReadAlarmCounter  stm32f1xx_hal_rtc.o
    0x08006a46   0x08006a46   0x00000020   Code   RO         3317    i.RTC_ReadTimeCounter  stm32f1xx_hal_rtc.o
    0x08006a66   0x08006a66   0x00000002   PAD
    0x08006a68   0x08006a68   0x00000044   Code   RO          561    i.RTC_SaveDateToBackup  rtc.o
    0x08006aac   0x08006aac   0x00000056   Code   RO         3318    i.RTC_WeekDayNum    stm32f1xx_hal_rtc.o
    0x08006b02   0x08006b02   0x00000028   Code   RO         3319    i.RTC_WriteAlarmCounter  stm32f1xx_hal_rtc.o
    0x08006b2a   0x08006b2a   0x00000028   Code   RO         3320    i.RTC_WriteTimeCounter  stm32f1xx_hal_rtc.o
    0x08006b52   0x08006b52   0x00000002   PAD
    0x08006b54   0x08006b54   0x000000a0   Code   RO         7106    i.ResumeForegroundTasks  sleepmanager.o
    0x08006bf4   0x08006bf4   0x0000001a   Code   RO         7025    i.ResumeIfNeeded    alarmservice.o
    0x08006c0e   0x08006c0e   0x0000001a   Code   RO         7107    i.ResumeIfNeeded    sleepmanager.o
    0x08006c28   0x08006c28   0x00000036   Code   RO         6840    i.SetDay            settime.o
    0x08006c5e   0x08006c5e   0x00000002   PAD
    0x08006c60   0x08006c60   0x00000036   Code   RO         6841    i.SetHour           settime.o
    0x08006c96   0x08006c96   0x00000002   PAD
    0x08006c98   0x08006c98   0x00000036   Code   RO         6842    i.SetMin            settime.o
    0x08006cce   0x08006cce   0x00000002   PAD
    0x08006cd0   0x08006cd0   0x00000036   Code   RO         6843    i.SetMonth          settime.o
    0x08006d06   0x08006d06   0x00000002   PAD
    0x08006d08   0x08006d08   0x00000036   Code   RO         6844    i.SetSec            settime.o
    0x08006d3e   0x08006d3e   0x00000002   PAD
    0x08006d40   0x08006d40   0x00000090   Code   RO         6845    i.SetTime           settime.o
    0x08006dd0   0x08006dd0   0x00000036   Code   RO         6846    i.SetYear           settime.o
    0x08006e06   0x08006e06   0x00000006   Code   RO         6161    i.Set_Task          menu.o
    0x08006e0c   0x08006e0c   0x000000a4   Code   RO         6372    i.Setting           setting.o
    0x08006eb0   0x08006eb0   0x00000048   Code   RO         6401    i.ShowAnime         showmenu.o
    0x08006ef8   0x08006ef8   0x000000e4   Code   RO         6402    i.ShowAnimeFrame    showmenu.o
    0x08006fdc   0x08006fdc   0x00000058   Code   RO         6709    i.ShowBarrier       dino.o
    0x08007034   0x08007034   0x000000ac   Code   RO         6441    i.ShowClock         ui.o
    0x080070e0   0x080070e0   0x00000024   Code   RO         6710    i.ShowCloud         dino.o
    0x08007104   0x08007104   0x00000088   Code   RO         6711    i.ShowDino          dino.o
    0x0800718c   0x0800718c   0x00000038   Code   RO         6964    i.ShowFrames        showframes.o
    0x080071c4   0x080071c4   0x0000006c   Code   RO         6712    i.ShowGround        dino.o
    0x08007230   0x08007230   0x000000d0   Code   RO         6403    i.ShowMenu          showmenu.o
    0x08007300   0x08007300   0x0000001c   Code   RO         6713    i.ShowScore         dino.o
    0x0800731c   0x0800731c   0x00000048   Code   RO         6541    i.ShowTimeUI        time_task.o
    0x08007364   0x08007364   0x0000002c   Code   RO         6542    i.ShowTimeUI_Selection  time_task.o
    0x08007390   0x08007390   0x00000078   Code   RO         6847    i.ShowUI1           settime.o
    0x08007408   0x08007408   0x00000068   Code   RO         6848    i.ShowUI2           settime.o
    0x08007470   0x08007470   0x00000054   Code   RO         6714    i.ShowUI_DinoGame   dino.o
    0x080074c4   0x080074c4   0x00000098   Code   RO         6785    i.ShowUI_Level      gradienter.o
    0x0800755c   0x0800755c   0x0000007c   Code   RO         6296    i.ShowUI_Light      flashlight.o
    0x080075d8   0x080075d8   0x000000a0   Code   RO         6924    i.ShowUI_MPU6050    showangle.o
    0x08007678   0x08007678   0x00000080   Code   RO         6579    i.ShowUI_ScreenBrightness  screenbright.o
    0x080076f8   0x080076f8   0x00000084   Code   RO         6611    i.ShowUI_StopWatch  stopwach.o
    0x0800777c   0x0800777c   0x000000f4   Code   RO         6297    i.Show_Flashlight   flashlight.o
    0x08007870   0x08007870   0x000000e4   Code   RO         6347    i.Show_MPU6050      mpu6050_task.o
    0x08007954   0x08007954   0x0000009c   Code   RO         6612    i.Show_StopWatch    stopwach.o
    0x080079f0   0x080079f0   0x00000138   Code   RO         7108    i.SleepManager_Task  sleepmanager.o
    0x08007b28   0x08007b28   0x00000028   Code   RO         7109    i.SleepMgr_ArmMotionWakeup  sleepmanager.o
    0x08007b50   0x08007b50   0x00000040   Code   RO         7110    i.SleepMgr_ClearWakeIrqPending  sleepmanager.o
    0x08007b90   0x08007b90   0x0000001c   Code   RO         7111    i.SleepMgr_ConsumeWakeKeyDiscardFlagFromISR  sleepmanager.o
    0x08007bac   0x08007bac   0x0000002c   Code   RO         7112    i.SleepMgr_ReportActivity  sleepmanager.o
    0x08007bd8   0x08007bd8   0x00000038   Code   RO         7113    i.SleepMgr_ReportWakeupFromISR  sleepmanager.o
    0x08007c10   0x08007c10   0x000000a8   Code   RO         6498    i.StackMonitor_AppendLine  stackmonitor_task.o
    0x08007cb8   0x08007cb8   0x0000016c   Code   RO         6499    i.StackMonitor_PrintAll  stackmonitor_task.o
    0x08007e24   0x08007e24   0x00000010   Code   RO         6500    i.StackMonitor_Task  stackmonitor_task.o
    0x08007e34   0x08007e34   0x00000250   Code   RO          242    i.StartDefaultTask  freertos.o
    0x08008084   0x08008084   0x0000006c   Code   RO         6613    i.StopWatchControl  stopwach.o
    0x080080f0   0x080080f0   0x00000034   Code   RO         6614    i.StopWatch_Tick    stopwach.o
    0x08008124   0x08008124   0x00000024   Code   RO         7114    i.SuspendAndRecord  sleepmanager.o
    0x08008148   0x08008148   0x00000074   Code   RO         7115    i.SuspendForegroundTasks  sleepmanager.o
    0x080081bc   0x080081bc   0x00000024   Code   RO         7026    i.SuspendIfNeeded   alarmservice.o
    0x080081e0   0x080081e0   0x0000001a   Code   RO         5081    i.SysTick_Handler   cmsis_os2.o
    0x080081fa   0x080081fa   0x00000080   Code   RO           15    i.SystemClock_Config  main.o
    0x0800827a   0x0800827a   0x00000002   Code   RO         3930    i.SystemInit        system_stm32f1xx.o
    0x0800827c   0x0800827c   0x0000000c   Code   RO          708    i.TIM4_IRQHandler   stm32f1xx_it.o
    0x08008288   0x08008288   0x00000078   Code   RO         1002    i.TIM_Base_SetConfig  stm32f1xx_hal_tim.o
    0x08008300   0x08008300   0x0000001a   Code   RO         1003    i.TIM_CCxChannelCmd  stm32f1xx_hal_tim.o
    0x0800831a   0x0800831a   0x00000014   Code   RO         1013    i.TIM_ETR_SetConfig  stm32f1xx_hal_tim.o
    0x0800832e   0x0800832e   0x00000010   Code   RO         1014    i.TIM_ITRx_SetConfig  stm32f1xx_hal_tim.o
    0x0800833e   0x0800833e   0x00000002   PAD
    0x08008340   0x08008340   0x00000050   Code   RO         1015    i.TIM_OC1_SetConfig  stm32f1xx_hal_tim.o
    0x08008390   0x08008390   0x00000058   Code   RO         1016    i.TIM_OC2_SetConfig  stm32f1xx_hal_tim.o
    0x080083e8   0x080083e8   0x00000058   Code   RO         1017    i.TIM_OC3_SetConfig  stm32f1xx_hal_tim.o
    0x08008440   0x08008440   0x00000044   Code   RO         1018    i.TIM_OC4_SetConfig  stm32f1xx_hal_tim.o
    0x08008484   0x08008484   0x00000022   Code   RO         1020    i.TIM_TI1_ConfigInputStage  stm32f1xx_hal_tim.o
    0x080084a6   0x080084a6   0x00000024   Code   RO         1022    i.TIM_TI2_ConfigInputStage  stm32f1xx_hal_tim.o
    0x080084ca   0x080084ca   0x00000002   PAD
    0x080084cc   0x080084cc   0x00000070   Code   RO         6543    i.TimeUI            time_task.o
    0x0800853c   0x0800853c   0x00000006   Code   RO         6162    i.Time_Task         menu.o
    0x08008542   0x08008542   0x00000034   Code   RO         6990    i.TranAnime         trananime.o
    0x08008576   0x08008576   0x00000010   Code   RO         3609    i.UART_DMAAbortOnError  stm32f1xx_hal_uart.o
    0x08008586   0x08008586   0x0000004a   Code   RO         3610    i.UART_DMAError     stm32f1xx_hal_uart.o
    0x080085d0   0x080085d0   0x00000042   Code   RO         3615    i.UART_DMATransmitCplt  stm32f1xx_hal_uart.o
    0x08008612   0x08008612   0x0000000a   Code   RO         3617    i.UART_DMATxHalfCplt  stm32f1xx_hal_uart.o
    0x0800861c   0x0800861c   0x0000004e   Code   RO         3619    i.UART_EndRxTransfer  stm32f1xx_hal_uart.o
    0x0800866a   0x0800866a   0x0000001c   Code   RO         3620    i.UART_EndTxTransfer  stm32f1xx_hal_uart.o
    0x08008686   0x08008686   0x000000c2   Code   RO         3621    i.UART_Receive_IT   stm32f1xx_hal_uart.o
    0x08008748   0x08008748   0x000000b8   Code   RO         3622    i.UART_SetConfig    stm32f1xx_hal_uart.o
    0x08008800   0x08008800   0x000000c0   Code   RO         6442    i.UI                ui.o
    0x080088c0   0x080088c0   0x00000006   Code   RO         6163    i.UI_Task           menu.o
    0x080088c6   0x080088c6   0x00000002   PAD
    0x080088c8   0x080088c8   0x0000000c   Code   RO          709    i.USART1_IRQHandler  stm32f1xx_it.o
    0x080088d4   0x080088d4   0x00000108   Code   RO         6298    i.UpdateFilteredCCR  flashlight.o
    0x080089dc   0x080089dc   0x00000050   Code   RO         6299    i.UpdateTargetByKey  flashlight.o
    0x08008a2c   0x08008a2c   0x00000002   Code   RO          710    i.UsageFault_Handler  stm32f1xx_it.o
    0x08008a2e   0x08008a2e   0x00000028   Code   RO         7537    i.__ARM_fpclassify  m_ws.l(fpclassify.o)
    0x08008a56   0x08008a56   0x00000020   Code   RO         2370    i.__NVIC_SetPriority  stm32f1xx_hal_cortex.o
    0x08008a76   0x08008a76   0x00000002   PAD
    0x08008a78   0x08008a78   0x00000388   Code   RO         7487    i.__ieee754_rem_pio2  m_ws.l(rred.o)
    0x08008e00   0x08008e00   0x000000fc   Code   RO         7469    i.__kernel_cos      m_ws.l(cos_i.o)
    0x08008efc   0x08008efc   0x000000aa   Code   RO         7539    i.__kernel_poly     m_ws.l(poly.o)
    0x08008fa6   0x08008fa6   0x00000002   PAD
    0x08008fa8   0x08008fa8   0x000000ec   Code   RO         7492    i.__kernel_sin      m_ws.l(sin_i.o)
    0x08009094   0x08009094   0x00000006   Code   RO         7473    i.__mathlib_dbl_infnan  m_ws.l(dunder.o)
    0x0800909a   0x0800909a   0x00000004   Code   RO         7474    i.__mathlib_dbl_infnan2  m_ws.l(dunder.o)
    0x0800909e   0x0800909e   0x0000000c   Code   RO         7475    i.__mathlib_dbl_invalid  m_ws.l(dunder.o)
    0x080090aa   0x080090aa   0x00000002   PAD
    0x080090ac   0x080090ac   0x00000010   Code   RO         7478    i.__mathlib_dbl_underflow  m_ws.l(dunder.o)
    0x080090bc   0x080090bc   0x0000000e   Code   RO         7205    i._is_digit         c_w.l(__printf_wp.o)
    0x080090ca   0x080090ca   0x00000002   PAD
    0x080090cc   0x080090cc   0x00000220   Code   RO         7460    i.atan              m_ws.l(atan.o)
    0x080092ec   0x080092ec   0x00000180   Code   RO         7300    i.atan2             m_ws.l(atan2.o)
    0x0800946c   0x0800946c   0x00000074   Code   RO         4540    i.eTaskGetState     tasks.o
    0x080094e0   0x080094e0   0x0000003e   Code   RO           16    i.main              main.o
    0x0800951e   0x0800951e   0x00000002   PAD
    0x08009520   0x08009520   0x00000024   Code   RO         5097    i.osKernelInitialize  cmsis_os2.o
    0x08009544   0x08009544   0x00000038   Code   RO         5100    i.osKernelStart     cmsis_os2.o
    0x0800957c   0x0800957c   0x0000008a   Code   RO         5142    i.osThreadNew       cmsis_os2.o
    0x08009606   0x08009606   0x00000002   PAD
    0x08009608   0x08009608   0x0000005c   Code   RO         4542    i.prvAddCurrentTaskToDelayedList  tasks.o
    0x08009664   0x08009664   0x000000d0   Code   RO         4543    i.prvAddNewTaskToReadyList  tasks.o
    0x08009734   0x08009734   0x00000058   Code   RO         4907    i.prvCheckForValidListAndQueue  timers.o
    0x0800978c   0x0800978c   0x00000026   Code   RO         4139    i.prvCopyDataFromQueue  queue.o
    0x080097b2   0x080097b2   0x0000006c   Code   RO         4140    i.prvCopyDataToQueue  queue.o
    0x0800981e   0x0800981e   0x00000034   Code   RO         4544    i.prvDeleteTCB      tasks.o
    0x08009852   0x08009852   0x00000002   PAD
    0x08009854   0x08009854   0x0000004c   Code   RO         5592    i.prvHeapInit       heap_4.o
    0x080098a0   0x080098a0   0x00000060   Code   RO         4545    i.prvIdleTask       tasks.o
    0x08009900   0x08009900   0x00000016   Code   RO         4141    i.prvInitialiseMutex  queue.o
    0x08009916   0x08009916   0x00000002   PAD
    0x08009918   0x08009918   0x00000022   Code   RO         4142    i.prvInitialiseNewQueue  queue.o
    0x0800993a   0x0800993a   0x00000002   PAD
    0x0800993c   0x0800993c   0x000000b0   Code   RO         4546    i.prvInitialiseNewTask  tasks.o
    0x080099ec   0x080099ec   0x0000004e   Code   RO         4908    i.prvInitialiseNewTimer  timers.o
    0x08009a3a   0x08009a3a   0x00000002   PAD
    0x08009a3c   0x08009a3c   0x0000004c   Code   RO         5593    i.prvInsertBlockIntoFreeList  heap_4.o
    0x08009a88   0x08009a88   0x00000038   Code   RO         4909    i.prvInsertTimerInActiveList  timers.o
    0x08009ac0   0x08009ac0   0x0000001c   Code   RO         4143    i.prvIsQueueEmpty   queue.o
    0x08009adc   0x08009adc   0x000000fc   Code   RO         4910    i.prvProcessReceivedCommands  timers.o
    0x08009bd8   0x08009bd8   0x000000c0   Code   RO         4911    i.prvProcessTimerOrBlockTask  timers.o
    0x08009c98   0x08009c98   0x00000020   Code   RO         4548    i.prvResetNextTaskUnblockTime  tasks.o
    0x08009cb8   0x08009cb8   0x00000028   Code   RO         4912    i.prvSampleTimeNow  timers.o
    0x08009ce0   0x08009ce0   0x0000006c   Code   RO         4913    i.prvSwitchTimerLists  timers.o
    0x08009d4c   0x08009d4c   0x00000014   Code   RO         4549    i.prvTaskCheckFreeStackSpace  tasks.o
    0x08009d60   0x08009d60   0x00000028   Code   RO         5648    i.prvTaskExitError  port.o
    0x08009d88   0x08009d88   0x00000034   Code   RO         4550    i.prvTaskIsTaskSuspended  tasks.o
    0x08009dbc   0x08009dbc   0x00000024   Code   RO         4914    i.prvTimerTask      timers.o
    0x08009de0   0x08009de0   0x0000006a   Code   RO         4144    i.prvUnlockQueue    queue.o
    0x08009e4a   0x08009e4a   0x00000002   PAD
    0x08009e4c   0x08009e4c   0x000000dc   Code   RO         5594    i.pvPortMalloc      heap_4.o
    0x08009f28   0x08009f28   0x00000018   Code   RO         4551    i.pvTaskIncrementMutexHeldCount  tasks.o
    0x08009f40   0x08009f40   0x00000024   Code   RO         5649    i.pxPortInitialiseStack  port.o
    0x08009f64   0x08009f64   0x000000a0   Code   RO         7310    i.sin               m_ws.l(sin.o)
    0x0800a004   0x0800a004   0x00000026   Code   RO         4099    i.uxListRemove      list.o
    0x0800a02a   0x0800a02a   0x00000002   PAD
    0x0800a02c   0x0800a02c   0x00000010   Code   RO         4555    i.uxTaskGetStackHighWaterMark  tasks.o
    0x0800a03c   0x0800a03c   0x00000014   Code   RO         5154    i.vApplicationGetIdleTaskMemory  cmsis_os2.o
    0x0800a050   0x0800a050   0x00000018   Code   RO         5155    i.vApplicationGetTimerTaskMemory  cmsis_os2.o
    0x0800a068   0x0800a068   0x00000028   Code   RO          243    i.vApplicationStackOverflowHook  freertos.o
    0x0800a090   0x0800a090   0x00000016   Code   RO         4100    i.vListInitialise   list.o
    0x0800a0a6   0x0800a0a6   0x00000006   Code   RO         4101    i.vListInitialiseItem  list.o
    0x0800a0ac   0x0800a0ac   0x00000030   Code   RO         4102    i.vListInsert       list.o
    0x0800a0dc   0x0800a0dc   0x00000018   Code   RO         4103    i.vListInsertEnd    list.o
    0x0800a0f4   0x0800a0f4   0x00000040   Code   RO         5651    i.vPortEnterCritical  port.o
    0x0800a134   0x0800a134   0x00000028   Code   RO         5652    i.vPortExitCritical  port.o
    0x0800a15c   0x0800a15c   0x00000064   Code   RO         5595    i.vPortFree         heap_4.o
    0x0800a1c0   0x0800a1c0   0x00000024   Code   RO         5653    i.vPortSetupTimerInterrupt  port.o
    0x0800a1e4   0x0800a1e4   0x00000054   Code   RO         5654    i.vPortValidateInterruptPriority  port.o
    0x0800a238   0x0800a238   0x00000028   Code   RO         4150    i.vQueueAddToRegistry  queue.o
    0x0800a260   0x0800a260   0x00000044   Code   RO         4154    i.vQueueWaitForMessageRestricted  queue.o
    0x0800a2a4   0x0800a2a4   0x0000004c   Code   RO         4561    i.vTaskDelay        tasks.o
    0x0800a2f0   0x0800a2f0   0x00000090   Code   RO         4563    i.vTaskDelete       tasks.o
    0x0800a380   0x0800a380   0x00000010   Code   RO         4566    i.vTaskInternalSetTimeOutState  tasks.o
    0x0800a390   0x0800a390   0x0000000c   Code   RO         4567    i.vTaskMissedYield  tasks.o
    0x0800a39c   0x0800a39c   0x00000030   Code   RO         4569    i.vTaskPlaceOnEventList  tasks.o
    0x0800a3cc   0x0800a3cc   0x00000038   Code   RO         4570    i.vTaskPlaceOnEventListRestricted  tasks.o
    0x0800a404   0x0800a404   0x00000090   Code   RO         4572    i.vTaskPriorityDisinheritAfterTimeout  tasks.o
    0x0800a494   0x0800a494   0x0000007c   Code   RO         4575    i.vTaskResume       tasks.o
    0x0800a510   0x0800a510   0x00000088   Code   RO         4578    i.vTaskStartScheduler  tasks.o
    0x0800a598   0x0800a598   0x0000009c   Code   RO         4579    i.vTaskSuspend      tasks.o
    0x0800a634   0x0800a634   0x00000010   Code   RO         4580    i.vTaskSuspendAll   tasks.o
    0x0800a644   0x0800a644   0x0000008c   Code   RO         4581    i.vTaskSwitchContext  tasks.o
    0x0800a6d0   0x0800a6d0   0x000000a8   Code   RO         5655    i.xPortStartScheduler  port.o
    0x0800a778   0x0800a778   0x0000002c   Code   RO         5656    i.xPortSysTickHandler  port.o
    0x0800a7a4   0x0800a7a4   0x00000016   Code   RO         4157    i.xQueueCreateMutex  queue.o
    0x0800a7ba   0x0800a7ba   0x00000042   Code   RO         4159    i.xQueueGenericCreate  queue.o
    0x0800a7fc   0x0800a7fc   0x00000066   Code   RO         4160    i.xQueueGenericCreateStatic  queue.o
    0x0800a862   0x0800a862   0x00000002   PAD
    0x0800a864   0x0800a864   0x00000088   Code   RO         4161    i.xQueueGenericReset  queue.o
    0x0800a8ec   0x0800a8ec   0x00000160   Code   RO         4162    i.xQueueGenericSend  queue.o
    0x0800aa4c   0x0800aa4c   0x000000be   Code   RO         4163    i.xQueueGenericSendFromISR  queue.o
    0x0800ab0a   0x0800ab0a   0x0000003e   Code   RO         4167    i.xQueueGiveMutexRecursive  queue.o
    0x0800ab48   0x0800ab48   0x00000138   Code   RO         4172    i.xQueueReceive     queue.o
    0x0800ac80   0x0800ac80   0x00000178   Code   RO         4174    i.xQueueSemaphoreTake  queue.o
    0x0800adf8   0x0800adf8   0x00000040   Code   RO         4175    i.xQueueTakeMutexRecursive  queue.o
    0x0800ae38   0x0800ae38   0x00000074   Code   RO         4583    i.xTaskCheckForTimeOut  tasks.o
    0x0800aeac   0x0800aeac   0x0000005a   Code   RO         4584    i.xTaskCreate       tasks.o
    0x0800af06   0x0800af06   0x00000056   Code   RO         4585    i.xTaskCreateStatic  tasks.o
    0x0800af5c   0x0800af5c   0x00000104   Code   RO         4587    i.xTaskGenericNotifyFromISR  tasks.o
    0x0800b060   0x0800b060   0x0000000c   Code   RO         4588    i.xTaskGetCurrentTaskHandle  tasks.o
    0x0800b06c   0x0800b06c   0x0000001c   Code   RO         4589    i.xTaskGetSchedulerState  tasks.o
    0x0800b088   0x0800b088   0x0000000c   Code   RO         4590    i.xTaskGetTickCount  tasks.o
    0x0800b094   0x0800b094   0x00000010   Code   RO         4591    i.xTaskGetTickCountFromISR  tasks.o
    0x0800b0a4   0x0800b0a4   0x000000c8   Code   RO         4592    i.xTaskIncrementTick  tasks.o
    0x0800b16c   0x0800b16c   0x0000008c   Code   RO         4594    i.xTaskNotifyWait   tasks.o
    0x0800b1f8   0x0800b1f8   0x00000080   Code   RO         4595    i.xTaskPriorityDisinherit  tasks.o
    0x0800b278   0x0800b278   0x00000078   Code   RO         4596    i.xTaskPriorityInherit  tasks.o
    0x0800b2f0   0x0800b2f0   0x00000070   Code   RO         4597    i.xTaskRemoveFromEventList  tasks.o
    0x0800b360   0x0800b360   0x000000c4   Code   RO         4598    i.xTaskResumeAll    tasks.o
    0x0800b424   0x0800b424   0x00000034   Code   RO         4921    i.xTimerCreate      timers.o
    0x0800b458   0x0800b458   0x00000060   Code   RO         4923    i.xTimerCreateTimerTask  timers.o
    0x0800b4b8   0x0800b4b8   0x00000068   Code   RO         4924    i.xTimerGenericCommand  timers.o
    0x0800b520   0x0800b520   0x0000002c   Code   RO         7581    locale$$code        c_w.l(lc_numeric_c.o)
    0x0800b54c   0x0800b54c   0x0000002c   Code   RO         7606    locale$$code        c_w.l(lc_ctype_c.o)
    0x0800b578   0x0800b578   0x00000062   Code   RO         7239    x$fpl$d2f           fz_ws.l(d2f.o)
    0x0800b5da   0x0800b5da   0x00000002   PAD
    0x0800b5dc   0x0800b5dc   0x00000150   Code   RO         7241    x$fpl$dadd          fz_ws.l(daddsub_clz.o)
    0x0800b72c   0x0800b72c   0x00000010   Code   RO         7595    x$fpl$dcheck1       fz_ws.l(dcheck1.o)
    0x0800b73c   0x0800b73c   0x000002b0   Code   RO         7248    x$fpl$ddiv          fz_ws.l(ddiv.o)
    0x0800b9ec   0x0800b9ec   0x0000005e   Code   RO         7251    x$fpl$dfix          fz_ws.l(dfix.o)
    0x0800ba4a   0x0800ba4a   0x00000002   PAD
    0x0800ba4c   0x0800ba4c   0x0000005a   Code   RO         7255    x$fpl$dfixu         fz_ws.l(dfixu.o)
    0x0800baa6   0x0800baa6   0x0000002e   Code   RO         7260    x$fpl$dflt          fz_ws.l(dflt_clz.o)
    0x0800bad4   0x0800bad4   0x00000026   Code   RO         7259    x$fpl$dfltu         fz_ws.l(dflt_clz.o)
    0x0800bafa   0x0800bafa   0x00000002   PAD
    0x0800bafc   0x0800bafc   0x00000154   Code   RO         7267    x$fpl$dmul          fz_ws.l(dmul.o)
    0x0800bc50   0x0800bc50   0x0000009c   Code   RO         7438    x$fpl$dnaninf       fz_ws.l(dnaninf.o)
    0x0800bcec   0x0800bcec   0x0000000c   Code   RO         7440    x$fpl$dretinf       fz_ws.l(dretinf.o)
    0x0800bcf8   0x0800bcf8   0x00000016   Code   RO         7242    x$fpl$drsb          fz_ws.l(daddsub_clz.o)
    0x0800bd0e   0x0800bd0e   0x00000002   PAD
    0x0800bd10   0x0800bd10   0x000001d4   Code   RO         7243    x$fpl$dsub          fz_ws.l(daddsub_clz.o)
    0x0800bee4   0x0800bee4   0x00000056   Code   RO         7271    x$fpl$f2d           fz_ws.l(f2d.o)
    0x0800bf3a   0x0800bf3a   0x00000002   PAD
    0x0800bf3c   0x0800bf3c   0x000000c4   Code   RO         7273    x$fpl$fadd          fz_ws.l(faddsub_clz.o)
    0x0800c000   0x0800c000   0x00000018   Code   RO         7444    x$fpl$fcmpinf       fz_ws.l(fcmpi.o)
    0x0800c018   0x0800c018   0x00000184   Code   RO         7280    x$fpl$fdiv          fz_ws.l(fdiv.o)
    0x0800c19c   0x0800c19c   0x0000003e   Code   RO         7283    x$fpl$ffixu         fz_ws.l(ffixu.o)
    0x0800c1da   0x0800c1da   0x00000002   PAD
    0x0800c1dc   0x0800c1dc   0x00000030   Code   RO         7288    x$fpl$fflt          fz_ws.l(fflt_clz.o)
    0x0800c20c   0x0800c20c   0x00000026   Code   RO         7287    x$fpl$ffltu         fz_ws.l(fflt_clz.o)
    0x0800c232   0x0800c232   0x00000002   PAD
    0x0800c234   0x0800c234   0x00000068   Code   RO         7293    x$fpl$fleqf         fz_ws.l(fleqf.o)
    0x0800c29c   0x0800c29c   0x00000102   Code   RO         7295    x$fpl$fmul          fz_ws.l(fmul.o)
    0x0800c39e   0x0800c39e   0x0000008c   Code   RO         7446    x$fpl$fnaninf       fz_ws.l(fnaninf.o)
    0x0800c42a   0x0800c42a   0x0000000a   Code   RO         7448    x$fpl$fretinf       fz_ws.l(fretinf.o)
    0x0800c434   0x0800c434   0x00000062   Code   RO         7297    x$fpl$frleqf        fz_ws.l(frleqf.o)
    0x0800c496   0x0800c496   0x00000002   PAD
    0x0800c498   0x0800c498   0x000000ea   Code   RO         7275    x$fpl$fsub          fz_ws.l(faddsub_clz.o)
    0x0800c582   0x0800c582   0x00000004   Code   RO         7450    x$fpl$printf1       fz_ws.l(printf1.o)
    0x0800c586   0x0800c586   0x00000004   Code   RO         7452    x$fpl$printf2       fz_ws.l(printf2.o)
    0x0800c58a   0x0800c58a   0x00000064   Code   RO         7612    x$fpl$retnan        fz_ws.l(retnan.o)
    0x0800c5ee   0x0800c5ee   0x0000005c   Code   RO         7535    x$fpl$scalbn        fz_ws.l(scalbn.o)
    0x0800c64a   0x0800c64a   0x00000030   Code   RO         7630    x$fpl$trapveneer    fz_ws.l(trapv.o)
    0x0800c67a   0x0800c67a   0x00000000   Code   RO         7458    x$fpl$usenofp       fz_ws.l(usenofp.o)
    0x0800c67a   0x0800c67a   0x00000002   PAD
    0x0800c67c   0x0800c67c   0x00000024   Data   RO          244    .constdata          freertos.o
    0x0800c6a0   0x0800c6a0   0x00000012   Data   RO         2068    .constdata          stm32f1xx_hal_rcc.o
    0x0800c6b2   0x0800c6b2   0x00000012   Data   RO         2160    .constdata          stm32f1xx_hal_rcc_ex.o
    0x0800c6c4   0x0800c6c4   0x00000010   Data   RO         3931    .constdata          system_stm32f1xx.o
    0x0800c6d4   0x0800c6d4   0x00000008   Data   RO         3932    .constdata          system_stm32f1xx.o
    0x0800c6dc   0x0800c6dc   0x00000060   Data   RO         5762    .constdata          oled.o
    0x0800c73c   0x0800c73c   0x000005f0   Data   RO         5959    .constdata          oled_data.o
    0x0800cd2c   0x0800cd2c   0x0000023a   Data   RO         5960    .constdata          oled_data.o
    0x0800cf66   0x0800cf66   0x00000d5c   Data   RO         5961    .constdata          oled_data.o
    0x0800dcc2   0x0800dcc2   0x0000066d   Data   RO         5962    .constdata          oled_data.o
    0x0800e32f   0x0800e32f   0x00000020   Data   RO         5964    .constdata          oled_data.o
    0x0800e34f   0x0800e34f   0x00000380   Data   RO         5965    .constdata          oled_data.o
    0x0800e6cf   0x0800e6cf   0x00000108   Data   RO         5966    .constdata          oled_data.o
    0x0800e7d7   0x0800e7d7   0x00000100   Data   RO         5967    .constdata          oled_data.o
    0x0800e8d7   0x0800e8d7   0x00000030   Data   RO         5968    .constdata          oled_data.o
    0x0800e907   0x0800e907   0x00000040   Data   RO         5969    .constdata          oled_data.o
    0x0800e947   0x0800e947   0x00000090   Data   RO         5970    .constdata          oled_data.o
    0x0800e9d7   0x0800e9d7   0x00000011   Data   RO         7213    .constdata          c_w.l(__printf_flags_ss_wp.o)
    0x0800e9e8   0x0800e9e8   0x00000008   Data   RO         7335    .constdata          c_w.l(_printf_wctomb.o)
    0x0800e9f0   0x0800e9f0   0x00000028   Data   RO         7364    .constdata          c_w.l(_printf_hex_int_ll_ptr.o)
    0x0800ea18   0x0800ea18   0x00000098   Data   RO         7461    .constdata          m_ws.l(atan.o)
    0x0800eab0   0x0800eab0   0x00000030   Data   RO         7470    .constdata          m_ws.l(cos_i.o)
    0x0800eae0   0x0800eae0   0x00000008   Data   RO         7486    .constdata          m_ws.l(qnan.o)
    0x0800eae8   0x0800eae8   0x000000c8   Data   RO         7489    .constdata          m_ws.l(rred.o)
    0x0800ebb0   0x0800ebb0   0x00000028   Data   RO         7493    .constdata          m_ws.l(sin_i.o)
    0x0800ebd8   0x0800ebd8   0x00000026   Data   RO         7523    .constdata          c_w.l(_printf_fp_hex.o)
    0x0800ebfe   0x0800ebfe   0x00000002   PAD
    0x0800ec00   0x0800ec00   0x00000094   Data   RO         7556    .constdata          c_w.l(bigflt0.o)
    0x0800ec94   0x0800ec94   0x0000000c   Data   RO          245    .conststring        freertos.o
    0x0800eca0   0x0800eca0   0x00000020   Data   RO         7677    Region$$Table       anon$$obj.o
    0x0800ecc0   0x0800ecc0   0x0000001c   Data   RO         7580    locale$$data        c_w.l(lc_numeric_c.o)
    0x0800ecdc   0x0800ecdc   0x00000110   Data   RO         7605    locale$$data        c_w.l(lc_ctype_c.o)


    Execution Region RW_IRAM1 (Exec base: 0x20000000, Load base: 0x0800edec, Size: 0x00004620, Max: 0x00005000, ABSOLUTE, COMPRESSED[0x00000038])

    Exec Addr    Load Addr    Size         Type   Attr      Idx    E Section Name        Object

    0x20000000   COMPRESSED   0x0000003c   Data   RW          246    .data               freertos.o
    0x2000003c   COMPRESSED   0x00000004   Data   RW          247    .data               freertos.o
    0x20000040   COMPRESSED   0x0000000c   Data   RW         1905    .data               stm32f1xx_hal.o
    0x2000004c   COMPRESSED   0x00000004   Data   RW         3933    .data               system_stm32f1xx.o
    0x20000050   COMPRESSED   0x0000003c   Data   RW         4601    .data               tasks.o
    0x2000008c   COMPRESSED   0x00000014   Data   RW         4932    .data               timers.o
    0x200000a0   COMPRESSED   0x00000004   Data   RW         5158    .data               cmsis_os2.o
    0x200000a4   COMPRESSED   0x00000020   Data   RW         5601    .data               heap_4.o
    0x200000c4   COMPRESSED   0x0000000c   Data   RW         5657    .data               port.o
    0x200000d0   COMPRESSED   0x00000008   Data   RW         5763    .data               oled.o
    0x200000d8   COMPRESSED   0x00000004   Data   RW         5992    .data               key.o
    0x200000dc   COMPRESSED   0x00000004   Data   RW         6077    .data               mpu6050.o
    0x200000e0   COMPRESSED   0x0000000c   Data   RW         6300    .data               flashlight.o
    0x200000ec   COMPRESSED   0x00000006   Data   RW         6404    .data               showmenu.o
    0x200000f2   COMPRESSED   0x00000007   Data   RW         6443    .data               ui.o
    0x200000f9   COMPRESSED   0x00000004   Data   RW         6615    .data               stopwach.o
    0x200000fd   COMPRESSED   0x00000003   PAD
    0x20000100   COMPRESSED   0x00000020   Data   RW         6715    .data               dino.o
    0x20000120   COMPRESSED   0x00000001   Data   RW         6815    .data               set_stackmonitor.o
    0x20000121   COMPRESSED   0x00000002   Data   RW         6850    .data               settime.o
    0x20000123   COMPRESSED   0x00000005   PAD
    0x20000128   COMPRESSED   0x00000040   Data   RW         6925    .data               showangle.o
    0x20000168   COMPRESSED   0x00000008   Data   RW         6965    .data               showframes.o
    0x20000170   COMPRESSED   0x00000008   Data   RW         7027    .data               alarmservice.o
    0x20000178   COMPRESSED   0x0000001c   Data   RW         7116    .data               sleepmanager.o
    0x20000194        -       0x000000a8   Zero   RW          514    .bss                i2c.o
    0x2000023c        -       0x00000014   Zero   RW          562    .bss                rtc.o
    0x20000250        -       0x00000048   Zero   RW          610    .bss                tim.o
    0x20000298        -       0x0000008c   Zero   RW          657    .bss                usart.o
    0x20000324        -       0x00000048   Zero   RW          835    .bss                stm32f1xx_hal_timebase_tim.o
    0x2000036c        -       0x00000040   Zero   RW         4176    .bss                queue.o
    0x200003ac        -       0x000004c4   Zero   RW         4600    .bss                tasks.o
    0x20000870        -       0x00000118   Zero   RW         4931    .bss                timers.o
    0x20000988        -       0x000006b8   Zero   RW         5157    .bss                cmsis_os2.o
    0x20001040        -       0x00002800   Zero   RW         5600    .bss                heap_4.o
    0x20003840        -       0x00000400   Zero   RW         5761    .bss                oled.o
    0x20003c40        -       0x00000280   Zero   RW         6501    .bss                stackmonitor_task.o
    0x20003ec0        -       0x00000018   Zero   RW         6849    .bss                settime.o
    0x20003ed8        -       0x000000e4   Zero   RW         7220    .bss                c_w.l(rand.o)
    0x20003fbc        -       0x00000060   Zero   RW         7542    .bss                c_w.l(libspace.o)
    0x2000401c   COMPRESSED   0x00000004   PAD
    0x20004020        -       0x00000200   Zero   RW            2    HEAP                startup_stm32f103xb.o
    0x20004220        -       0x00000400   Zero   RW            1    STACK               startup_stm32f103xb.o


==============================================================================

Image component sizes


      Code (inc. data)   RO Data    RW Data    ZI Data      Debug   Object Name

       874        120          0          8          0       7561   alarmservice.o
       928        136          0          0          0       4252   alarmui.o
       300         22          0          4       1720      43253   cmsis_os2.o
       912        114          0         32          0       5877   dino.o
        44          4          0          0          0        722   dma.o
         0          0          0          0          0      19488   event_groups.o
       836         92          0         12          0       4543   flashlight.o
       664        268         48         64          0     363598   freertos.o
       192         20          0          0          0        591   game.o
       216         20          0          0          0        951   gpio.o
       186         20          0          0          0        952   gradienter.o
       472         24          0         32      10240       4655   heap_4.o
       280         46          0          0        168       2194   i2c.o
       564         54          0          4          0       9339   key.o
       138          0          0          0          0       3290   list.o
       214          6          0          0          0     451196   main.o
        54          0          0          0          0       5258   menu.o
       532         26          0          4          0       5332   mpu6050.o
       228         38          0          0          0        991   mpu6050_task.o
      2528        104         96          8       1024      18228   oled.o
         0          0       8859          0          0       1468   oled_data.o
       662         70          0         12          0      10525   port.o
      2126         24          0          0         64      22346   queue.o
       392         26          0          0         20       2598   rtc.o
       300         18          0          0          0       2565   screenbright.o
       212         18          0          1          0       1184   set_stackmonitor.o
      1028        120          0          2         24       6014   settime.o
       348         64          0          0          0       1414   setting.o
       502         56          0         64          0       3053   showangle.o
        56          4          0          8          0        701   showframes.o
       596         70          0          6          0       2803   showmenu.o
       882        116          0         28          0       6453   sleepmanager.o
       548        272          0          0        640       2576   stackmonitor_task.o
        64         26        236          0       1536        792   startup_stm32f103xb.o
        64         14          0         12          0       4534   stm32f1xx_hal.o
       184         14          0          0          0      28749   stm32f1xx_hal_cortex.o
       808         36          0          0          0       4866   stm32f1xx_hal_dma.o
       514         40          0          0          0       3414   stm32f1xx_hal_gpio.o
      2838         72          0          0          0      14744   stm32f1xx_hal_i2c.o
        72         10          0          0          0        834   stm32f1xx_hal_msp.o
       118         18          0          0          0       2148   stm32f1xx_hal_pwr.o
      1304         94         18          0          0       5625   stm32f1xx_hal_rcc.o
       400         28         18          0          0       2417   stm32f1xx_hal_rcc_ex.o
      1804         32          0          0          0      14766   stm32f1xx_hal_rtc.o
        98         10          0          0          0       3248   stm32f1xx_hal_rtc_ex.o
      1850         60          0          0          0      16449   stm32f1xx_hal_tim.o
       108         12          0          0          0       2337   stm32f1xx_hal_tim_ex.o
       192         32          0          0         72       2318   stm32f1xx_hal_timebase_tim.o
      1500         24          0          0          0      11326   stm32f1xx_hal_uart.o
        96         30          0          0          0       6252   stm32f1xx_it.o
       448         62          0          4          0       2400   stopwach.o
         0          0          0          0          0       9508   stream_buffer.o
         2          0         24          4          0       1067   system_stm32f1xx.o
      3468        288          0         60       1220      37287   tasks.o
       260         20          0          0         72       2208   tim.o
       228         28          0          0          0       1501   time_task.o
      1102         80          0         20        280      33494   timers.o
        52          0          0          0          0        532   trananime.o
       364         62          0          7          0       1401   ui.o
       232         28          0          0        140       1717   usart.o

    ----------------------------------------------------------------------
     36072       3092       9331        404      17220    1231905   Object Totals
         0          0         32          0          0          0   (incl. Generated)
        88          0          0          8          0          0   (incl. Padding)

    ----------------------------------------------------------------------

      Code (inc. data)   RO Data    RW Data    ZI Data      Debug   Library Member Name

        56          6          0          0          0         88   __2snprintf.o
        58          0          0          0          0          0   __dczerorl.o
         8          0          0          0          0         68   __main.o
       392          4         17          0          0         92   __printf_flags_ss_wp.o
        14          0          0          0          0         68   __printf_wp.o
         0          0          0          0          0          0   __rtentry.o
        12          0          0          0          0          0   __rtentry2.o
         6          0          0          0          0          0   __rtentry4.o
        52          8          0          0          0          0   __scatter.o
        28          0          0          0          0          0   __scatter_zi.o
         6          0          0          0          0          0   _printf_a.o
         6          0          0          0          0          0   _printf_c.o
        44          0          0          0          0        108   _printf_char.o
        48          6          0          0          0         96   _printf_char_common.o
        40          0          0          0          0         68   _printf_charcount.o
         6          0          0          0          0          0   _printf_d.o
       120         16          0          0          0         92   _printf_dec.o
         6          0          0          0          0          0   _printf_e.o
         6          0          0          0          0          0   _printf_f.o
      1054          0          0          0          0        216   _printf_fp_dec.o
       764          8         38          0          0        100   _printf_fp_hex.o
       128         16          0          0          0         84   _printf_fp_infnan.o
         6          0          0          0          0          0   _printf_g.o
       148          4         40          0          0        160   _printf_hex_int_ll_ptr.o
         6          0          0          0          0          0   _printf_i.o
       178          0          0          0          0         88   _printf_intcommon.o
        10          0          0          0          0          0   _printf_l.o
         6          0          0          0          0          0   _printf_lc.o
        10          0          0          0          0          0   _printf_ll.o
         6          0          0          0          0          0   _printf_lld.o
         6          0          0          0          0          0   _printf_lli.o
         6          0          0          0          0          0   _printf_llo.o
         6          0          0          0          0          0   _printf_llu.o
         6          0          0          0          0          0   _printf_llx.o
       124         16          0          0          0         92   _printf_longlong_dec.o
         6          0          0          0          0          0   _printf_ls.o
         6          0          0          0          0          0   _printf_n.o
         6          0          0          0          0          0   _printf_o.o
       112         10          0          0          0        124   _printf_oct_int_ll.o
         6          0          0          0          0          0   _printf_p.o
        78          0          0          0          0        108   _printf_pad.o
         0          0          0          0          0          0   _printf_percent.o
         4          0          0          0          0          0   _printf_percent_end.o
         6          0          0          0          0          0   _printf_s.o
        82          0          0          0          0         80   _printf_str.o
        36          0          0          0          0         84   _printf_truncate.o
         6          0          0          0          0          0   _printf_u.o
        44          0          0          0          0        108   _printf_wchar.o
       188          6          8          0          0         92   _printf_wctomb.o
         6          0          0          0          0          0   _printf_x.o
        22          0          0          0          0        100   _rserrno.o
        16          0          0          0          0         68   _snputc.o
        10          0          0          0          0         68   _sputc.o
        64          0          0          0          0         92   _wcrtomb.o
        16          0          0          0          0         68   aeabi_memset.o
       228          4        148          0          0         96   bigflt0.o
      1936        128          0          0          0        672   btod.o
        18          0          0          0          0         80   exit.o
         6          0          0          0          0        152   heapauxi.o
         0          0          0          0          0          0   indicate_semi.o
        44         10        272          0          0         76   lc_ctype_c.o
        44         10         28          0          0         76   lc_numeric_c.o
         2          0          0          0          0          0   libinit.o
        34          0          0          0          0          0   libinit2.o
         2          0          0          0          0          0   libshutdown.o
         2          0          0          0          0          0   libshutdown2.o
         8          4          0          0         96         68   libspace.o
       138          0          0          0          0         80   lludiv10.o
       112         18          0          0        228        160   rand.o
        16          4          0          0          0         76   rt_ctype_table.o
         8          4          0          0          0         68   rt_errno_addr_intlibspace.o
         8          4          0          0          0         68   rt_locale_intlibspace.o
        68          0          0          0          0         68   rt_memclr.o
        78          0          0          0          0         80   rt_memclr_w.o
       138          0          0          0          0         68   rt_memcpy_v6.o
       100          0          0          0          0         80   rt_memcpy_w.o
         2          0          0          0          0          0   rtexit.o
        10          0          0          0          0          0   rtexit2.o
       128          0          0          0          0         68   strcmpv7m.o
        62          0          0          0          0         76   strlen.o
        12          4          0          0          0         68   sys_exit.o
        74          0          0          0          0         80   sys_stackheap_outer.o
         2          0          0          0          0         68   use_no_semi.o
        36          4          0          0          0         76   vsprintf.o
        98          4          0          0          0         92   d2f.o
       826         16          0          0          0        348   daddsub_clz.o
        16          4          0          0          0         68   dcheck1.o
       688        140          0          0          0        208   ddiv.o
        94          4          0          0          0         92   dfix.o
        90          4          0          0          0         92   dfixu.o
        84          0          0          0          0        136   dflt_clz.o
       340         12          0          0          0        104   dmul.o
       156          4          0          0          0         92   dnaninf.o
        12          0          0          0          0         68   dretinf.o
        86          4          0          0          0         84   f2d.o
       430          8          0          0          0        168   faddsub_clz.o
        24          0          0          0          0         68   fcmpi.o
       388         76          0          0          0         96   fdiv.o
        62          4          0          0          0         84   ffixu.o
        86          0          0          0          0        136   fflt_clz.o
       104          4          0          0          0         84   fleqf.o
       258          4          0          0          0         84   fmul.o
       140          4          0          0          0         84   fnaninf.o
        10          0          0          0          0         68   fretinf.o
        98          0          0          0          0         68   frleqf.o
         4          0          0          0          0         68   printf1.o
         4          0          0          0          0         68   printf2.o
       100          0          0          0          0         68   retnan.o
        92          0          0          0          0         68   scalbn.o
        48          0          0          0          0         68   trapv.o
         0          0          0          0          0          0   usenofp.o
       544         70        152          0          0        124   atan.o
       384         38          0          0          0        144   atan2.o
       252         22         48          0          0        124   cos_i.o
        38          6          0          0          0        272   dunder.o
        40          0          0          0          0         68   fpclassify.o
       170          0          0          0          0         96   poly.o
         0          0          8          0          0          0   qnan.o
       904         76        200          0          0        140   rred.o
       160         10          0          0          0        108   sin.o
       236         12         40          0          0        128   sin_i.o

    ----------------------------------------------------------------------
     14504        820       1001          0        328       8684   Library Totals
        36          0          2          0          4          0   (incl. Padding)

    ----------------------------------------------------------------------

      Code (inc. data)   RO Data    RW Data    ZI Data      Debug   Library Name

      7402        294        551          0        324       4816   c_w.l
      4338        292          0          0          0       2664   fz_ws.l
      2728        234        448          0          0       1204   m_ws.l

    ----------------------------------------------------------------------
     14504        820       1001          0        328       8684   Library Totals

    ----------------------------------------------------------------------

==============================================================================


      Code (inc. data)   RO Data    RW Data    ZI Data      Debug   

     50576       3912      10332        404      17548    1216665   Grand Totals
     50576       3912      10332         56      17548    1216665   ELF Image Totals (compressed)
     50576       3912      10332         56          0          0   ROM Totals

==============================================================================

    Total RO  Size (Code + RO Data)                60908 (  59.48kB)
    Total RW  Size (RW Data + ZI Data)             17952 (  17.53kB)
    Total ROM Size (Code + RO Data + RW Data)      60964 (  59.54kB)

==============================================================================

