<html>
<body>
<pre>
<h1>µVision Build Log</h1>
<h2>Tool Versions:</h2>
IDE-Version: ¦ÌVision V5.24.2.0
Copyright (C) 2017 ARM Ltd and ARM Germany GmbH. All rights reserved.
License Information: zou lihua, lihua, LIC=585FJ-UGGT9-RAEDM-XQPV6-9WMZ5-852TF
 
Tool Versions:
Toolchain:       MDK-ARM Plus  Version: 5.24.1
Toolchain Path:  D:\keil\ARM\ARMCC\Bin
C Compiler:      Armcc.exe V5.06 update 5 (build 528)
Assembler:       Armasm.exe V5.06 update 5 (build 528)
Linker/Locator:  ArmLink.exe V5.06 update 5 (build 528)
Library Manager: ArmAr.exe V5.06 update 5 (build 528)
Hex Converter:   FromElf.exe V5.06 update 5 (build 528)
CPU DLL:         SARMCM3.DLL V5.24.1
Dialog DLL:      DCM.DLL V1.16.0.0
Target DLL:      STLink\ST-LINKIII-KEIL_SWO.dll V3.0.1.0
Dialog DLL:      TCM.DLL V1.32.0.0
 
<h2>Project:</h2>
D:\Desk\Watch\STM32HAL\STM32_Watch_Rewrite\MDK-ARM\STM32_Watch_Rewrite.uvprojx
Project File Date:  05/30/2026

<h2>Output:</h2>
*** Using Compiler 'V5.06 update 5 (build 528)', folder: 'D:\keil\ARM\ARMCC\Bin'
Build target 'STM32_Watch_Rewrite'
compiling button.c...
../User/Middlewares/Button/button.h(92): warning:  #1-D: last line of file ends without a newline
  #endif /* BUTTON_H */
../User/Middlewares/Button/button.c(21): warning:  #223-D: function "Error_Handler" declared implicitly
      
uttonASSERT(btn != NULL);
../User/Middlewares/Button/button.c(22): warning:  #223-D: function "Error_Handler" declared implicitly
      
uttonASSERT(read_pin != NULL);
../User/Middlewares/Button/button.c(38): warning:  #223-D: function "Error_Handler" declared implicitly
      
uttonASSERT(btn != NULL);
../User/Middlewares/Button/button.c(53): warning:  #223-D: function "Error_Handler" declared implicitly
      
uttonASSERT(btn != NULL);
../User/Middlewares/Button/button.c(67): warning:  #223-D: function "Error_Handler" declared implicitly
      
uttonASSERT(btn != NULL);
../User/Middlewares/Button/button.c(123): warning:  #1-D: last line of file ends without a newline
  }
../User/Middlewares/Button/button.c: 7 warnings, 0 errors
linking...
Program Size: Code=32748 RO-data=884 RW-data=212 ZI-data=15900  
FromELF: creating hex file...
"STM32_Watch_Rewrite\STM32_Watch_Rewrite.axf" - 0 Error(s), 7 Warning(s).

<h2>Software Packages used:</h2>

Package Vendor: ARM
                http://www.keil.com/pack/ARM.CMSIS.5.0.1.pack
                ARM.CMSIS.5.0.1
                CMSIS (Cortex Microcontroller Software Interface Standard)
   * Component: CORE Version: 5.0.1

Package Vendor: Keil
                http://www.keil.com/pack/Keil.STM32F1xx_DFP.2.2.0.pack
                Keil.STM32F1xx_DFP.2.2.0
                STMicroelectronics STM32F1 Series Device Support, Drivers and Examples

<h2>Collection of Component include folders:</h2>
  .\RTE\_STM32_Watch_Rewrite
  D:\keil\ARM\PACK\ARM\CMSIS\5.0.1\CMSIS\Include
  D:\keil\ARM\PACK\Keil\STM32F1xx_DFP\2.2.0\Device\Include

<h2>Collection of Component Files used:</h2>

   * Component: ARM::CMSIS:CORE:5.0.1
Build Time Elapsed:  00:00:01
</pre>
</body>
</html>
