Component: ARM Compiler 5.06 update 5 (build 528) Tool: armlink [4d35e2]

==============================================================================

Section Cross References

    startup_stm32f103xb.o(STACK) refers (Special) to heapauxi.o(.text) for __use_two_region_memory
    startup_stm32f103xb.o(HEAP) refers (Special) to heapauxi.o(.text) for __use_two_region_memory
    startup_stm32f103xb.o(RESET) refers (Special) to heapauxi.o(.text) for __use_two_region_memory
    startup_stm32f103xb.o(RESET) refers to startup_stm32f103xb.o(STACK) for __initial_sp
    startup_stm32f103xb.o(RESET) refers to startup_stm32f103xb.o(.text) for Reset_Handler
    startup_stm32f103xb.o(RESET) refers to stm32f1xx_it.o(i.NMI_Handler) for NMI_Handler
    startup_stm32f103xb.o(RESET) refers to stm32f1xx_it.o(.emb_text) for HardFault_Handler
    startup_stm32f103xb.o(RESET) refers to stm32f1xx_it.o(i.MemManage_Handler) for MemManage_Handler
    startup_stm32f103xb.o(RESET) refers to stm32f1xx_it.o(i.BusFault_Handler) for BusFault_Handler
    startup_stm32f103xb.o(RESET) refers to stm32f1xx_it.o(i.UsageFault_Handler) for UsageFault_Handler
    startup_stm32f103xb.o(RESET) refers to port.o(.emb_text) for SVC_Handler
    startup_stm32f103xb.o(RESET) refers to stm32f1xx_it.o(i.DebugMon_Handler) for DebugMon_Handler
    startup_stm32f103xb.o(RESET) refers to port.o(i.SysTick_Handler) for SysTick_Handler
    startup_stm32f103xb.o(RESET) refers to stm32f1xx_it.o(i.RTC_IRQHandler) for RTC_IRQHandler
    startup_stm32f103xb.o(RESET) refers to stm32f1xx_it.o(i.DMA1_Channel4_IRQHandler) for DMA1_Channel4_IRQHandler
    startup_stm32f103xb.o(RESET) refers to stm32f1xx_it.o(i.TIM4_IRQHandler) for TIM4_IRQHandler
    startup_stm32f103xb.o(RESET) refers to stm32f1xx_it.o(i.USART1_IRQHandler) for USART1_IRQHandler
    startup_stm32f103xb.o(.text) refers (Special) to heapauxi.o(.text) for __use_two_region_memory
    startup_stm32f103xb.o(.text) refers to system_stm32f1xx.o(i.SystemInit) for SystemInit
    startup_stm32f103xb.o(.text) refers to __main.o(!!!main) for __main
    startup_stm32f103xb.o(.text) refers to startup_stm32f103xb.o(HEAP) for Heap_Mem
    startup_stm32f103xb.o(.text) refers to startup_stm32f103xb.o(STACK) for Stack_Mem
    main.o(i.Error_Handler) refers to serial.o(i.serial_send_blocking) for serial_send_blocking
    main.o(i.HAL_TIM_PeriodElapsedCallback) refers to stm32f1xx_hal.o(i.HAL_IncTick) for HAL_IncTick
    main.o(i.SystemClock_Config) refers to rt_memclr_w.o(.text) for __aeabi_memclr4
    main.o(i.SystemClock_Config) refers to stm32f1xx_hal_rcc.o(i.HAL_RCC_OscConfig) for HAL_RCC_OscConfig
    main.o(i.SystemClock_Config) refers to stm32f1xx_hal_rcc.o(i.HAL_RCC_ClockConfig) for HAL_RCC_ClockConfig
    main.o(i.SystemClock_Config) refers to stm32f1xx_hal_rcc_ex.o(i.HAL_RCCEx_PeriphCLKConfig) for HAL_RCCEx_PeriphCLKConfig
    main.o(i.SystemClock_Config) refers to main.o(i.Error_Handler) for Error_Handler
    main.o(i.main) refers to stm32f1xx_hal.o(i.HAL_Init) for HAL_Init
    main.o(i.main) refers to main.o(i.SystemClock_Config) for SystemClock_Config
    main.o(i.main) refers to gpio.o(i.MX_GPIO_Init) for MX_GPIO_Init
    main.o(i.main) refers to dma.o(i.MX_DMA_Init) for MX_DMA_Init
    main.o(i.main) refers to i2c.o(i.MX_I2C2_Init) for MX_I2C2_Init
    main.o(i.main) refers to rtc.o(i.MX_RTC_Init) for MX_RTC_Init
    main.o(i.main) refers to tim.o(i.MX_TIM2_Init) for MX_TIM2_Init
    main.o(i.main) refers to usart.o(i.MX_USART1_UART_Init) for MX_USART1_UART_Init
    main.o(i.main) refers to task_main.o(i.APP_Init) for APP_Init
    main.o(i.main) refers to main.o(i.Error_Handler) for Error_Handler
    gpio.o(i.MX_GPIO_Init) refers to stm32f1xx_hal_gpio.o(i.HAL_GPIO_Init) for HAL_GPIO_Init
    dma.o(i.MX_DMA_Init) refers to stm32f1xx_hal_cortex.o(i.HAL_NVIC_SetPriority) for HAL_NVIC_SetPriority
    dma.o(i.MX_DMA_Init) refers to stm32f1xx_hal_cortex.o(i.HAL_NVIC_EnableIRQ) for HAL_NVIC_EnableIRQ
    i2c.o(i.HAL_I2C_MspDeInit) refers to stm32f1xx_hal_gpio.o(i.HAL_GPIO_DeInit) for HAL_GPIO_DeInit
    i2c.o(i.HAL_I2C_MspInit) refers to stm32f1xx_hal_gpio.o(i.HAL_GPIO_Init) for HAL_GPIO_Init
    i2c.o(i.MX_I2C1_Init) refers to stm32f1xx_hal_i2c.o(i.HAL_I2C_Init) for HAL_I2C_Init
    i2c.o(i.MX_I2C1_Init) refers to main.o(i.Error_Handler) for Error_Handler
    i2c.o(i.MX_I2C1_Init) refers to i2c.o(.bss) for .bss
    i2c.o(i.MX_I2C2_Init) refers to stm32f1xx_hal_i2c.o(i.HAL_I2C_Init) for HAL_I2C_Init
    i2c.o(i.MX_I2C2_Init) refers to main.o(i.Error_Handler) for Error_Handler
    i2c.o(i.MX_I2C2_Init) refers to i2c.o(.bss) for .bss
    rtc.o(i.HAL_RTC_MspDeInit) refers to stm32f1xx_hal_cortex.o(i.HAL_NVIC_DisableIRQ) for HAL_NVIC_DisableIRQ
    rtc.o(i.HAL_RTC_MspInit) refers to stm32f1xx_hal_pwr.o(i.HAL_PWR_EnableBkUpAccess) for HAL_PWR_EnableBkUpAccess
    rtc.o(i.HAL_RTC_MspInit) refers to stm32f1xx_hal_cortex.o(i.HAL_NVIC_SetPriority) for HAL_NVIC_SetPriority
[...]
    __rt_lib_init_lc_numeric_1               0x0800020f   Thumb Code     0  libinit2.o(.ARM.Collect$$libinit$$00000017)
    __rt_lib_init_lc_time_1                  0x0800020f   Thumb Code     0  libinit2.o(.ARM.Collect$$libinit$$00000019)
    __rt_lib_init_return                     0x0800020f   Thumb Code     0  libinit2.o(.ARM.Collect$$libinit$$00000033)
    __rt_lib_init_signal_1                   0x0800020f   Thumb Code     0  libinit2.o(.ARM.Collect$$libinit$$0000001D)
    __rt_lib_init_stdio_1                    0x0800020f   Thumb Code     0  libinit2.o(.ARM.Collect$$libinit$$00000025)
    __rt_lib_shutdown                        0x08000211   Thumb Code     0  libshutdown.o(.ARM.Collect$$libshutdown$$00000000)
    __rt_lib_shutdown_cpp_1                  0x08000213   Thumb Code     0  libshutdown2.o(.ARM.Collect$$libshutdown$$00000002)
    __rt_lib_shutdown_fp_trap_1              0x08000213   Thumb Code     0  libshutdown2.o(.ARM.Collect$$libshutdown$$00000007)
    __rt_lib_shutdown_heap_1                 0x08000213   Thumb Code     0  libshutdown2.o(.ARM.Collect$$libshutdown$$0000000F)
    __rt_lib_shutdown_return                 0x08000213   Thumb Code     0  libshutdown2.o(.ARM.Collect$$libshutdown$$00000010)
    __rt_lib_shutdown_signal_1               0x08000213   Thumb Code     0  libshutdown2.o(.ARM.Collect$$libshutdown$$0000000A)
    __rt_lib_shutdown_stdio_1                0x08000213   Thumb Code     0  libshutdown2.o(.ARM.Collect$$libshutdown$$00000004)
    __rt_lib_shutdown_user_alloc_1           0x08000213   Thumb Code     0  libshutdown2.o(.ARM.Collect$$libshutdown$$0000000C)
    __rt_entry                               0x08000215   Thumb Code     0  __rtentry.o(.ARM.Collect$$rtentry$$00000000)
    __rt_entry_presh_1                       0x08000215   Thumb Code     0  __rtentry2.o(.ARM.Collect$$rtentry$$00000002)
    __rt_entry_sh                            0x08000215   Thumb Code     0  __rtentry4.o(.ARM.Collect$$rtentry$$00000004)
    __rt_entry_li                            0x0800021b   Thumb Code     0  __rtentry2.o(.ARM.Collect$$rtentry$$0000000A)
    __rt_entry_postsh_1                      0x0800021b   Thumb Code     0  __rtentry2.o(.ARM.Collect$$rtentry$$00000009)
    __rt_entry_main                          0x0800021f   Thumb Code     0  __rtentry2.o(.ARM.Collect$$rtentry$$0000000D)
    __rt_entry_postli_1                      0x0800021f   Thumb Code     0  __rtentry2.o(.ARM.Collect$$rtentry$$0000000C)
    __rt_exit                                0x08000227   Thumb Code     0  rtexit.o(.ARM.Collect$$rtexit$$00000000)
    __rt_exit_ls                             0x08000229   Thumb Code     0  rtexit2.o(.ARM.Collect$$rtexit$$00000003)
    __rt_exit_prels_1                        0x08000229   Thumb Code     0  rtexit2.o(.ARM.Collect$$rtexit$$00000002)
    __rt_exit_exit                           0x0800022d   Thumb Code     0  rtexit2.o(.ARM.Collect$$rtexit$$00000004)
    HardFault_Handler                        0x08000235   Thumb Code    18  stm32f1xx_it.o(.emb_text)
    SVC_Handler                              0x08000249   Thumb Code    32  port.o(.emb_text)
    __asm___6_port_c_39a90d8d__prvStartFirstTask 0x0800026d   Thumb Code    28  port.o(.emb_text)
    PendSV_Handler                           0x0800028d   Thumb Code    72  port.o(.emb_text)
    vPortGetIPSR                             0x080002d9   Thumb Code     6  port.o(.emb_text)
    Reset_Handler                            0x080002e1   Thumb Code     8  startup_stm32f103xb.o(.text)
    ADC1_2_IRQHandler                        0x080002fb   Thumb Code     0  startup_stm32f103xb.o(.text)
    CAN1_RX1_IRQHandler                      0x080002fb   Thumb Code     0  startup_stm32f103xb.o(.text)
    CAN1_SCE_IRQHandler                      0x080002fb   Thumb Code     0  startup_stm32f103xb.o(.text)
    DMA1_Channel1_IRQHandler                 0x080002fb   Thumb Code     0  startup_stm32f103xb.o(.text)
    DMA1_Channel2_IRQHandler                 0x080002fb   Thumb Code     0  startup_stm32f103xb.o(.text)
    DMA1_Channel3_IRQHandler                 0x080002fb   Thumb Code     0  startup_stm32f103xb.o(.text)
    DMA1_Channel5_IRQHandler                 0x080002fb   Thumb Code     0  startup_stm32f103xb.o(.text)
    DMA1_Channel6_IRQHandler                 0x080002fb   Thumb Code     0  startup_stm32f103xb.o(.text)
    DMA1_Channel7_IRQHandler                 0x080002fb   Thumb Code     0  startup_stm32f103xb.o(.text)
    EXTI0_IRQHandler                         0x080002fb   Thumb Code     0  startup_stm32f103xb.o(.text)
    EXTI15_10_IRQHandler                     0x080002fb   Thumb Code     0  startup_stm32f103xb.o(.text)
    EXTI1_IRQHandler                         0x080002fb   Thumb Code     0  startup_stm32f103xb.o(.text)
    EXTI2_IRQHandler                         0x080002fb   Thumb Code     0  startup_stm32f103xb.o(.text)
    EXTI3_IRQHandler                         0x080002fb   Thumb Code     0  startup_stm32f103xb.o(.text)
    EXTI4_IRQHandler                         0x080002fb   Thumb Code     0  startup_stm32f103xb.o(.text)
    EXTI9_5_IRQHandler                       0x080002fb   Thumb Code     0  startup_stm32f103xb.o(.text)
    FLASH_IRQHandler                         0x080002fb   Thumb Code     0  startup_stm32f103xb.o(.text)
    I2C1_ER_IRQHandler                       0x080002fb   Thumb Code     0  startup_stm32f103xb.o(.text)
    I2C1_EV_IRQHandler                       0x080002fb   Thumb Code     0  startup_stm32f103xb.o(.text)
    I2C2_ER_IRQHandler                       0x080002fb   Thumb Code     0  startup_stm32f103xb.o(.text)
    I2C2_EV_IRQHandler                       0x080002fb   Thumb Code     0  startup_stm32f103xb.o(.text)
    PVD_IRQHandler                           0x080002fb   Thumb Code     0  startup_stm32f103xb.o(.text)
    RCC_IRQHandler                           0x080002fb   Thumb Code     0  startup_stm32f103xb.o(.text)
    RTC_Alarm_IRQHandler                     0x080002fb   Thumb Code     0  startup_stm32f103xb.o(.text)
    SPI1_IRQHandler                          0x080002fb   Thumb Code     0  startup_stm32f103xb.o(.text)
    SPI2_IRQHandler                          0x080002fb   Thumb Code     0  startup_stm32f103xb.o(.text)
    TAMPER_IRQHandler                        0x080002fb   Thumb Code     0  startup_stm32f103xb.o(.text)
    TIM1_BRK_IRQHandler                      0x080002fb   Thumb Code     0  startup_stm32f103xb.o(.text)
    TIM1_CC_IRQHandler                       0x080002fb   Thumb Code     0  startup_stm32f103xb.o(.text)
    TIM1_TRG_COM_IRQHandler                  0x080002fb   Thumb Code     0  startup_stm32f103xb.o(.text)
    TIM1_UP_IRQHandler                       0x080002fb   Thumb Code     0  startup_stm32f103xb.o(.text)
    TIM2_IRQHandler                          0x080002fb   Thumb Code     0  startup_stm32f103xb.o(.text)
    TIM3_IRQHandler                          0x080002fb   Thumb Code     0  startup_stm32f103xb.o(.text)
    USART2_IRQHandler                        0x080002fb   Thumb Code     0  startup_stm32f103xb.o(.text)
    USART3_IRQHandler                        0x080002fb   Thumb Code     0  startup_stm32f103xb.o(.text)
    USBWakeUp_IRQHandler                     0x080002fb   Thumb Code     0  startup_stm32f103xb.o(.text)
    USB_HP_CAN1_TX_IRQHandler                0x080002fb   Thumb Code     0  startup_stm32f103xb.o(.text)
    USB_LP_CAN1_RX0_IRQHandler               0x080002fb   Thumb Code     0  startup_stm32f103xb.o(.text)
    WWDG_IRQHandler                          0x080002fb   Thumb Code     0  startup_stm32f103xb.o(.text)
    __user_initial_stackheap                 0x080002fd   Thumb Code     0  startup_stm32f103xb.o(.text)
    __use_no_semihosting                     0x08000321   Thumb Code     2  use_no_semi_2.o(.text)
    vsnprintf                                0x08000325   Thumb Code    48  vsnprintf.o(.text)
    __2printf                                0x08000359   Thumb Code    20  __2printf.o(.text)
    __2snprintf                              0x08000371   Thumb Code    50  __2snprintf.o(.text)
    _printf_str                              0x080003a9   Thumb Code    82  _printf_str.o(.text)
    _printf_int_dec                          0x080003fd   Thumb Code   104  _printf_dec.o(.text)
    __printf                                 0x08000475   Thumb Code   388  __printf_flags_ss_wp.o(.text)
    __aeabi_memcpy                           0x080005fd   Thumb Code     0  rt_memcpy_v6.o(.text)
    __rt_memcpy                              0x080005fd   Thumb Code   138  rt_memcpy_v6.o(.text)
    _memcpy_lastbytes                        0x08000663   Thumb Code     0  rt_memcpy_v6.o(.text)
    __aeabi_memset                           0x08000687   Thumb Code    16  aeabi_memset.o(.text)
    __aeabi_memclr                           0x08000697   Thumb Code     0  rt_memclr.o(.text)
    __rt_memclr                              0x08000697   Thumb Code    68  rt_memclr.o(.text)
    _memset                                  0x0800069b   Thumb Code     0  rt_memclr.o(.text)
    __aeabi_memclr4                          0x080006db   Thumb Code     0  rt_memclr_w.o(.text)
    __aeabi_memclr8                          0x080006db   Thumb Code     0  rt_memclr_w.o(.text)
    __rt_memclr_w                            0x080006db   Thumb Code    78  rt_memclr_w.o(.text)
    _memset_w                                0x080006df   Thumb Code     0  rt_memclr_w.o(.text)
    __use_two_region_memory                  0x08000729   Thumb Code     2  heapauxi.o(.text)
    __rt_heap_escrow$2region                 0x0800072b   Thumb Code     2  heapauxi.o(.text)
    __rt_heap_expand$2region                 0x0800072d   Thumb Code     2  heapauxi.o(.text)
    __semihosting$guard                      0x0800072f   Thumb Code     0  use_no_semi.o(.text)
    __use_no_semihosting_swi                 0x0800072f   Thumb Code     2  use_no_semi.o(.text)
    _printf_pre_padding                      0x08000731   Thumb Code    44  _printf_pad.o(.text)
    _printf_post_padding                     0x0800075d   Thumb Code    34  _printf_pad.o(.text)
    _printf_truncate_signed                  0x0800077f   Thumb Code    18  _printf_truncate.o(.text)
    _printf_truncate_unsigned                0x08000791   Thumb Code    18  _printf_truncate.o(.text)
    _printf_int_common                       0x080007a3   Thumb Code   178  _printf_intcommon.o(.text)
    _printf_charcount                        0x08000855   Thumb Code    40  _printf_charcount.o(.text)
    _printf_char_common                      0x08000887   Thumb Code    32  _printf_char_common.o(.text)
    _sputc                                   0x080008ad   Thumb Code    10  _sputc.o(.text)
    _snputc                                  0x080008b7   Thumb Code    16  _snputc.o(.text)
    _printf_cs_common                        0x080008c7   Thumb Code    20  _printf_char.o(.text)
    _printf_char                             0x080008db   Thumb Code    16  _printf_char.o(.text)
    _printf_string                           0x080008eb   Thumb Code     8  _printf_char.o(.text)
    _printf_char_file                        0x080008f5   Thumb Code    32  _printf_char_file.o(.text)
    _printf_wctomb                           0x08000919   Thumb Code   182  _printf_wctomb.o(.text)
    _printf_longlong_dec                     0x080009d5   Thumb Code   108  _printf_longlong_dec.o(.text)
    _printf_longlong_oct                     0x08000a51   Thumb Code    66  _printf_oct_int_ll.o(.text)
    _printf_int_oct                          0x08000a93   Thumb Code    24  _printf_oct_int_ll.o(.text)
    _printf_ll_oct                           0x08000aab   Thumb Code    12  _printf_oct_int_ll.o(.text)
    _printf_longlong_hex                     0x08000ac1   Thumb Code    86  _printf_hex_int_ll_ptr.o(.text)
    _printf_int_hex                          0x08000b17   Thumb Code    28  _printf_hex_int_ll_ptr.o(.text)
    _printf_ll_hex                           0x08000b33   Thumb Code    12  _printf_hex_int_ll_ptr.o(.text)
    _printf_hex_ptr                          0x08000b3f   Thumb Code    18  _printf_hex_int_ll_ptr.o(.text)
    __aeabi_memcpy4                          0x08000b55   Thumb Code     0  rt_memcpy_w.o(.text)
    __aeabi_memcpy8                          0x08000b55   Thumb Code     0  rt_memcpy_w.o(.text)
    __rt_memcpy_w                            0x08000b55   Thumb Code   100  rt_memcpy_w.o(.text)
    _memcpy_lastbytes_aligned                0x08000b9d   Thumb Code     0  rt_memcpy_w.o(.text)
    _ll_udiv10                               0x08000bb9   Thumb Code   138  lludiv10.o(.text)
    __lib_sel_fp_printf                      0x08000c43   Thumb Code     2  _printf_fp_dec.o(.text)
    _printf_fp_dec_real                      0x08000df5   Thumb Code   620  _printf_fp_dec.o(.text)
    _printf_fp_hex_real                      0x08001061   Thumb Code   756  _printf_fp_hex.o(.text)
    _printf_lcs_common                       0x0800135d   Thumb Code    20  _printf_wchar.o(.text)
    _printf_wchar                            0x08001371   Thumb Code    16  _printf_wchar.o(.text)
    _printf_wstring                          0x08001381   Thumb Code     8  _printf_wchar.o(.text)
    _wcrtomb                                 0x08001389   Thumb Code    64  _wcrtomb.o(.text)
    __user_setup_stackheap                   0x080013c9   Thumb Code    74  sys_stackheap_outer.o(.text)
    __rt_ctype_table                         0x08001415   Thumb Code    16  rt_ctype_table.o(.text)
    __rt_locale                              0x08001425   Thumb Code     8  rt_locale_intlibspace.o(.text)
    _printf_fp_infnan                        0x0800142d   Thumb Code   112  _printf_fp_infnan.o(.text)
    _btod_etento                             0x080014ad   Thumb Code   224  bigflt0.o(.text)
    exit                                     0x08001591   Thumb Code    18  exit.o(.text)
    __user_libspace                          0x080015a5   Thumb Code     8  libspace.o(.text)
    __user_perproc_libspace                  0x080015a5   Thumb Code     0  libspace.o(.text)
    __user_perthread_libspace                0x080015a5   Thumb Code     0  libspace.o(.text)
    strcmp                                   0x080015ad   Thumb Code   128  strcmpv7m.o(.text)
    _btod_d2e                                0x0800162d   Thumb Code    62  btod.o(CL$$btod_d2e)
    _d2e_denorm_low                          0x0800166b   Thumb Code    70  btod.o(CL$$btod_d2e_denorm_low)
    _d2e_norm_op1                            0x080016b1   Thumb Code    96  btod.o(CL$$btod_d2e_norm_op1)
    __btod_div_common                        0x08001711   Thumb Code   696  btod.o(CL$$btod_div_common)
    _e2e                                     0x08001a49   Thumb Code   220  btod.o(CL$$btod_e2e)
    _btod_ediv                               0x08001b25   Thumb Code    42  btod.o(CL$$btod_ediv)
    _btod_emul                               0x08001b4f   Thumb Code    42  btod.o(CL$$btod_emul)
    __btod_mult_common                       0x08001b79   Thumb Code   580  btod.o(CL$$btod_mult_common)
    APP_Init                                 0x08001dbd   Thumb Code    40  task_main.o(i.APP_Init)
    BusFault_Handler                         0x08001dfd   Thumb Code     2  stm32f1xx_it.o(i.BusFault_Handler)
    DMA1_Channel4_IRQHandler                 0x08001e01   Thumb Code     6  stm32f1xx_it.o(i.DMA1_Channel4_IRQHandler)
    DebugMon_Handler                         0x08001e37   Thumb Code     2  stm32f1xx_it.o(i.DebugMon_Handler)
    Error_Handler                            0x08001e39   Thumb Code    14  main.o(i.Error_Handler)
    HAL_DMA_Abort                            0x08001e61   Thumb Code    70  stm32f1xx_hal_dma.o(i.HAL_DMA_Abort)
    HAL_DMA_Abort_IT                         0x08001ea9   Thumb Code   148  stm32f1xx_hal_dma.o(i.HAL_DMA_Abort_IT)
    HAL_DMA_IRQHandler                       0x08001f41   Thumb Code   316  stm32f1xx_hal_dma.o(i.HAL_DMA_IRQHandler)
    HAL_DMA_Init                             0x08002095   Thumb Code    84  stm32f1xx_hal_dma.o(i.HAL_DMA_Init)
    HAL_DMA_Start_IT                         0x080020f1   Thumb Code   112  stm32f1xx_hal_dma.o(i.HAL_DMA_Start_IT)
    HAL_GPIO_Init                            0x08002161   Thumb Code   446  stm32f1xx_hal_gpio.o(i.HAL_GPIO_Init)
    HAL_GPIO_ReadPin                         0x08002341   Thumb Code    10  stm32f1xx_hal_gpio.o(i.HAL_GPIO_ReadPin)
    HAL_GPIO_WritePin                        0x0800234b   Thumb Code    10  stm32f1xx_hal_gpio.o(i.HAL_GPIO_WritePin)
    HAL_GetTick                              0x08002355   Thumb Code     6  stm32f1xx_hal.o(i.HAL_GetTick)
    HAL_I2C_Init                             0x08002361   Thumb Code   376  stm32f1xx_hal_i2c.o(i.HAL_I2C_Init)
    HAL_I2C_MspInit                          0x080024e9   Thumb Code   134  i2c.o(i.HAL_I2C_MspInit)
    HAL_IncTick                              0x08002581   Thumb Code    12  stm32f1xx_hal.o(i.HAL_IncTick)
    HAL_Init                                 0x08002591   Thumb Code    32  stm32f1xx_hal.o(i.HAL_Init)
    HAL_InitTick                             0x080025b5   Thumb Code   132  stm32f1xx_hal_timebase_tim.o(i.HAL_InitTick)
    HAL_MspInit                              0x0800264d   Thumb Code    72  stm32f1xx_hal_msp.o(i.HAL_MspInit)
    HAL_NVIC_EnableIRQ                       0x0800269d   Thumb Code    26  stm32f1xx_hal_cortex.o(i.HAL_NVIC_EnableIRQ)
    HAL_NVIC_SetPriority                     0x080026b9   Thumb Code    60  stm32f1xx_hal_cortex.o(i.HAL_NVIC_SetPriority)
    HAL_NVIC_SetPriorityGrouping             0x080026f9   Thumb Code    26  stm32f1xx_hal_cortex.o(i.HAL_NVIC_SetPriorityGrouping)
    HAL_PWR_EnableBkUpAccess                 0x0800271d   Thumb Code     8  stm32f1xx_hal_pwr.o(i.HAL_PWR_EnableBkUpAccess)
    HAL_RCCEx_GetPeriphCLKFreq               0x08002729   Thumb Code   148  stm32f1xx_hal_rcc_ex.o(i.HAL_RCCEx_GetPeriphCLKFreq)
    HAL_RCCEx_PeriphCLKConfig                0x080027cd   Thumb Code   224  stm32f1xx_hal_rcc_ex.o(i.HAL_RCCEx_PeriphCLKConfig)
    HAL_RCC_ClockConfig                      0x080028b9   Thumb Code   280  stm32f1xx_hal_rcc.o(i.HAL_RCC_ClockConfig)
    HAL_RCC_GetClockConfig                   0x080029e5   Thumb Code    54  stm32f1xx_hal_rcc.o(i.HAL_RCC_GetClockConfig)
    HAL_RCC_GetPCLK1Freq                     0x08002a25   Thumb Code    20  stm32f1xx_hal_rcc.o(i.HAL_RCC_GetPCLK1Freq)
    HAL_RCC_GetPCLK2Freq                     0x08002a45   Thumb Code    20  stm32f1xx_hal_rcc.o(i.HAL_RCC_GetPCLK2Freq)
    HAL_RCC_GetSysClockFreq                  0x08002a65   Thumb Code    58  stm32f1xx_hal_rcc.o(i.HAL_RCC_GetSysClockFreq)
    HAL_RCC_OscConfig                        0x08002ab1   Thumb Code   778  stm32f1xx_hal_rcc.o(i.HAL_RCC_OscConfig)
    HAL_RTCEx_RTCEventCallback               0x08002dd1   Thumb Code     2  stm32f1xx_hal_rtc_ex.o(i.HAL_RTCEx_RTCEventCallback)
    HAL_RTCEx_RTCEventErrorCallback          0x08002dd3   Thumb Code     2  stm32f1xx_hal_rtc_ex.o(i.HAL_RTCEx_RTCEventErrorCallback)
    HAL_RTCEx_RTCIRQHandler                  0x08002dd5   Thumb Code    62  stm32f1xx_hal_rtc_ex.o(i.HAL_RTCEx_RTCIRQHandler)
    HAL_RTC_Init                             0x08002e15   Thumb Code   144  stm32f1xx_hal_rtc.o(i.HAL_RTC_Init)
    HAL_RTC_MspInit                          0x08002ea9   Thumb Code    60  rtc.o(i.HAL_RTC_MspInit)
    HAL_RTC_SetDate                          0x08002ef1   Thumb Code   192  stm32f1xx_hal_rtc.o(i.HAL_RTC_SetDate)
    HAL_RTC_SetTime                          0x08002fb5   Thumb Code   168  stm32f1xx_hal_rtc.o(i.HAL_RTC_SetTime)
    HAL_RTC_WaitForSynchro                   0x08003061   Thumb Code    58  stm32f1xx_hal_rtc.o(i.HAL_RTC_WaitForSynchro)
    HAL_TIMEx_BreakCallback                  0x0800309b   Thumb Code     2  stm32f1xx_hal_tim_ex.o(i.HAL_TIMEx_BreakCallback)
    HAL_TIMEx_CommutCallback                 0x0800309d   Thumb Code     2  stm32f1xx_hal_tim_ex.o(i.HAL_TIMEx_CommutCallback)
    HAL_TIMEx_MasterConfigSynchronization    0x080030a1   Thumb Code    92  stm32f1xx_hal_tim_ex.o(i.HAL_TIMEx_MasterConfigSynchronization)
    HAL_TIM_Base_Init                        0x08003109   Thumb Code    90  stm32f1xx_hal_tim.o(i.HAL_TIM_Base_Init)
    HAL_TIM_Base_MspInit                     0x08003163   Thumb Code     2  stm32f1xx_hal_tim.o(i.HAL_TIM_Base_MspInit)
    HAL_TIM_Base_Start_IT                    0x08003165   Thumb Code    76  stm32f1xx_hal_tim.o(i.HAL_TIM_Base_Start_IT)
    HAL_TIM_IC_CaptureCallback               0x080031bd   Thumb Code     2  stm32f1xx_hal_tim.o(i.HAL_TIM_IC_CaptureCallback)
    HAL_TIM_IRQHandler                       0x080031bf   Thumb Code   304  stm32f1xx_hal_tim.o(i.HAL_TIM_IRQHandler)
    HAL_TIM_MspPostInit                      0x080032f1   Thumb Code    62  tim.o(i.HAL_TIM_MspPostInit)
    HAL_TIM_OC_DelayElapsedCallback          0x08003339   Thumb Code     2  stm32f1xx_hal_tim.o(i.HAL_TIM_OC_DelayElapsedCallback)
    HAL_TIM_PWM_ConfigChannel                0x0800333b   Thumb Code   204  stm32f1xx_hal_tim.o(i.HAL_TIM_PWM_ConfigChannel)
    HAL_TIM_PWM_Init                         0x08003407   Thumb Code    90  stm32f1xx_hal_tim.o(i.HAL_TIM_PWM_Init)
    HAL_TIM_PWM_MspInit                      0x08003461   Thumb Code    30  tim.o(i.HAL_TIM_PWM_MspInit)
    HAL_TIM_PWM_PulseFinishedCallback        0x08003485   Thumb Code     2  stm32f1xx_hal_tim.o(i.HAL_TIM_PWM_PulseFinishedCallback)
    HAL_TIM_PeriodElapsedCallback            0x08003489   Thumb Code    14  main.o(i.HAL_TIM_PeriodElapsedCallback)
    HAL_TIM_TriggerCallback                  0x0800349d   Thumb Code     2  stm32f1xx_hal_tim.o(i.HAL_TIM_TriggerCallback)
    HAL_UARTEx_RxEventCallback               0x0800349f   Thumb Code     2  stm32f1xx_hal_uart.o(i.HAL_UARTEx_RxEventCallback)
    HAL_UART_ErrorCallback                   0x080034a1   Thumb Code     2  stm32f1xx_hal_uart.o(i.HAL_UART_ErrorCallback)
    HAL_UART_IRQHandler                      0x080034a5   Thumb Code   616  stm32f1xx_hal_uart.o(i.HAL_UART_IRQHandler)
    HAL_UART_Init                            0x08003711   Thumb Code   100  stm32f1xx_hal_uart.o(i.HAL_UART_Init)
    HAL_UART_MspInit                         0x08003775   Thumb Code   156  usart.o(i.HAL_UART_MspInit)
    HAL_UART_RxCpltCallback                  0x08003825   Thumb Code     2  stm32f1xx_hal_uart.o(i.HAL_UART_RxCpltCallback)
    HAL_UART_Transmit_DMA                    0x08003829   Thumb Code   106  stm32f1xx_hal_uart.o(i.HAL_UART_Transmit_DMA)
    HAL_UART_TxCpltCallback                  0x080038a1   Thumb Code    58  serial.o(i.HAL_UART_TxCpltCallback)
    HAL_UART_TxHalfCpltCallback              0x080038e9   Thumb Code     2  stm32f1xx_hal_uart.o(i.HAL_UART_TxHalfCpltCallback)
    I2C1_SW_GetDriver                        0x08003919   Thumb Code     4  bsp_i2c1_sw.o(i.I2C1_SW_GetDriver)
    I2C_Init                                 0x08003ad1   Thumb Code    36  i2c_test.o(i.I2C_Init)
    MX_DMA_Init                              0x08003c95   Thumb Code    40  dma.o(i.MX_DMA_Init)
    MX_GPIO_Init                             0x08003cc1   Thumb Code   116  gpio.o(i.MX_GPIO_Init)
    MX_I2C2_Init                             0x08003d45   Thumb Code    50  i2c.o(i.MX_I2C2_Init)
    MX_RTC_Init                              0x08003d85   Thumb Code   102  rtc.o(i.MX_RTC_Init)
    MX_TIM2_Init                             0x08003df5   Thumb Code   108  tim.o(i.MX_TIM2_Init)
    MX_USART1_UART_Init                      0x08003e65   Thumb Code    48  usart.o(i.MX_USART1_UART_Init)
    MemManage_Handler                        0x08003e9d   Thumb Code     2  stm32f1xx_it.o(i.MemManage_Handler)
    NMI_Handler                              0x08003e9f   Thumb Code     2  stm32f1xx_it.o(i.NMI_Handler)
    RTC_IRQHandler                           0x08003f21   Thumb Code     6  stm32f1xx_it.o(i.RTC_IRQHandler)
    SysTick_Handler                          0x08004001   Thumb Code    38  port.o(i.SysTick_Handler)
    SystemClock_Config                       0x0800402d   Thumb Code   116  main.o(i.SystemClock_Config)
    SystemInit                               0x080040a1   Thumb Code     2  system_stm32f1xx.o(i.SystemInit)
    TIM4_IRQHandler                          0x080040a5   Thumb Code     6  stm32f1xx_it.o(i.TIM4_IRQHandler)
    TIM_Base_SetConfig                       0x080040b1   Thumb Code   108  stm32f1xx_hal_tim.o(i.TIM_Base_SetConfig)
    TIM_OC2_SetConfig                        0x08004179   Thumb Code    84  stm32f1xx_hal_tim.o(i.TIM_OC2_SetConfig)
    USART1_IRQHandler                        0x080044f9   Thumb Code     6  stm32f1xx_it.o(i.USART1_IRQHandler)
    UsageFault_Handler                       0x08004505   Thumb Code     2  stm32f1xx_it.o(i.UsageFault_Handler)
    __ARM_fpclassify                         0x08004507   Thumb Code    40  fpclassify.o(i.__ARM_fpclassify)
    _is_digit                                0x0800454f   Thumb Code    14  __printf_wp.o(i._is_digit)
    _sys_exit                                0x0800455d   Thumb Code     2  serial.o(i._sys_exit)
    bsp_btn_cfm_read                         0x08004561   Thumb Code    18  bsp_button.o(i.bsp_btn_cfm_read)
    bsp_btn_last_read                        0x08004579   Thumb Code    18  bsp_button.o(i.bsp_btn_last_read)
    bsp_btn_next_read                        0x08004591   Thumb Code    18  bsp_button.o(i.bsp_btn_next_read)
    button_attach_long                       0x080045e5   Thumb Code    20  button.o(i.button_attach_long)
    button_attach_short                      0x080045f9   Thumb Code    20  button.o(i.button_attach_short)
    button_init                              0x0800460d   Thumb Code    44  button.o(i.button_init)
    button_service_init                      0x08004639   Thumb Code   158  button_service.o(i.button_service_init)
    button_ticks                             0x08004705   Thumb Code   156  button.o(i.button_ticks)
    check_crash_log_on_startup               0x080047a1   Thumb Code   124  hardfault_debug.o(i.check_crash_log_on_startup)
    ferror                                   0x08005041   Thumb Code     6  serial.o(i.ferror)
    fputc                                    0x08005049   Thumb Code    16  serial.o(i.fputc)
    hardfault_debug_init                     0x0800505d   Thumb Code    24  hardfault_debug.o(i.hardfault_debug_init)
    hardfault_dump                           0x08005079   Thumb Code   176  hardfault_debug.o(i.hardfault_dump)
    log_init                                 0x080051c5   Thumb Code    12  log.o(i.log_init)
    log_print                                0x080051d9   Thumb Code    36  log.o(i.log_print)
    main                                     0x08005201   Thumb Code    40  main.o(i.main)
    osal_get_tick                            0x08005229   Thumb Code     4  osal.o(i.osal_get_tick)
    osal_queue_create                        0x0800522d   Thumb Code    60  osal.o(i.osal_queue_create)
    osal_queue_receive                       0x0800528d   Thumb Code    58  osal.o(i.osal_queue_receive)
    osal_queue_send                          0x080052ed   Thumb Code    60  osal.o(i.osal_queue_send)
    osal_semaphore_create                    0x0800534d   Thumb Code    60  osal.o(i.osal_semaphore_create)
    osal_semaphore_give                      0x080053ad   Thumb Code    40  osal.o(i.osal_semaphore_give)
    osal_semaphore_take                      0x080053f9   Thumb Code    38  osal.o(i.osal_semaphore_take)
    osal_start_scheduler                     0x08005445   Thumb Code    14  osal.o(i.osal_start_scheduler)
    osal_task_create                         0x08005455   Thumb Code   100  osal.o(i.osal_task_create)
    osal_task_delay                          0x080054dd   Thumb Code     4  osal.o(i.osal_task_delay)
    osal_task_notify_from_isr                0x080054e1   Thumb Code   126  osal.o(i.osal_task_notify_from_isr)
    osal_task_notify_wait                    0x08005585   Thumb Code    24  osal.o(i.osal_task_notify_wait)
    osal_timer_create                        0x0800559d   Thumb Code    64  osal.o(i.osal_timer_create)
    osal_timer_start                         0x08005601   Thumb Code    42  osal.o(i.osal_timer_start)
    pvPortMalloc                             0x08005fcd   Thumb Code   324  heap_4.o(i.pvPortMalloc)
    pvTaskIncrementMutexHeldCount            0x08006165   Thumb Code    16  tasks.o(i.pvTaskIncrementMutexHeldCount)
    pxPortInitialiseStack                    0x08006179   Thumb Code    32  port.o(i.pxPortInitialiseStack)
    serial_init                              0x08006225   Thumb Code    94  serial.o(i.serial_init)
    serial_send_async                        0x0800629d   Thumb Code   106  serial.o(i.serial_send_async)
    serial_send_blocking                     0x0800630d   Thumb Code    34  serial.o(i.serial_send_blocking)
    uxListRemove                             0x080063b1   Thumb Code    36  list.o(i.uxListRemove)
    uxTaskGetNumberOfTasks                   0x080063d5   Thumb Code     6  tasks.o(i.uxTaskGetNumberOfTasks)
    vApplicationStackOverflowHook            0x080063e1   Thumb Code    10  task_main.o(i.vApplicationStackOverflowHook)
    vListInitialise                          0x08006419   Thumb Code    22  list.o(i.vListInitialise)
    vListInitialiseItem                      0x0800642f   Thumb Code     6  list.o(i.vListInitialiseItem)
    vListInsert                              0x08006435   Thumb Code    48  list.o(i.vListInsert)
    vPortEnterCritical                       0x08006465   Thumb Code    60  port.o(i.vPortEnterCritical)
    vPortExitCritical                        0x080064f5   Thumb Code    38  port.o(i.vPortExitCritical)
    vPortFree                                0x0800656d   Thumb Code   134  heap_4.o(i.vPortFree)
    vPortSetupTimerInterrupt                 0x08006649   Thumb Code    32  port.o(i.vPortSetupTimerInterrupt)
    vPortValidateInterruptPriority           0x0800666d   Thumb Code    78  port.o(i.vPortValidateInterruptPriority)
    vQueueAddToRegistry                      0x08006711   Thumb Code    78  queue.o(i.vQueueAddToRegistry)
    vQueueWaitForMessageRestricted           0x080067a1   Thumb Code    68  queue.o(i.vQueueWaitForMessageRestricted)
    vTaskDelay                               0x080067e5   Thumb Code    68  tasks.o(i.vTaskDelay)
    vTaskInternalSetTimeOutState             0x0800686d   Thumb Code    12  tasks.o(i.vTaskInternalSetTimeOutState)
    vTaskMissedYield                         0x0800687d   Thumb Code     8  tasks.o(i.vTaskMissedYield)
    vTaskPlaceOnEventList                    0x08006889   Thumb Code    48  tasks.o(i.vTaskPlaceOnEventList)
    vTaskPlaceOnEventListRestricted          0x080068f9   Thumb Code    82  tasks.o(i.vTaskPlaceOnEventListRestricted)
    vTaskPriorityDisinheritAfterTimeout      0x0800698d   Thumb Code   192  tasks.o(i.vTaskPriorityDisinheritAfterTimeout)
    vTaskStartScheduler                      0x08006a91   Thumb Code   120  tasks.o(i.vTaskStartScheduler)
    vTaskSuspendAll                          0x08006b55   Thumb Code    10  tasks.o(i.vTaskSuspendAll)
    vTaskSwitchContext                       0x08006b65   Thumb Code   132  tasks.o(i.vTaskSwitchContext)
    xPortStartScheduler                      0x08006ced   Thumb Code   168  port.o(i.xPortStartScheduler)
    xQueueCreateCountingSemaphore            0x08006ded   Thumb Code    48  queue.o(i.xQueueCreateCountingSemaphore)
    xQueueGenericCreate                      0x08006e59   Thumb Code   102  queue.o(i.xQueueGenericCreate)
    xQueueGenericReset                       0x08006efd   Thumb Code   178  queue.o(i.xQueueGenericReset)
    xQueueGenericSend                        0x08006ff1   Thumb Code   372  queue.o(i.xQueueGenericSend)
    xQueueReceive                            0x080071a5   Thumb Code   308  queue.o(i.xQueueReceive)
    xQueueSemaphoreTake                      0x08007319   Thumb Code   356  queue.o(i.xQueueSemaphoreTake)
    xTaskCheckForTimeOut                     0x080074bd   Thumb Code   136  tasks.o(i.xTaskCheckForTimeOut)
    xTaskCreate                              0x08007585   Thumb Code    92  tasks.o(i.xTaskCreate)
    xTaskGenericNotifyFromISR                0x080075e1   Thumb Code   376  tasks.o(i.xTaskGenericNotifyFromISR)
    xTaskGenericNotifyWait                   0x0800779d   Thumb Code   202  tasks.o(i.xTaskGenericNotifyWait)
    xTaskGetSchedulerState                   0x080078ad   Thumb Code    22  tasks.o(i.xTaskGetSchedulerState)
    xTaskGetTickCount                        0x080078c9   Thumb Code     6  tasks.o(i.xTaskGetTickCount)
    xTaskIncrementTick                       0x080078d5   Thumb Code   308  tasks.o(i.xTaskIncrementTick)
    xTaskPriorityDisinherit                  0x08007a4d   Thumb Code   174  tasks.o(i.xTaskPriorityDisinherit)
    xTaskPriorityInherit                     0x08007b41   Thumb Code   168  tasks.o(i.xTaskPriorityInherit)
    xTaskRemoveFromEventList                 0x08007bf1   Thumb Code   214  tasks.o(i.xTaskRemoveFromEventList)
    xTaskResumeAll                           0x08007d0d   Thumb Code   320  tasks.o(i.xTaskResumeAll)
    xTimerCreate                             0x08007e95   Thumb Code    98  timers.o(i.xTimerCreate)
    xTimerCreateTimerTask                    0x08007f39   Thumb Code    62  timers.o(i.xTimerCreateTimerTask)
    xTimerGenericCommandFromTask             0x08007fc9   Thumb Code   106  timers.o(i.xTimerGenericCommandFromTask)
    _get_lc_numeric                          0x08008079   Thumb Code    44  lc_numeric_c.o(locale$$code)
    _get_lc_ctype                            0x080080a5   Thumb Code    44  lc_ctype_c.o(locale$$code)
    _printf_fp_dec                           0x080080d1   Thumb Code     4  printf1.o(x$fpl$printf1)
    _printf_fp_hex                           0x080080d5   Thumb Code     4  printf2.o(x$fpl$printf2)
    __I$use$fp                               0x080080d8   Number         0  usenofp.o(x$fpl$usenofp)
    AHBPrescTable                            0x080080fc   Data          16  system_stm32f1xx.o(.constdata)
    APBPrescTable                            0x0800810c   Data           8  system_stm32f1xx.o(.constdata)
    Region$$Table$$Base                      0x08008214   Number         0  anon$$obj.o(Region$$Table)
    Region$$Table$$Limit                     0x08008234   Number         0  anon$$obj.o(Region$$Table)
    __ctype                                  0x0800825d   Data           0  lc_ctype_c.o(locale$$data)
    uwTickFreq                               0x20000000   Data           1  stm32f1xx_hal.o(.data)
    uwTickPrio                               0x20000004   Data           4  stm32f1xx_hal.o(.data)
    uwTick                                   0x20000008   Data           4  stm32f1xx_hal.o(.data)
    SystemCoreClock                          0x2000000c   Data           4  system_stm32f1xx.o(.data)
    pxCurrentTCB                             0x20000010   Data           4  tasks.o(.data)
    __stdout                                 0x200000a4   Data           4  serial.o(.data)
    hi2c1                                    0x200000d4   Data          84  i2c.o(.bss)
    hi2c2                                    0x20000128   Data          84  i2c.o(.bss)
    hrtc                                     0x2000017c   Data          20  rtc.o(.bss)
    htim2                                    0x20000190   Data          72  tim.o(.bss)
    huart1                                   0x200001d8   Data          72  usart.o(.bss)
    hdma_usart1_tx                           0x20000220   Data          68  usart.o(.bss)
    htim4                                    0x20000264   Data          72  stm32f1xx_hal_timebase_tim.o(.bss)
    xQueueRegistry                           0x200002ac   Data          64  queue.o(.bss)
    __libspace_start                         0x2000388c   Data          96  libspace.o(.bss)
    __temporary_stack_top$libspace           0x200038ec   Data           0  libspace.o(.bss)



==============================================================================

Memory Map of the image

  Image Entry point : 0x080000ed

  Load Region LR_IROM1 (Base: 0x08000000, Size: 0x00008434, Max: 0x00010000, ABSOLUTE)

    Execution Region ER_IROM1 (Exec base: 0x08000000, Load base: 0x08000000, Size: 0x00008360, Max: 0x00010000, ABSOLUTE)

    Exec Addr    Load Addr    Size         Type   Attr      Idx    E Section Name        Object

    0x08000000   0x08000000   0x000000ec   Data   RO            3    RESET               startup_stm32f103xb.o
    0x080000ec   0x080000ec   0x00000008   Code   RO         5903  * !!!main             c_w.l(__main.o)
    0x080000f4   0x080000f4   0x00000034   Code   RO         6202    !!!scatter          c_w.l(__scatter.o)
    0x08000128   0x08000128   0x0000001a   Code   RO         6204    !!handler_copy      c_w.l(__scatter_copy.o)
    0x08000142   0x08000142   0x00000002   PAD
    0x08000144   0x08000144   0x0000001c   Code   RO         6206    !!handler_zi        c_w.l(__scatter_zi.o)
    0x08000160   0x08000160   0x00000000   Code   RO         5886    .ARM.Collect$$_printf_percent$$00000000  c_w.l(_printf_percent.o)
    0x08000160   0x08000160   0x00000006   Code   RO         5962    .ARM.Collect$$_printf_percent$$00000001  c_w.l(_printf_n.o)
    0x08000166   0x08000166   0x00000006   Code   RO         5964    .ARM.Collect$$_printf_percent$$00000002  c_w.l(_printf_p.o)
    0x0800016c   0x0800016c   0x00000006   Code   RO         5967    .ARM.Collect$$_printf_percent$$00000003  c_w.l(_printf_f.o)
    0x08000172   0x08000172   0x00000006   Code   RO         5968    .ARM.Collect$$_printf_percent$$00000004  c_w.l(_printf_e.o)
    0x08000178   0x08000178   0x00000006   Code   RO         5969    .ARM.Collect$$_printf_percent$$00000005  c_w.l(_printf_g.o)
    0x0800017e   0x0800017e   0x00000006   Code   RO         5970    .ARM.Collect$$_printf_percent$$00000006  c_w.l(_printf_a.o)
    0x08000184   0x08000184   0x0000000a   Code   RO         5975    .ARM.Collect$$_printf_percent$$00000007  c_w.l(_printf_ll.o)
    0x0800018e   0x0800018e   0x00000006   Code   RO         5966    .ARM.Collect$$_printf_percent$$00000008  c_w.l(_printf_i.o)
    0x08000194   0x08000194   0x00000006   Code   RO         5884    .ARM.Collect$$_printf_percent$$00000009  c_w.l(_printf_d.o)
    0x0800019a   0x0800019a   0x00000006   Code   RO         5885    .ARM.Collect$$_printf_percent$$0000000A  c_w.l(_printf_u.o)
    0x080001a0   0x080001a0   0x00000006   Code   RO         5965    .ARM.Collect$$_printf_percent$$0000000B  c_w.l(_printf_o.o)
    0x080001a6   0x080001a6   0x00000006   Code   RO         5963    .ARM.Collect$$_printf_percent$$0000000C  c_w.l(_printf_x.o)
    0x080001ac   0x080001ac   0x00000006   Code   RO         5972    .ARM.Collect$$_printf_percent$$0000000D  c_w.l(_printf_lli.o)
    0x080001b2   0x080001b2   0x00000006   Code   RO         5973    .ARM.Collect$$_printf_percent$$0000000E  c_w.l(_printf_lld.o)
    0x080001b8   0x080001b8   0x00000006   Code   RO         5974    .ARM.Collect$$_printf_percent$$0000000F  c_w.l(_printf_llu.o)
    0x080001be   0x080001be   0x00000006   Code   RO         5979    .ARM.Collect$$_printf_percent$$00000010  c_w.l(_printf_llo.o)
    0x080001c4   0x080001c4   0x00000006   Code   RO         5980    .ARM.Collect$$_printf_percent$$00000011  c_w.l(_printf_llx.o)
    0x080001ca   0x080001ca   0x0000000a   Code   RO         5976    .ARM.Collect$$_printf_percent$$00000012  c_w.l(_printf_l.o)
    0x080001d4   0x080001d4   0x00000006   Code   RO         5882    .ARM.Collect$$_printf_percent$$00000013  c_w.l(_printf_c.o)
    0x080001da   0x080001da   0x00000006   Code   RO         5883    .ARM.Collect$$_printf_percent$$00000014  c_w.l(_printf_s.o)
    0x080001e0   0x080001e0   0x00000006   Code   RO         5977    .ARM.Collect$$_printf_percent$$00000015  c_w.l(_printf_lc.o)
    0x080001e6   0x080001e6   0x00000006   Code   RO         5978    .ARM.Collect$$_printf_percent$$00000016  c_w.l(_printf_ls.o)
    0x080001ec   0x080001ec   0x00000004   Code   RO         5971    .ARM.Collect$$_printf_percent$$00000017  c_w.l(_printf_percent_end.o)
    0x080001f0   0x080001f0   0x00000002   Code   RO         6071    .ARM.Collect$$libinit$$00000000  c_w.l(libinit.o)
    0x080001f2   0x080001f2   0x00000000   Code   RO         6094    .ARM.Collect$$libinit$$00000002  c_w.l(libinit2.o)
    0x080001f2   0x080001f2   0x00000000   Code   RO         6096    .ARM.Collect$$libinit$$00000004  c_w.l(libinit2.o)
    0x080001f2   0x080001f2   0x00000000   Code   RO         6099    .ARM.Collect$$libinit$$0000000A  c_w.l(libinit2.o)
    0x080001f2   0x080001f2   0x00000000   Code   RO         6101    .ARM.Collect$$libinit$$0000000C  c_w.l(libinit2.o)
    0x080001f2   0x080001f2   0x00000000   Code   RO         6103    .ARM.Collect$$libinit$$0000000E  c_w.l(libinit2.o)
    0x080001f2   0x080001f2   0x00000006   Code   RO         6104    .ARM.Collect$$libinit$$0000000F  c_w.l(libinit2.o)
    0x080001f8   0x080001f8   0x00000000   Code   RO         6106    .ARM.Collect$$libinit$$00000011  c_w.l(libinit2.o)
    0x080001f8   0x080001f8   0x0000000c   Code   RO         6107    .ARM.Collect$$libinit$$00000012  c_w.l(libinit2.o)
    0x08000204   0x08000204   0x00000000   Code   RO         6108    .ARM.Collect$$libinit$$00000013  c_w.l(libinit2.o)
    0x08000204   0x08000204   0x00000000   Code   RO         6110    .ARM.Collect$$libinit$$00000015  c_w.l(libinit2.o)
    0x08000204   0x08000204   0x0000000a   Code   RO         6111    .ARM.Collect$$libinit$$00000016  c_w.l(libinit2.o)
    0x0800020e   0x0800020e   0x00000000   Code   RO         6112    .ARM.Collect$$libinit$$00000017  c_w.l(libinit2.o)
    0x0800020e   0x0800020e   0x00000000   Code   RO         6114    .ARM.Collect$$libinit$$00000019  c_w.l(libinit2.o)
    0x0800020e   0x0800020e   0x00000000   Code   RO         6116    .ARM.Collect$$libinit$$0000001B  c_w.l(libinit2.o)
    0x0800020e   0x0800020e   0x00000000   Code   RO         6118    .ARM.Collect$$libinit$$0000001D  c_w.l(libinit2.o)
    0x0800020e   0x0800020e   0x00000000   Code   RO         6120    .ARM.Collect$$libinit$$0000001F  c_w.l(libinit2.o)
    0x0800020e   0x0800020e   0x00000000   Code   RO         6122    .ARM.Collect$$libinit$$00000021  c_w.l(libinit2.o)
    0x0800020e   0x0800020e   0x00000000   Code   RO         6124    .ARM.Collect$$libinit$$00000023  c_w.l(libinit2.o)
    0x0800020e   0x0800020e   0x00000000   Code   RO         6126    .ARM.Collect$$libinit$$00000025  c_w.l(libinit2.o)
    0x0800020e   0x0800020e   0x00000000   Code   RO         6130    .ARM.Collect$$libinit$$0000002C  c_w.l(libinit2.o)
    0x0800020e   0x0800020e   0x00000000   Code   RO         6132    .ARM.Collect$$libinit$$0000002E  c_w.l(libinit2.o)
    0x0800020e   0x0800020e   0x00000000   Code   RO         6134    .ARM.Collect$$libinit$$00000030  c_w.l(libinit2.o)
    0x0800020e   0x0800020e   0x00000000   Code   RO         6136    .ARM.Collect$$libinit$$00000032  c_w.l(libinit2.o)
    0x0800020e   0x0800020e   0x00000002   Code   RO         6137    .ARM.Collect$$libinit$$00000033  c_w.l(libinit2.o)
    0x08000210   0x08000210   0x00000002   Code   RO         6161    .ARM.Collect$$libshutdown$$00000000  c_w.l(libshutdown.o)
    0x08000212   0x08000212   0x00000000   Code   RO         6185    .ARM.Collect$$libshutdown$$00000002  c_w.l(libshutdown2.o)
    0x08000212   0x08000212   0x00000000   Code   RO         6187    .ARM.Collect$$libshutdown$$00000004  c_w.l(libshutdown2.o)
    0x08000212   0x08000212   0x00000000   Code   RO         6190    .ARM.Collect$$libshutdown$$00000007  c_w.l(libshutdown2.o)
    0x08000212   0x08000212   0x00000000   Code   RO         6193    .ARM.Collect$$libshutdown$$0000000A  c_w.l(libshutdown2.o)
    0x08000212   0x08000212   0x00000000   Code   RO         6195    .ARM.Collect$$libshutdown$$0000000C  c_w.l(libshutdown2.o)
    0x08000212   0x08000212   0x00000000   Code   RO         6198    .ARM.Collect$$libshutdown$$0000000F  c_w.l(libshutdown2.o)
    0x08000212   0x08000212   0x00000002   Code   RO         6199    .ARM.Collect$$libshutdown$$00000010  c_w.l(libshutdown2.o)
    0x08000214   0x08000214   0x00000000   Code   RO         5907    .ARM.Collect$$rtentry$$00000000  c_w.l(__rtentry.o)
    0x08000214   0x08000214   0x00000000   Code   RO         5992    .ARM.Collect$$rtentry$$00000002  c_w.l(__rtentry2.o)
    0x08000214   0x08000214   0x00000006   Code   RO         6004    .ARM.Collect$$rtentry$$00000004  c_w.l(__rtentry4.o)
    0x0800021a   0x0800021a   0x00000000   Code   RO         5994    .ARM.Collect$$rtentry$$00000009  c_w.l(__rtentry2.o)
    0x0800021a   0x0800021a   0x00000004   Code   RO         5995    .ARM.Collect$$rtentry$$0000000A  c_w.l(__rtentry2.o)
    0x0800021e   0x0800021e   0x00000000   Code   RO         5997    .ARM.Collect$$rtentry$$0000000C  c_w.l(__rtentry2.o)
    0x0800021e   0x0800021e   0x00000008   Code   RO         5998    .ARM.Collect$$rtentry$$0000000D  c_w.l(__rtentry2.o)
    0x08000226   0x08000226   0x00000002   Code   RO         6080    .ARM.Collect$$rtexit$$00000000  c_w.l(rtexit.o)
    0x08000228   0x08000228   0x00000000   Code   RO         6139    .ARM.Collect$$rtexit$$00000002  c_w.l(rtexit2.o)
    0x08000228   0x08000228   0x00000004   Code   RO         6140    .ARM.Collect$$rtexit$$00000003  c_w.l(rtexit2.o)
    0x0800022c   0x0800022c   0x00000006   Code   RO         6141    .ARM.Collect$$rtexit$$00000004  c_w.l(rtexit2.o)
    0x08000232   0x08000232   0x00000002   PAD
    0x08000234   0x08000234   0x00000012   Code   RO          433    .emb_text           stm32f1xx_it.o
    0x08000246   0x08000246   0x00000002   PAD
    0x08000248   0x08000248   0x00000096   Code   RO         4960    .emb_text           port.o
    0x080002de   0x080002de   0x00000002   PAD
    0x080002e0   0x080002e0   0x00000040   Code   RO            4    .text               startup_stm32f103xb.o
    0x08000320   0x08000320   0x00000002   Code   RO         5840    .text               c_w.l(use_no_semi_2.o)
    0x08000322   0x08000322   0x00000002   PAD
    0x08000324   0x08000324   0x00000034   Code   RO         5846    .text               c_w.l(vsnprintf.o)
    0x08000358   0x08000358   0x00000018   Code   RO         5848    .text               c_w.l(__2printf.o)
    0x08000370   0x08000370   0x00000038   Code   RO         5850    .text               c_w.l(__2snprintf.o)
    0x080003a8   0x080003a8   0x00000052   Code   RO         5858    .text               c_w.l(_printf_str.o)
    0x080003fa   0x080003fa   0x00000002   PAD
    0x080003fc   0x080003fc   0x00000078   Code   RO         5860    .text               c_w.l(_printf_dec.o)
    0x08000474   0x08000474   0x00000188   Code   RO         5879    .text               c_w.l(__printf_flags_ss_wp.o)
    0x080005fc   0x080005fc   0x0000008a   Code   RO         5891    .text               c_w.l(rt_memcpy_v6.o)
    0x08000686   0x08000686   0x00000010   Code   RO         5895    .text               c_w.l(aeabi_memset.o)
    0x08000696   0x08000696   0x00000044   Code   RO         5897    .text               c_w.l(rt_memclr.o)
    0x080006da   0x080006da   0x0000004e   Code   RO         5899    .text               c_w.l(rt_memclr_w.o)
    0x08000728   0x08000728   0x00000006   Code   RO         5901    .text               c_w.l(heapauxi.o)
    0x0800072e   0x0800072e   0x00000002   Code   RO         5905    .text               c_w.l(use_no_semi.o)
    0x08000730   0x08000730   0x0000004e   Code   RO         5912    .text               c_w.l(_printf_pad.o)
    0x0800077e   0x0800077e   0x00000024   Code   RO         5914    .text               c_w.l(_printf_truncate.o)
    0x080007a2   0x080007a2   0x000000b2   Code   RO         5916    .text               c_w.l(_printf_intcommon.o)
    0x08000854   0x08000854   0x00000028   Code   RO         5918    .text               c_w.l(_printf_charcount.o)
    0x0800087c   0x0800087c   0x00000030   Code   RO         5920    .text               c_w.l(_printf_char_common.o)
    0x080008ac   0x080008ac   0x0000000a   Code   RO         5922    .text               c_w.l(_sputc.o)
    0x080008b6   0x080008b6   0x00000010   Code   RO         5924    .text               c_w.l(_snputc.o)
    0x080008c6   0x080008c6   0x0000002c   Code   RO         5926    .text               c_w.l(_printf_char.o)
    0x080008f2   0x080008f2   0x00000002   PAD
    0x080008f4   0x080008f4   0x00000024   Code   RO         5928    .text               c_w.l(_printf_char_file.o)
    0x08000918   0x08000918   0x000000bc   Code   RO         5930    .text               c_w.l(_printf_wctomb.o)
    0x080009d4   0x080009d4   0x0000007c   Code   RO         5933    .text               c_w.l(_printf_longlong_dec.o)
    0x08000a50   0x08000a50   0x00000070   Code   RO         5939    .text               c_w.l(_printf_oct_int_ll.o)
    0x08000ac0   0x08000ac0   0x00000094   Code   RO         5959    .text               c_w.l(_printf_hex_int_ll_ptr.o)
    0x08000b54   0x08000b54   0x00000064   Code   RO         5981    .text               c_w.l(rt_memcpy_w.o)
    0x08000bb8   0x08000bb8   0x0000008a   Code   RO         6008    .text               c_w.l(lludiv10.o)
    0x08000c42   0x08000c42   0x0000041e   Code   RO         6010    .text               c_w.l(_printf_fp_dec.o)
    0x08001060   0x08001060   0x000002fc   Code   RO         6012    .text               c_w.l(_printf_fp_hex.o)
    0x0800135c   0x0800135c   0x0000002c   Code   RO         6017    .text               c_w.l(_printf_wchar.o)
    0x08001388   0x08001388   0x00000040   Code   RO         6019    .text               c_w.l(_wcrtomb.o)
    0x080013c8   0x080013c8   0x0000004a   Code   RO         6021    .text               c_w.l(sys_stackheap_outer.o)
    0x08001412   0x08001412   0x00000002   PAD
    0x08001414   0x08001414   0x00000010   Code   RO         6023    .text               c_w.l(rt_ctype_table.o)
    0x08001424   0x08001424   0x00000008   Code   RO         6028    .text               c_w.l(rt_locale_intlibspace.o)
    0x0800142c   0x0800142c   0x00000080   Code   RO         6030    .text               c_w.l(_printf_fp_infnan.o)
    0x080014ac   0x080014ac   0x000000e4   Code   RO         6032    .text               c_w.l(bigflt0.o)
    0x08001590   0x08001590   0x00000012   Code   RO         6060    .text               c_w.l(exit.o)
    0x080015a2   0x080015a2   0x00000002   PAD
    0x080015a4   0x080015a4   0x00000008   Code   RO         6077    .text               c_w.l(libspace.o)
    0x080015ac   0x080015ac   0x00000080   Code   RO         6091    .text               c_w.l(strcmpv7m.o)
    0x0800162c   0x0800162c   0x0000003e   Code   RO         6035    CL$$btod_d2e        c_w.l(btod.o)
    0x0800166a   0x0800166a   0x00000046   Code   RO         6037    CL$$btod_d2e_denorm_low  c_w.l(btod.o)
    0x080016b0   0x080016b0   0x00000060   Code   RO         6036    CL$$btod_d2e_norm_op1  c_w.l(btod.o)
    0x08001710   0x08001710   0x00000338   Code   RO         6045    CL$$btod_div_common  c_w.l(btod.o)
    0x08001a48   0x08001a48   0x000000dc   Code   RO         6042    CL$$btod_e2e        c_w.l(btod.o)
    0x08001b24   0x08001b24   0x0000002a   Code   RO         6039    CL$$btod_ediv       c_w.l(btod.o)
    0x08001b4e   0x08001b4e   0x0000002a   Code   RO         6038    CL$$btod_emul       c_w.l(btod.o)
    0x08001b78   0x08001b78   0x00000244   Code   RO         6044    CL$$btod_mult_common  c_w.l(btod.o)
    0x08001dbc   0x08001dbc   0x00000040   Code   RO         5128    i.APP_Init          task_main.o
    0x08001dfc   0x08001dfc   0x00000002   Code   RO          434    i.BusFault_Handler  stm32f1xx_it.o
    0x08001dfe   0x08001dfe   0x00000002   PAD
    0x08001e00   0x08001e00   0x0000000c   Code   RO          435    i.DMA1_Channel4_IRQHandler  stm32f1xx_it.o
    0x08001e0c   0x08001e0c   0x0000002a   Code   RO         2405    i.DMA_SetConfig     stm32f1xx_hal_dma.o
    0x08001e36   0x08001e36   0x00000002   Code   RO          436    i.DebugMon_Handler  stm32f1xx_it.o
    0x08001e38   0x08001e38   0x00000028   Code   RO           13    i.Error_Handler     main.o
    0x08001e60   0x08001e60   0x00000046   Code   RO         2406    i.HAL_DMA_Abort     stm32f1xx_hal_dma.o
    0x08001ea6   0x08001ea6   0x00000002   PAD
    0x08001ea8   0x08001ea8   0x00000098   Code   RO         2407    i.HAL_DMA_Abort_IT  stm32f1xx_hal_dma.o
    0x08001f40   0x08001f40   0x00000154   Code   RO         2411    i.HAL_DMA_IRQHandler  stm32f1xx_hal_dma.o
    0x08002094   0x08002094   0x0000005c   Code   RO         2412    i.HAL_DMA_Init      stm32f1xx_hal_dma.o
    0x080020f0   0x080020f0   0x00000070   Code   RO         2416    i.HAL_DMA_Start_IT  stm32f1xx_hal_dma.o
    0x08002160   0x08002160   0x000001e0   Code   RO         2342    i.HAL_GPIO_Init     stm32f1xx_hal_gpio.o
    0x08002340   0x08002340   0x0000000a   Code   RO         2344    i.HAL_GPIO_ReadPin  stm32f1xx_hal_gpio.o
    0x0800234a   0x0800234a   0x0000000a   Code   RO         2346    i.HAL_GPIO_WritePin  stm32f1xx_hal_gpio.o
    0x08002354   0x08002354   0x0000000c   Code   RO         2036    i.HAL_GetTick       stm32f1xx_hal.o
    0x08002360   0x08002360   0x00000188   Code   RO         1599    i.HAL_I2C_Init      stm32f1xx_hal_i2c.o
    0x080024e8   0x080024e8   0x00000098   Code   RO          254    i.HAL_I2C_MspInit   i2c.o
    0x08002580   0x08002580   0x00000010   Code   RO         2042    i.HAL_IncTick       stm32f1xx_hal.o
    0x08002590   0x08002590   0x00000024   Code   RO         2043    i.HAL_Init          stm32f1xx_hal.o
    0x080025b4   0x080025b4   0x00000098   Code   RO          540    i.HAL_InitTick      stm32f1xx_hal_timebase_tim.o
    0x0800264c   0x0800264c   0x00000050   Code   RO          516    i.HAL_MspInit       stm32f1xx_hal_msp.o
    0x0800269c   0x0800269c   0x0000001a   Code   RO         2502    i.HAL_NVIC_EnableIRQ  stm32f1xx_hal_cortex.o
    0x080026b6   0x080026b6   0x00000002   PAD
    0x080026b8   0x080026b8   0x00000040   Code   RO         2508    i.HAL_NVIC_SetPriority  stm32f1xx_hal_cortex.o
    0x080026f8   0x080026f8   0x00000024   Code   RO         2509    i.HAL_NVIC_SetPriorityGrouping  stm32f1xx_hal_cortex.o
    0x0800271c   0x0800271c   0x0000000c   Code   RO         2624    i.HAL_PWR_EnableBkUpAccess  stm32f1xx_hal_pwr.o
    0x08002728   0x08002728   0x000000a4   Code   RO         2303    i.HAL_RCCEx_GetPeriphCLKFreq  stm32f1xx_hal_rcc_ex.o
    0x080027cc   0x080027cc   0x000000ec   Code   RO         2304    i.HAL_RCCEx_PeriphCLKConfig  stm32f1xx_hal_rcc_ex.o
    0x080028b8   0x080028b8   0x0000012c   Code   RO         2200    i.HAL_RCC_ClockConfig  stm32f1xx_hal_rcc.o
    0x080029e4   0x080029e4   0x00000040   Code   RO         2204    i.HAL_RCC_GetClockConfig  stm32f1xx_hal_rcc.o
    0x08002a24   0x08002a24   0x00000020   Code   RO         2207    i.HAL_RCC_GetPCLK1Freq  stm32f1xx_hal_rcc.o
    0x08002a44   0x08002a44   0x00000020   Code   RO         2208    i.HAL_RCC_GetPCLK2Freq  stm32f1xx_hal_rcc.o
    0x08002a64   0x08002a64   0x0000004c   Code   RO         2209    i.HAL_RCC_GetSysClockFreq  stm32f1xx_hal_rcc.o
    0x08002ab0   0x08002ab0   0x00000320   Code   RO         2212    i.HAL_RCC_OscConfig  stm32f1xx_hal_rcc.o
    0x08002dd0   0x08002dd0   0x00000002   Code   RO         3177    i.HAL_RTCEx_RTCEventCallback  stm32f1xx_hal_rtc_ex.o
    0x08002dd2   0x08002dd2   0x00000002   Code   RO         3178    i.HAL_RTCEx_RTCEventErrorCallback  stm32f1xx_hal_rtc_ex.o
    0x08002dd4   0x08002dd4   0x0000003e   Code   RO         3179    i.HAL_RTCEx_RTCIRQHandler  stm32f1xx_hal_rtc_ex.o
    0x08002e12   0x08002e12   0x00000002   PAD
    0x08002e14   0x08002e14   0x00000094   Code   RO         3010    i.HAL_RTC_Init      stm32f1xx_hal_rtc.o
    0x08002ea8   0x08002ea8   0x00000048   Code   RO          302    i.HAL_RTC_MspInit   rtc.o
    0x08002ef0   0x08002ef0   0x000000c4   Code   RO         3016    i.HAL_RTC_SetDate   stm32f1xx_hal_rtc.o
    0x08002fb4   0x08002fb4   0x000000ac   Code   RO         3017    i.HAL_RTC_SetTime   stm32f1xx_hal_rtc.o
    0x08003060   0x08003060   0x0000003a   Code   RO         3018    i.HAL_RTC_WaitForSynchro  stm32f1xx_hal_rtc.o
    0x0800309a   0x0800309a   0x00000002   Code   RO         1321    i.HAL_TIMEx_BreakCallback  stm32f1xx_hal_tim_ex.o
    0x0800309c   0x0800309c   0x00000002   Code   RO         1322    i.HAL_TIMEx_CommutCallback  stm32f1xx_hal_tim_ex.o
    0x0800309e   0x0800309e   0x00000002   PAD
    0x080030a0   0x080030a0   0x00000068   Code   RO         1340    i.HAL_TIMEx_MasterConfigSynchronization  stm32f1xx_hal_tim_ex.o
    0x08003108   0x08003108   0x0000005a   Code   RO          617    i.HAL_TIM_Base_Init  stm32f1xx_hal_tim.o
    0x08003162   0x08003162   0x00000002   Code   RO          619    i.HAL_TIM_Base_MspInit  stm32f1xx_hal_tim.o
    0x08003164   0x08003164   0x00000058   Code   RO          622    i.HAL_TIM_Base_Start_IT  stm32f1xx_hal_tim.o
    0x080031bc   0x080031bc   0x00000002   Code   RO          651    i.HAL_TIM_IC_CaptureCallback  stm32f1xx_hal_tim.o
    0x080031be   0x080031be   0x00000130   Code   RO          665    i.HAL_TIM_IRQHandler  stm32f1xx_hal_tim.o
    0x080032ee   0x080032ee   0x00000002   PAD
    0x080032f0   0x080032f0   0x00000048   Code   RO          343    i.HAL_TIM_MspPostInit  tim.o
    0x08003338   0x08003338   0x00000002   Code   RO          668    i.HAL_TIM_OC_DelayElapsedCallback  stm32f1xx_hal_tim.o
    0x0800333a   0x0800333a   0x000000cc   Code   RO          689    i.HAL_TIM_PWM_ConfigChannel  stm32f1xx_hal_tim.o
    0x08003406   0x08003406   0x0000005a   Code   RO          692    i.HAL_TIM_PWM_Init  stm32f1xx_hal_tim.o
    0x08003460   0x08003460   0x00000024   Code   RO          345    i.HAL_TIM_PWM_MspInit  tim.o
    0x08003484   0x08003484   0x00000002   Code   RO          695    i.HAL_TIM_PWM_PulseFinishedCallback  stm32f1xx_hal_tim.o
    0x08003486   0x08003486   0x00000002   PAD
    0x08003488   0x08003488   0x00000014   Code   RO           14    i.HAL_TIM_PeriodElapsedCallback  main.o
    0x0800349c   0x0800349c   0x00000002   Code   RO          708    i.HAL_TIM_TriggerCallback  stm32f1xx_hal_tim.o
    0x0800349e   0x0800349e   0x00000002   Code   RO         3286    i.HAL_UARTEx_RxEventCallback  stm32f1xx_hal_uart.o
    0x080034a0   0x080034a0   0x00000002   Code   RO         3300    i.HAL_UART_ErrorCallback  stm32f1xx_hal_uart.o
    0x080034a2   0x080034a2   0x00000002   PAD
    0x080034a4   0x080034a4   0x0000026c   Code   RO         3303    i.HAL_UART_IRQHandler  stm32f1xx_hal_uart.o
    0x08003710   0x08003710   0x00000064   Code   RO         3304    i.HAL_UART_Init     stm32f1xx_hal_uart.o
    0x08003774   0x08003774   0x000000b0   Code   RO          392    i.HAL_UART_MspInit  usart.o
    0x08003824   0x08003824   0x00000002   Code   RO         3310    i.HAL_UART_RxCpltCallback  stm32f1xx_hal_uart.o
    0x08003826   0x08003826   0x00000002   PAD
    0x08003828   0x08003828   0x00000078   Code   RO         3313    i.HAL_UART_Transmit_DMA  stm32f1xx_hal_uart.o
    0x080038a0   0x080038a0   0x00000048   Code   RO         5183    i.HAL_UART_TxCpltCallback  serial.o
    0x080038e8   0x080038e8   0x00000002   Code   RO         3316    i.HAL_UART_TxHalfCpltCallback  stm32f1xx_hal_uart.o
    0x080038ea   0x080038ea   0x00000002   PAD
    0x080038ec   0x080038ec   0x0000002c   Code   RO         5666    i.I2C1_SW_DelayUs   bsp_i2c1_sw.o
    0x08003918   0x08003918   0x00000008   Code   RO         5667    i.I2C1_SW_GetDriver  bsp_i2c1_sw.o
    0x08003920   0x08003920   0x00000060   Code   RO         5668    i.I2C1_SW_Init      bsp_i2c1_sw.o
    0x08003980   0x08003980   0x000000f4   Code   RO         5669    i.I2C1_SW_Read      bsp_i2c1_sw.o
    0x08003a74   0x08003a74   0x0000005c   Code   RO         5670    i.I2C1_SW_Write     bsp_i2c1_sw.o
    0x08003ad0   0x08003ad0   0x00000038   Code   RO         5300    i.I2C_Init          i2c_test.o
    0x08003b08   0x08003b08   0x00000060   Code   RO         5301    i.I2C_SW_test       i2c_test.o
    0x08003b68   0x08003b68   0x00000058   Code   RO         5671    i.I2C_SendByte      bsp_i2c1_sw.o
    0x08003bc0   0x08003bc0   0x00000040   Code   RO         5672    i.I2C_Start         bsp_i2c1_sw.o
    0x08003c00   0x08003c00   0x00000048   Code   RO         5673    i.I2C_Stop          bsp_i2c1_sw.o
    0x08003c48   0x08003c48   0x0000004c   Code   RO         5674    i.I2C_WaitAck       bsp_i2c1_sw.o
    0x08003c94   0x08003c94   0x0000002c   Code   RO          229    i.MX_DMA_Init       dma.o
    0x08003cc0   0x08003cc0   0x00000084   Code   RO          205    i.MX_GPIO_Init      gpio.o
    0x08003d44   0x08003d44   0x00000040   Code   RO          256    i.MX_I2C2_Init      i2c.o
    0x08003d84   0x08003d84   0x00000070   Code   RO          303    i.MX_RTC_Init       rtc.o
    0x08003df4   0x08003df4   0x00000070   Code   RO          346    i.MX_TIM2_Init      tim.o
    0x08003e64   0x08003e64   0x00000038   Code   RO          393    i.MX_USART1_UART_Init  usart.o
    0x08003e9c   0x08003e9c   0x00000002   Code   RO          437    i.MemManage_Handler  stm32f1xx_it.o
    0x08003e9e   0x08003e9e   0x00000002   Code   RO          438    i.NMI_Handler       stm32f1xx_it.o
    0x08003ea0   0x08003ea0   0x00000012   Code   RO         3019    i.RTC_Bcd2ToByte    stm32f1xx_hal_rtc.o
    0x08003eb2   0x08003eb2   0x00000034   Code   RO         3022    i.RTC_EnterInitMode  stm32f1xx_hal_rtc.o
    0x08003ee6   0x08003ee6   0x00000002   PAD
    0x08003ee8   0x08003ee8   0x00000036   Code   RO         3023    i.RTC_ExitInitMode  stm32f1xx_hal_rtc.o
    0x08003f1e   0x08003f1e   0x00000002   PAD
    0x08003f20   0x08003f20   0x0000000c   Code   RO          439    i.RTC_IRQHandler    stm32f1xx_it.o
    0x08003f2c   0x08003f2c   0x0000000e   Code   RO         3024    i.RTC_ReadAlarmCounter  stm32f1xx_hal_rtc.o
    0x08003f3a   0x08003f3a   0x00000020   Code   RO         3025    i.RTC_ReadTimeCounter  stm32f1xx_hal_rtc.o
    0x08003f5a   0x08003f5a   0x00000056   Code   RO         3026    i.RTC_WeekDayNum    stm32f1xx_hal_rtc.o
    0x08003fb0   0x08003fb0   0x00000028   Code   RO         3027    i.RTC_WriteAlarmCounter  stm32f1xx_hal_rtc.o
    0x08003fd8   0x08003fd8   0x00000028   Code   RO         3028    i.RTC_WriteTimeCounter  stm32f1xx_hal_rtc.o
    0x08004000   0x08004000   0x0000002c   Code   RO         4961    i.SysTick_Handler   port.o
    0x0800402c   0x0800402c   0x00000074   Code   RO           15    i.SystemClock_Config  main.o
    0x080040a0   0x080040a0   0x00000002   Code   RO         3638    i.SystemInit        system_stm32f1xx.o
    0x080040a2   0x080040a2   0x00000002   PAD
    0x080040a4   0x080040a4   0x0000000c   Code   RO          440    i.TIM4_IRQHandler   stm32f1xx_it.o
    0x080040b0   0x080040b0   0x00000078   Code   RO          710    i.TIM_Base_SetConfig  stm32f1xx_hal_tim.o
    0x08004128   0x08004128   0x00000050   Code   RO          723    i.TIM_OC1_SetConfig  stm32f1xx_hal_tim.o
    0x08004178   0x08004178   0x00000058   Code   RO          724    i.TIM_OC2_SetConfig  stm32f1xx_hal_tim.o
    0x080041d0   0x080041d0   0x00000058   Code   RO          725    i.TIM_OC3_SetConfig  stm32f1xx_hal_tim.o
    0x08004228   0x08004228   0x00000044   Code   RO          726    i.TIM_OC4_SetConfig  stm32f1xx_hal_tim.o
    0x0800426c   0x0800426c   0x00000010   Code   RO         3317    i.UART_DMAAbortOnError  stm32f1xx_hal_uart.o
    0x0800427c   0x0800427c   0x0000004a   Code   RO         3318    i.UART_DMAError     stm32f1xx_hal_uart.o
    0x080042c6   0x080042c6   0x00000042   Code   RO         3323    i.UART_DMATransmitCplt  stm32f1xx_hal_uart.o
    0x08004308   0x08004308   0x0000000a   Code   RO         3325    i.UART_DMATxHalfCplt  stm32f1xx_hal_uart.o
    0x08004312   0x08004312   0x0000004e   Code   RO         3327    i.UART_EndRxTransfer  stm32f1xx_hal_uart.o
    0x08004360   0x08004360   0x0000001c   Code   RO         3328    i.UART_EndTxTransfer  stm32f1xx_hal_uart.o
    0x0800437c   0x0800437c   0x000000c2   Code   RO         3329    i.UART_Receive_IT   stm32f1xx_hal_uart.o
    0x0800443e   0x0800443e   0x00000002   PAD
    0x08004440   0x08004440   0x000000b8   Code   RO         3330    i.UART_SetConfig    stm32f1xx_hal_uart.o
    0x080044f8   0x080044f8   0x0000000c   Code   RO          441    i.USART1_IRQHandler  stm32f1xx_it.o
    0x08004504   0x08004504   0x00000002   Code   RO          442    i.UsageFault_Handler  stm32f1xx_it.o
    0x08004506   0x08004506   0x00000028   Code   RO         6075    i.__ARM_fpclassify  m_ws.l(fpclassify.o)
    0x0800452e   0x0800452e   0x00000020   Code   RO         2515    i.__NVIC_SetPriority  stm32f1xx_hal_cortex.o
    0x0800454e   0x0800454e   0x0000000e   Code   RO         5872    i._is_digit         c_w.l(__printf_wp.o)
    0x0800455c   0x0800455c   0x00000002   Code   RO         5185    i._sys_exit         serial.o
    0x0800455e   0x0800455e   0x00000002   PAD
    0x08004560   0x08004560   0x00000018   Code   RO         5630    i.bsp_btn_cfm_read  bsp_button.o
    0x08004578   0x08004578   0x00000018   Code   RO         5631    i.bsp_btn_last_read  bsp_button.o
    0x08004590   0x08004590   0x00000018   Code   RO         5632    i.bsp_btn_next_read  bsp_button.o
    0x080045a8   0x080045a8   0x0000001c   Code   RO         5584    i.btn_callback      button_service.o
    0x080045c4   0x080045c4   0x00000020   Code   RO         5585    i.btn_scan_timer_callback  button_service.o
    0x080045e4   0x080045e4   0x00000014   Code   RO         5808    i.button_attach_long  button.o
    0x080045f8   0x080045f8   0x00000014   Code   RO         5809    i.button_attach_short  button.o
    0x0800460c   0x0800460c   0x0000002c   Code   RO         5810    i.button_init       button.o
    0x08004638   0x08004638   0x000000cc   Code   RO         5587    i.button_service_init  button_service.o
    0x08004704   0x08004704   0x0000009c   Code   RO         5811    i.button_ticks      button.o
    0x080047a0   0x080047a0   0x000000e0   Code   RO         5732    i.check_crash_log_on_startup  hardfault_debug.o
    0x08004880   0x08004880   0x00000538   Code   RO         5733    i.decode_fault_reason  hardfault_debug.o
    0x08004db8   0x08004db8   0x000000b0   Code   RO         5529    i.default_backend   log.o
    0x08004e68   0x08004e68   0x00000028   Code   RO         5734    i.dump_hex_word     hardfault_debug.o
    0x08004e90   0x08004e90   0x000000d0   Code   RO         5735    i.dump_registers    hardfault_debug.o
    0x08004f60   0x08004f60   0x000000e0   Code   RO         5736    i.dump_stack_region  hardfault_debug.o
    0x08005040   0x08005040   0x00000006   Code   RO         5187    i.ferror            serial.o
    0x08005046   0x08005046   0x00000002   PAD
    0x08005048   0x08005048   0x00000014   Code   RO         5189    i.fputc             serial.o
    0x0800505c   0x0800505c   0x0000001c   Code   RO         5737    i.hardfault_debug_init  hardfault_debug.o
    0x08005078   0x08005078   0x0000014c   Code   RO         5738    i.hardfault_dump    hardfault_debug.o
    0x080051c4   0x080051c4   0x00000014   Code   RO         5531    i.log_init          log.o
    0x080051d8   0x080051d8   0x00000028   Code   RO         5532    i.log_print         log.o
    0x08005200   0x08005200   0x00000028   Code   RO           16    i.main              main.o
    0x08005228   0x08005228   0x00000004   Code   RO         5338    i.osal_get_tick     osal.o
    0x0800522c   0x0800522c   0x00000060   Code   RO         5341    i.osal_queue_create  osal.o
    0x0800528c   0x0800528c   0x00000060   Code   RO         5342    i.osal_queue_receive  osal.o
    0x080052ec   0x080052ec   0x00000060   Code   RO         5344    i.osal_queue_send   osal.o
    0x0800534c   0x0800534c   0x00000060   Code   RO         5349    i.osal_semaphore_create  osal.o
    0x080053ac   0x080053ac   0x0000004c   Code   RO         5350    i.osal_semaphore_give  osal.o
    0x080053f8   0x080053f8   0x0000004c   Code   RO         5352    i.osal_semaphore_take  osal.o
    0x08005444   0x08005444   0x0000000e   Code   RO         5354    i.osal_start_scheduler  osal.o
    0x08005452   0x08005452   0x00000002   PAD
    0x08005454   0x08005454   0x00000088   Code   RO         5355    i.osal_task_create  osal.o
    0x080054dc   0x080054dc   0x00000004   Code   RO         5356    i.osal_task_delay   osal.o
    0x080054e0   0x080054e0   0x000000a4   Code   RO         5358    i.osal_task_notify_from_isr  osal.o
    0x08005584   0x08005584   0x00000018   Code   RO         5360    i.osal_task_notify_wait  osal.o
    0x0800559c   0x0800559c   0x00000064   Code   RO         5363    i.osal_timer_create  osal.o
    0x08005600   0x08005600   0x00000050   Code   RO         5364    i.osal_timer_start  osal.o
    0x08005650   0x08005650   0x00000098   Code   RO         4336    i.prvAddCurrentTaskToDelayedList  tasks.o
    0x080056e8   0x080056e8   0x000000f4   Code   RO         4337    i.prvAddNewTaskToReadyList  tasks.o
    0x080057dc   0x080057dc   0x00000050   Code   RO         4780    i.prvCheckForValidListAndQueue  timers.o
    0x0800582c   0x0800582c   0x0000003c   Code   RO         4338    i.prvCheckTasksWaitingTermination  tasks.o
    0x08005868   0x08005868   0x00000026   Code   RO         3886    i.prvCopyDataFromQueue  queue.o
    0x0800588e   0x0800588e   0x0000006c   Code   RO         3887    i.prvCopyDataToQueue  queue.o
    0x080058fa   0x080058fa   0x00000014   Code   RO         4339    i.prvDeleteTCB      tasks.o
    0x0800590e   0x0800590e   0x00000002   PAD
    0x08005910   0x08005910   0x00000044   Code   RO         5049    i.prvHeapInit       heap_4.o
    0x08005954   0x08005954   0x00000028   Code   RO         4340    i.prvIdleTask       tasks.o
    0x0800597c   0x0800597c   0x000000e4   Code   RO         4341    i.prvInitialiseNewTask  tasks.o
    0x08005a60   0x08005a60   0x000000c4   Code   RO         5050    i.prvInsertBlockIntoFreeList  heap_4.o
    0x08005b24   0x08005b24   0x00000038   Code   RO         4781    i.prvInsertTimerInActiveList  timers.o
    0x08005b5c   0x08005b5c   0x0000001c   Code   RO         3888    i.prvIsQueueEmpty   queue.o
    0x08005b78   0x08005b78   0x000000c4   Code   RO         3889    i.prvNotifyQueueSetContainer  queue.o
    0x08005c3c   0x08005c3c   0x00000040   Code   RO         4782    i.prvProcessExpiredTimer  timers.o
    0x08005c7c   0x08005c7c   0x00000144   Code   RO         4783    i.prvProcessReceivedCommands  timers.o
    0x08005dc0   0x08005dc0   0x0000006c   Code   RO         4784    i.prvProcessTimerOrBlockTask  timers.o
    0x08005e2c   0x08005e2c   0x00000028   Code   RO         4785    i.prvReloadTimer    timers.o
    0x08005e54   0x08005e54   0x0000001c   Code   RO         4343    i.prvResetNextTaskUnblockTime  tasks.o
    0x08005e70   0x08005e70   0x00000048   Code   RO         4786    i.prvSampleTimeNow  timers.o
    0x08005eb8   0x08005eb8   0x00000078   Code   RO         4962    i.prvTaskExitError  port.o
    0x08005f30   0x08005f30   0x00000024   Code   RO         4787    i.prvTimerTask      timers.o
    0x08005f54   0x08005f54   0x00000076   Code   RO         3890    i.prvUnlockQueue    queue.o
    0x08005fca   0x08005fca   0x00000002   PAD
    0x08005fcc   0x08005fcc   0x00000198   Code   RO         5052    i.pvPortMalloc      heap_4.o
    0x08006164   0x08006164   0x00000014   Code   RO         4347    i.pvTaskIncrementMutexHeldCount  tasks.o
    0x08006178   0x08006178   0x00000024   Code   RO         4963    i.pxPortInitialiseStack  port.o
    0x0800619c   0x0800619c   0x0000004c   Code   RO         5739    i.send_str          hardfault_debug.o
    0x080061e8   0x080061e8   0x00000014   Code   RO         5740    i.send_strln        hardfault_debug.o
    0x080061fc   0x080061fc   0x00000028   Code   RO         5190    i.serial_buf_free_from_task  serial.o
    0x08006224   0x08006224   0x00000078   Code   RO         5191    i.serial_init       serial.o
    0x0800629c   0x0800629c   0x00000070   Code   RO         5192    i.serial_send_async  serial.o
    0x0800630c   0x0800630c   0x00000028   Code   RO         5194    i.serial_send_blocking  serial.o
    0x08006334   0x08006334   0x00000054   Code   RO         5195    i.serial_tx_task    serial.o
    0x08006388   0x08006388   0x00000028   Code   RO         5741    i.uint32_to_hex_str  hardfault_debug.o
    0x080063b0   0x080063b0   0x00000024   Code   RO         3834    i.uxListRemove      list.o
    0x080063d4   0x080063d4   0x0000000c   Code   RO         4352    i.uxTaskGetNumberOfTasks  tasks.o
    0x080063e0   0x080063e0   0x00000038   Code   RO         5129    i.vApplicationStackOverflowHook  task_main.o
    0x08006418   0x08006418   0x00000016   Code   RO         3835    i.vListInitialise   list.o
    0x0800642e   0x0800642e   0x00000006   Code   RO         3836    i.vListInitialiseItem  list.o
    0x08006434   0x08006434   0x00000030   Code   RO         3837    i.vListInsert       list.o
    0x08006464   0x08006464   0x00000090   Code   RO         4965    i.vPortEnterCritical  port.o
    0x080064f4   0x080064f4   0x00000078   Code   RO         4966    i.vPortExitCritical  port.o
    0x0800656c   0x0800656c   0x000000dc   Code   RO         5053    i.vPortFree         heap_4.o
    0x08006648   0x08006648   0x00000024   Code   RO         4967    i.vPortSetupTimerInterrupt  port.o
    0x0800666c   0x0800666c   0x000000a4   Code   RO         4968    i.vPortValidateInterruptPriority  port.o
    0x08006710   0x08006710   0x00000090   Code   RO         3898    i.vQueueAddToRegistry  queue.o
    0x080067a0   0x080067a0   0x00000044   Code   RO         3902    i.vQueueWaitForMessageRestricted  queue.o
    0x080067e4   0x080067e4   0x00000088   Code   RO         4359    i.vTaskDelay        tasks.o
    0x0800686c   0x0800686c   0x00000010   Code   RO         4364    i.vTaskInternalSetTimeOutState  tasks.o
    0x0800687c   0x0800687c   0x0000000c   Code   RO         4366    i.vTaskMissedYield  tasks.o
    0x08006888   0x08006888   0x00000070   Code   RO         4367    i.vTaskPlaceOnEventList  tasks.o
    0x080068f8   0x080068f8   0x00000094   Code   RO         4368    i.vTaskPlaceOnEventListRestricted  tasks.o
    0x0800698c   0x0800698c   0x00000104   Code   RO         4370    i.vTaskPriorityDisinheritAfterTimeout  tasks.o
    0x08006a90   0x08006a90   0x000000c4   Code   RO         4377    i.vTaskStartScheduler  tasks.o
    0x08006b54   0x08006b54   0x00000010   Code   RO         4379    i.vTaskSuspendAll   tasks.o
    0x08006b64   0x08006b64   0x000000c8   Code   RO         4380    i.vTaskSwitchContext  tasks.o
    0x08006c2c   0x08006c2c   0x000000c0   Code   RO         5742    i.write_crash_to_flash  hardfault_debug.o
    0x08006cec   0x08006cec   0x00000100   Code   RO         4969    i.xPortStartScheduler  port.o
    0x08006dec   0x08006dec   0x0000006c   Code   RO         3904    i.xQueueCreateCountingSemaphore  queue.o
    0x08006e58   0x08006e58   0x000000a4   Code   RO         3907    i.xQueueGenericCreate  queue.o
    0x08006efc   0x08006efc   0x000000f4   Code   RO         3908    i.xQueueGenericReset  queue.o
    0x08006ff0   0x08006ff0   0x000001b4   Code   RO         3909    i.xQueueGenericSend  queue.o
    0x080071a4   0x080071a4   0x00000174   Code   RO         3917    i.xQueueReceive     queue.o
    0x08007318   0x08007318   0x000001a4   Code   RO         3922    i.xQueueSemaphoreTake  queue.o
    0x080074bc   0x080074bc   0x000000c8   Code   RO         4383    i.xTaskCheckForTimeOut  tasks.o
    0x08007584   0x08007584   0x0000005c   Code   RO         4384    i.xTaskCreate       tasks.o
    0x080075e0   0x080075e0   0x000001bc   Code   RO         4387    i.xTaskGenericNotifyFromISR  tasks.o
    0x0800779c   0x0800779c   0x00000110   Code   RO         4389    i.xTaskGenericNotifyWait  tasks.o
    0x080078ac   0x080078ac   0x0000001c   Code   RO         4395    i.xTaskGetSchedulerState  tasks.o
    0x080078c8   0x080078c8   0x0000000c   Code   RO         4396    i.xTaskGetTickCount  tasks.o
    0x080078d4   0x080078d4   0x00000178   Code   RO         4398    i.xTaskIncrementTick  tasks.o
    0x08007a4c   0x08007a4c   0x000000f4   Code   RO         4399    i.xTaskPriorityDisinherit  tasks.o
    0x08007b40   0x08007b40   0x000000b0   Code   RO         4400    i.xTaskPriorityInherit  tasks.o
    0x08007bf0   0x08007bf0   0x0000011c   Code   RO         4401    i.xTaskRemoveFromEventList  tasks.o
    0x08007d0c   0x08007d0c   0x00000188   Code   RO         4402    i.xTaskResumeAll    tasks.o
    0x08007e94   0x08007e94   0x000000a4   Code   RO         4795    i.xTimerCreate      timers.o
    0x08007f38   0x08007f38   0x00000090   Code   RO         4796    i.xTimerCreateTimerTask  timers.o
    0x08007fc8   0x08007fc8   0x000000b0   Code   RO         4798    i.xTimerGenericCommandFromTask  timers.o
    0x08008078   0x08008078   0x0000002c   Code   RO         6058    locale$$code        c_w.l(lc_numeric_c.o)
    0x080080a4   0x080080a4   0x0000002c   Code   RO         6085    locale$$code        c_w.l(lc_ctype_c.o)
    0x080080d0   0x080080d0   0x00000004   Code   RO         5983    x$fpl$printf1       fz_ws.l(printf1.o)
    0x080080d4   0x080080d4   0x00000004   Code   RO         5985    x$fpl$printf2       fz_ws.l(printf2.o)
    0x080080d8   0x080080d8   0x00000000   Code   RO         6074    x$fpl$usenofp       fz_ws.l(usenofp.o)
    0x080080d8   0x080080d8   0x00000012   Data   RO         2213    .constdata          stm32f1xx_hal_rcc.o
    0x080080ea   0x080080ea   0x00000012   Data   RO         2305    .constdata          stm32f1xx_hal_rcc_ex.o
    0x080080fc   0x080080fc   0x00000010   Data   RO         3639    .constdata          system_stm32f1xx.o
    0x0800810c   0x0800810c   0x00000008   Data   RO         3640    .constdata          system_stm32f1xx.o
    0x08008114   0x08008114   0x00000011   Data   RO         5880    .constdata          c_w.l(__printf_flags_ss_wp.o)
    0x08008125   0x08008125   0x00000003   PAD
    0x08008128   0x08008128   0x00000008   Data   RO         5931    .constdata          c_w.l(_printf_wctomb.o)
    0x08008130   0x08008130   0x00000028   Data   RO         5960    .constdata          c_w.l(_printf_hex_int_ll_ptr.o)
    0x08008158   0x08008158   0x00000026   Data   RO         6013    .constdata          c_w.l(_printf_fp_hex.o)
    0x0800817e   0x0800817e   0x00000002   PAD
    0x08008180   0x08008180   0x00000094   Data   RO         6033    .constdata          c_w.l(bigflt0.o)
    0x08008214   0x08008214   0x00000020   Data   RO         6200    Region$$Table       anon$$obj.o
    0x08008234   0x08008234   0x0000001c   Data   RO         6057    locale$$data        c_w.l(lc_numeric_c.o)
    0x08008250   0x08008250   0x00000110   Data   RO         6084    locale$$data        c_w.l(lc_ctype_c.o)


    Execution Region RW_IRAM1 (Exec base: 0x20000000, Load base: 0x08008360, Size: 0x00003ef0, Max: 0x00005000, ABSOLUTE)

    Exec Addr    Load Addr    Size         Type   Attr      Idx    E Section Name        Object

    0x20000000   0x08008360   0x0000000c   Data   RW         2050    .data               stm32f1xx_hal.o
    0x2000000c   0x0800836c   0x00000004   Data   RW         3641    .data               system_stm32f1xx.o
    0x20000010   0x08008370   0x00000040   Data   RW         4405    .data               tasks.o
    0x20000050   0x080083b0   0x00000014   Data   RW         4807    .data               timers.o
    0x20000064   0x080083c4   0x0000000c   Data   RW         4970    .data               port.o
    0x20000070   0x080083d0   0x0000001c   Data   RW         5060    .data               heap_4.o
    0x2000008c   0x080083ec   0x00000018   Data   RW         5197    .data               serial.o
    0x200000a4   0x08008404   0x00000004   Data   RW         5198    .data               serial.o
    0x200000a8   0x08008408   0x00000008   Data   RW         5302    .data               i2c_test.o
    0x200000b0   0x08008410   0x00000008   Data   RW         5535    .data               log.o
    0x200000b8   0x08008418   0x00000008   Data   RW         5589    .data               button_service.o
    0x200000c0   0x08008420   0x00000010   Data   RW         5675    .data               bsp_i2c1_sw.o
    0x200000d0   0x08008430   0x00000004   Data   RW         5744    .data               hardfault_debug.o
    0x200000d4        -       0x000000a8   Zero   RW          257    .bss                i2c.o
    0x2000017c        -       0x00000014   Zero   RW          304    .bss                rtc.o
    0x20000190        -       0x00000048   Zero   RW          347    .bss                tim.o
    0x200001d8        -       0x0000008c   Zero   RW          394    .bss                usart.o
    0x20000264        -       0x00000048   Zero   RW          543    .bss                stm32f1xx_hal_timebase_tim.o
    0x200002ac        -       0x00000040   Zero   RW         3924    .bss                queue.o
    0x200002ec        -       0x0000012c   Zero   RW         4404    .bss                tasks.o
    0x20000418        -       0x00000028   Zero   RW         4806    .bss                timers.o
    0x20000440        -       0x00002800   Zero   RW         5059    .bss                heap_4.o
    0x20002c40        -       0x00000800   Zero   RW         5196    .bss                serial.o
    0x20003440        -       0x00000054   Zero   RW         5588    .bss                button_service.o
    0x20003494        -       0x000003f8   Zero   RW         5743    .bss                hardfault_debug.o
    0x2000388c        -       0x00000060   Zero   RW         6078    .bss                c_w.l(libspace.o)
    0x200038ec   0x08008434   0x00000004   PAD
    0x200038f0        -       0x00000200   Zero   RW            2    HEAP                startup_stm32f103xb.o
    0x20003af0        -       0x00000400   Zero   RW            1    STACK               startup_stm32f103xb.o


==============================================================================

Image component sizes


      Code (inc. data)   RO Data    RW Data    ZI Data      Debug   Object Name

        72         18          0          0          0       1435   bsp_button.o
       784         60          0         16          0       6480   bsp_i2c1_sw.o
       240          0          0          0          0       3136   button.o
       264         54          0          8         84       1854   button_service.o
         0          0          0          0          0      10352   croutine.o
        44          4          0          0          0        738   dma.o
         0          0          0          0          0      18272   event_groups.o
       132         16          0          0          0        923   gpio.o
      2720       1546          0          4       1016       9917   hardfault_debug.o
       892        264          0         28      10240       5399   heap_4.o
       216         32          0          0        168       1747   i2c.o
       152         26          0          8          0       2147   i2c_test.o
       112          0          0          0          0       2753   list.o
       236         62          0          8          0       2647   log.o
       216         32          0          0          0     449752   main.o
      1062        374          0          0          0       9146   osal.o
      1070        448          0         12          0      10869   port.o
      2444        506          0          0         64      17221   queue.o
       184         22          0          0         20       1583   rtc.o
       496         70          0         28       2048       8846   serial.o
        64         26        236          0       1536        800   startup_stm32f103xb.o
        64         14          0         12          0       4582   stm32f1xx_hal.o
       158         14          0          0          0      28138   stm32f1xx_hal_cortex.o
       808         36          0          0          0       4922   stm32f1xx_hal_dma.o
       500         34          0          0          0       3479   stm32f1xx_hal_gpio.o
       392         16          0          0          0       3187   stm32f1xx_hal_i2c.o
        80          8          0          0          0        854   stm32f1xx_hal_msp.o
        12          4          0          0          0        503   stm32f1xx_hal_pwr.o
      1304         94         18          0          0       5681   stm32f1xx_hal_rcc.o
       400         28         18          0          0       2441   stm32f1xx_hal_rcc_ex.o
       910         12          0          0          0       9256   stm32f1xx_hal_rtc.o
        66          0          0          0          0       2069   stm32f1xx_hal_rtc_ex.o
      1230         44          0          0          0      11387   stm32f1xx_hal_tim.o
       108         12          0          0          0       2369   stm32f1xx_hal_tim_ex.o
       152         20          0          0         72       1451   stm32f1xx_hal_timebase_tim.o
      1498         24          0          0          0      10956   stm32f1xx_hal_uart.o
        76         24          0          0          0       4171   stm32f1xx_it.o
         2          0         24          4          0       1091   system_stm32f1xx.o
       120         70          0          0          0       7263   task_main.o
      4420       1050          0         64        300      40991   tasks.o
       220         20          0          0         72       2175   tim.o
      1264        346          0         20         40      15346   timers.o
       232         28          0          0        140       1749   usart.o

    ----------------------------------------------------------------------
     25458       5458        328        212      15800     730078   Object Totals
         0          0         32          0          0          0   (incl. Generated)
        42          0          0          0          0          0   (incl. Padding)

    ----------------------------------------------------------------------

      Code (inc. data)   RO Data    RW Data    ZI Data      Debug   Library Member Name

        24          4          0          0          0         84   __2printf.o
        56          6          0          0          0         88   __2snprintf.o
         8          0          0          0          0         68   __main.o
       392          4         17          0          0         92   __printf_flags_ss_wp.o
        14          0          0          0          0         68   __printf_wp.o
         0          0          0          0          0          0   __rtentry.o
        12          0          0          0          0          0   __rtentry2.o
         6          0          0          0          0          0   __rtentry4.o
        52          8          0          0          0          0   __scatter.o
        26          0          0          0          0          0   __scatter_copy.o
        28          0          0          0          0          0   __scatter_zi.o
         6          0          0          0          0          0   _printf_a.o
         6          0          0          0          0          0   _printf_c.o
        44          0          0          0          0        108   _printf_char.o
        48          6          0          0          0         96   _printf_char_common.o
        36          4          0          0          0         80   _printf_char_file.o
        40          0          0          0          0         68   _printf_charcount.o
         6          0          0          0          0          0   _printf_d.o
       120         16          0          0          0         92   _printf_dec.o
         6          0          0          0          0          0   _printf_e.o
         6          0          0          0          0          0   _printf_f.o
      1054          0          0          0          0        216   _printf_fp_dec.o
       764          8         38          0          0        100   _printf_fp_hex.o
       128         16          0          0          0         84   _printf_fp_infnan.o
         6          0          0          0          0          0   _printf_g.o
       148          4         40          0          0        160   _printf_hex_int_ll_ptr.o
         6          0          0          0          0          0   _printf_i.o
       178          0          0          0          0         88   _printf_intcommon.o
        10          0          0          0          0          0   _printf_l.o
         6          0          0          0          0          0   _printf_lc.o
        10          0          0          0          0          0   _printf_ll.o
         6          0          0          0          0          0   _printf_lld.o
         6          0          0          0          0          0   _printf_lli.o
         6          0          0          0          0          0   _printf_llo.o
         6          0          0          0          0          0   _printf_llu.o
         6          0          0          0          0          0   _printf_llx.o
       124         16          0          0          0         92   _printf_longlong_dec.o
         6          0          0          0          0          0   _printf_ls.o
         6          0          0          0          0          0   _printf_n.o
         6          0          0          0          0          0   _printf_o.o
       112         10          0          0          0        124   _printf_oct_int_ll.o
         6          0          0          0          0          0   _printf_p.o
        78          0          0          0          0        108   _printf_pad.o
         0          0          0          0          0          0   _printf_percent.o
         4          0          0          0          0          0   _printf_percent_end.o
         6          0          0          0          0          0   _printf_s.o
        82          0          0          0          0         80   _printf_str.o
        36          0          0          0          0         84   _printf_truncate.o
         6          0          0          0          0          0   _printf_u.o
        44          0          0          0          0        108   _printf_wchar.o
       188          6          8          0          0         92   _printf_wctomb.o
         6          0          0          0          0          0   _printf_x.o
        16          0          0          0          0         68   _snputc.o
        10          0          0          0          0         68   _sputc.o
        64          0          0          0          0         92   _wcrtomb.o
        16          0          0          0          0         68   aeabi_memset.o
       228          4        148          0          0         96   bigflt0.o
      1936        128          0          0          0        672   btod.o
        18          0          0          0          0         80   exit.o
         6          0          0          0          0        152   heapauxi.o
        44         10        272          0          0         76   lc_ctype_c.o
        44         10         28          0          0         76   lc_numeric_c.o
         2          0          0          0          0          0   libinit.o
        30          0          0          0          0          0   libinit2.o
         2          0          0          0          0          0   libshutdown.o
         2          0          0          0          0          0   libshutdown2.o
         8          4          0          0         96         68   libspace.o
       138          0          0          0          0         80   lludiv10.o
        16          4          0          0          0         76   rt_ctype_table.o
         8          4          0          0          0         68   rt_locale_intlibspace.o
        68          0          0          0          0         68   rt_memclr.o
        78          0          0          0          0         80   rt_memclr_w.o
       138          0          0          0          0         68   rt_memcpy_v6.o
       100          0          0          0          0         80   rt_memcpy_w.o
         2          0          0          0          0          0   rtexit.o
        10          0          0          0          0          0   rtexit2.o
       128          0          0          0          0         68   strcmpv7m.o
        74          0          0          0          0         80   sys_stackheap_outer.o
         2          0          0          0          0         68   use_no_semi.o
         2          0          0          0          0         68   use_no_semi_2.o
        52          4          0          0          0         80   vsnprintf.o
         4          0          0          0          0         68   printf1.o
         4          0          0          0          0         68   printf2.o
         0          0          0          0          0          0   usenofp.o
        40          0          0          0          0         68   fpclassify.o

    ----------------------------------------------------------------------
      7290        276        556          0        100       4784   Library Totals
        14          0          5          0          4          0   (incl. Padding)

    ----------------------------------------------------------------------

      Code (inc. data)   RO Data    RW Data    ZI Data      Debug   Library Name

      7228        276        551          0         96       4580   c_w.l
         8          0          0          0          0        136   fz_ws.l
        40          0          0          0          0         68   m_ws.l

    ----------------------------------------------------------------------
      7290        276        556          0        100       4784   Library Totals

    ----------------------------------------------------------------------

==============================================================================


      Code (inc. data)   RO Data    RW Data    ZI Data      Debug   

     32748       5734        884        212      15900     720402   Grand Totals
     32748       5734        884        212      15900     720402   ELF Image Totals
     32748       5734        884        212          0          0   ROM Totals

==============================================================================

    Total RO  Size (Code + RO Data)                33632 (  32.84kB)
    Total RW  Size (RW Data + ZI Data)             16112 (  15.73kB)
    Total ROM Size (Code + RO Data + RW Data)      33844 (  33.05kB)

==============================================================================

