Component: ARM Compiler 5.06 update 5 (build 528) Tool: armlink [4d35e2]

==============================================================================

Section Cross References

    startup_stm32f103xb.o(STACK) refers (Special) to heapauxi.o(.text) for __use_two_region_memory
    startup_stm32f103xb.o(HEAP) refers (Special) to heapauxi.o(.text) for __use_two_region_memory
    startup_stm32f103xb.o(RESET) refers (Special) to heapauxi.o(.text) for __use_two_region_memory
    startup_stm32f103xb.o(RESET) refers to startup_stm32f103xb.o(STACK) for __initial_sp
    startup_stm32f103xb.o(RESET) refers to startup_stm32f103xb.o(.text) for Reset_Handler
    startup_stm32f103xb.o(RESET) refers to stm32f1xx_it.o(i.NMI_Handler) for NMI_Handler
    startup_stm32f103xb.o(RESET) refers to stm32f1xx_it.o(.emb_text) for HardFault_Handler
    startup_stm32f103xb.o(RESET) refers to stm32f1xx_it.o(i.MemManage_Handler) for MemManage_Handler
    startup_stm32f103xb.o(RESET) refers to stm32f1xx_it.o(i.BusFault_Handler) for BusFault_Handler
    startup_stm32f103xb.o(RESET) refers to stm32f1xx_it.o(i.UsageFault_Handler) for UsageFault_Handler
    startup_stm32f103xb.o(RESET) refers to port.o(.emb_text) for SVC_Handler
    startup_stm32f103xb.o(RESET) refers to stm32f1xx_it.o(i.DebugMon_Handler) for DebugMon_Handler
    startup_stm32f103xb.o(RESET) refers to port.o(i.SysTick_Handler) for SysTick_Handler
    startup_stm32f103xb.o(RESET) refers to stm32f1xx_it.o(i.RTC_IRQHandler) for RTC_IRQHandler
    startup_stm32f103xb.o(RESET) refers to stm32f1xx_it.o(i.DMA1_Channel4_IRQHandler) for DMA1_Channel4_IRQHandler
    startup_stm32f103xb.o(RESET) refers to stm32f1xx_it.o(i.TIM4_IRQHandler) for TIM4_IRQHandler
    startup_stm32f103xb.o(RESET) refers to stm32f1xx_it.o(i.USART1_IRQHandler) for USART1_IRQHandler
    startup_stm32f103xb.o(.text) refers (Special) to heapauxi.o(.text) for __use_two_region_memory
    startup_stm32f103xb.o(.text) refers to system_stm32f1xx.o(i.SystemInit) for SystemInit
    startup_stm32f103xb.o(.text) refers to __main.o(!!!main) for __main
    startup_stm32f103xb.o(.text) refers to startup_stm32f103xb.o(HEAP) for Heap_Mem
    startup_stm32f103xb.o(.text) refers to startup_stm32f103xb.o(STACK) for Stack_Mem
    main.o(i.Error_Handler) refers to serial.o(i.serial_send_blocking) for serial_send_blocking
    main.o(i.HAL_TIM_PeriodElapsedCallback) refers to stm32f1xx_hal.o(i.HAL_IncTick) for HAL_IncTick
    main.o(i.SystemClock_Config) refers to rt_memclr_w.o(.text) for __aeabi_memclr4
    main.o(i.SystemClock_Config) refers to stm32f1xx_hal_rcc.o(i.HAL_RCC_OscConfig) for HAL_RCC_OscConfig
    main.o(i.SystemClock_Config) refers to stm32f1xx_hal_rcc.o(i.HAL_RCC_ClockConfig) for HAL_RCC_ClockConfig
    main.o(i.SystemClock_Config) refers to stm32f1xx_hal_rcc_ex.o(i.HAL_RCCEx_PeriphCLKConfig) for HAL_RCCEx_PeriphCLKConfig
    main.o(i.SystemClock_Config) refers to main.o(i.Error_Handler) for Error_Handler
    main.o(i.main) refers to stm32f1xx_hal.o(i.HAL_Init) for HAL_Init
    main.o(i.main) refers to main.o(i.SystemClock_Config) for SystemClock_Config
    main.o(i.main) refers to gpio.o(i.MX_GPIO_Init) for MX_GPIO_Init
    main.o(i.main) refers to dma.o(i.MX_DMA_Init) for MX_DMA_Init
    main.o(i.main) refers to i2c.o(i.MX_I2C2_Init) for MX_I2C2_Init
    main.o(i.main) refers to rtc.o(i.MX_RTC_Init) for MX_RTC_Init
    main.o(i.main) refers to tim.o(i.MX_TIM2_Init) for MX_TIM2_Init
    main.o(i.main) refers to usart.o(i.MX_USART1_UART_Init) for MX_USART1_UART_Init
    main.o(i.main) refers to task_main.o(i.APP_Init) for APP_Init
    main.o(i.main) refers to main.o(i.Error_Handler) for Error_Handler
    gpio.o(i.MX_GPIO_Init) refers to stm32f1xx_hal_gpio.o(i.HAL_GPIO_Init) for HAL_GPIO_Init
    dma.o(i.MX_DMA_Init) refers to stm32f1xx_hal_cortex.o(i.HAL_NVIC_SetPriority) for HAL_NVIC_SetPriority
    dma.o(i.MX_DMA_Init) refers to stm32f1xx_hal_cortex.o(i.HAL_NVIC_EnableIRQ) for HAL_NVIC_EnableIRQ
    i2c.o(i.HAL_I2C_MspDeInit) refers to stm32f1xx_hal_gpio.o(i.HAL_GPIO_DeInit) for HAL_GPIO_DeInit
    i2c.o(i.HAL_I2C_MspInit) refers to stm32f1xx_hal_gpio.o(i.HAL_GPIO_Init) for HAL_GPIO_Init
    i2c.o(i.MX_I2C1_Init) refers to stm32f1xx_hal_i2c.o(i.HAL_I2C_Init) for HAL_I2C_Init
    i2c.o(i.MX_I2C1_Init) refers to main.o(i.Error_Handler) for Error_Handler
    i2c.o(i.MX_I2C1_Init) refers to i2c.o(.bss) for .bss
    i2c.o(i.MX_I2C2_Init) refers to stm32f1xx_hal_i2c.o(i.HAL_I2C_Init) for HAL_I2C_Init
    i2c.o(i.MX_I2C2_Init) refers to main.o(i.Error_Handler) for Error_Handler
    i2c.o(i.MX_I2C2_Init) refers to i2c.o(.bss) for .bss
    rtc.o(i.HAL_RTC_MspDeInit) refers to stm32f1xx_hal_cortex.o(i.HAL_NVIC_DisableIRQ) for HAL_NVIC_DisableIRQ
    rtc.o(i.HAL_RTC_MspInit) refers to stm32f1xx_hal_pwr.o(i.HAL_PWR_EnableBkUpAccess) for HAL_PWR_EnableBkUpAccess
    rtc.o(i.HAL_RTC_MspInit) refers to stm32f1xx_hal_cortex.o(i.HAL_NVIC_SetPriority) for HAL_NVIC_SetPriority
[...]
    _snputc                                  0x08000937   Thumb Code    16  _snputc.o(.text)
    _printf_cs_common                        0x08000947   Thumb Code    20  _printf_char.o(.text)
    _printf_char                             0x0800095b   Thumb Code    16  _printf_char.o(.text)
    _printf_string                           0x0800096b   Thumb Code     8  _printf_char.o(.text)
    _printf_char_file                        0x08000975   Thumb Code    32  _printf_char_file.o(.text)
    _printf_wctomb                           0x08000999   Thumb Code   182  _printf_wctomb.o(.text)
    _printf_longlong_dec                     0x08000a55   Thumb Code   108  _printf_longlong_dec.o(.text)
    _printf_longlong_oct                     0x08000ad1   Thumb Code    66  _printf_oct_int_ll.o(.text)
    _printf_int_oct                          0x08000b13   Thumb Code    24  _printf_oct_int_ll.o(.text)
    _printf_ll_oct                           0x08000b2b   Thumb Code    12  _printf_oct_int_ll.o(.text)
    _printf_longlong_hex                     0x08000b41   Thumb Code    86  _printf_hex_int_ll_ptr.o(.text)
    _printf_int_hex                          0x08000b97   Thumb Code    28  _printf_hex_int_ll_ptr.o(.text)
    _printf_ll_hex                           0x08000bb3   Thumb Code    12  _printf_hex_int_ll_ptr.o(.text)
    _printf_hex_ptr                          0x08000bbf   Thumb Code    18  _printf_hex_int_ll_ptr.o(.text)
    __aeabi_memcpy4                          0x08000bd5   Thumb Code     0  rt_memcpy_w.o(.text)
    __aeabi_memcpy8                          0x08000bd5   Thumb Code     0  rt_memcpy_w.o(.text)
    __rt_memcpy_w                            0x08000bd5   Thumb Code   100  rt_memcpy_w.o(.text)
    _memcpy_lastbytes_aligned                0x08000c1d   Thumb Code     0  rt_memcpy_w.o(.text)
    _ll_udiv10                               0x08000c39   Thumb Code   138  lludiv10.o(.text)
    __lib_sel_fp_printf                      0x08000cc3   Thumb Code     2  _printf_fp_dec.o(.text)
    _printf_fp_dec_real                      0x08000e75   Thumb Code   620  _printf_fp_dec.o(.text)
    _printf_fp_hex_real                      0x080010e1   Thumb Code   756  _printf_fp_hex.o(.text)
    _printf_lcs_common                       0x080013dd   Thumb Code    20  _printf_wchar.o(.text)
    _printf_wchar                            0x080013f1   Thumb Code    16  _printf_wchar.o(.text)
    _printf_wstring                          0x08001401   Thumb Code     8  _printf_wchar.o(.text)
    _wcrtomb                                 0x08001409   Thumb Code    64  _wcrtomb.o(.text)
    __user_libspace                          0x08001449   Thumb Code     8  libspace.o(.text)
    __user_perproc_libspace                  0x08001449   Thumb Code     0  libspace.o(.text)
    __user_perthread_libspace                0x08001449   Thumb Code     0  libspace.o(.text)
    __user_setup_stackheap                   0x08001451   Thumb Code    74  sys_stackheap_outer.o(.text)
    __rt_ctype_table                         0x0800149d   Thumb Code    16  rt_ctype_table.o(.text)
    __rt_locale                              0x080014ad   Thumb Code     8  rt_locale_intlibspace.o(.text)
    _printf_fp_infnan                        0x080014b5   Thumb Code   112  _printf_fp_infnan.o(.text)
    _btod_etento                             0x08001535   Thumb Code   224  bigflt0.o(.text)
    exit                                     0x08001619   Thumb Code    18  exit.o(.text)
    _btod_d2e                                0x0800162b   Thumb Code    62  btod.o(CL$$btod_d2e)
    _d2e_denorm_low                          0x08001669   Thumb Code    70  btod.o(CL$$btod_d2e_denorm_low)
    _d2e_norm_op1                            0x080016af   Thumb Code    96  btod.o(CL$$btod_d2e_norm_op1)
    __btod_div_common                        0x0800170f   Thumb Code   696  btod.o(CL$$btod_div_common)
    _e2e                                     0x08001a47   Thumb Code   220  btod.o(CL$$btod_e2e)
    _btod_ediv                               0x08001b23   Thumb Code    42  btod.o(CL$$btod_ediv)
    _btod_emul                               0x08001b4d   Thumb Code    42  btod.o(CL$$btod_emul)
    __btod_mult_common                       0x08001b77   Thumb Code   580  btod.o(CL$$btod_mult_common)
    APP_Init                                 0x08001dbd   Thumb Code    40  task_main.o(i.APP_Init)
    BusFault_Handler                         0x08001dfd   Thumb Code     6  stm32f1xx_it.o(i.BusFault_Handler)
    DMA1_Channel4_IRQHandler                 0x08001e05   Thumb Code     6  stm32f1xx_it.o(i.DMA1_Channel4_IRQHandler)
    DebugMon_Handler                         0x08001e3b   Thumb Code     2  stm32f1xx_it.o(i.DebugMon_Handler)
    Error_Handler                            0x08001e3d   Thumb Code    14  main.o(i.Error_Handler)
    HAL_DMA_Abort                            0x08001e65   Thumb Code    70  stm32f1xx_hal_dma.o(i.HAL_DMA_Abort)
    HAL_DMA_Abort_IT                         0x08001ead   Thumb Code   148  stm32f1xx_hal_dma.o(i.HAL_DMA_Abort_IT)
    HAL_DMA_IRQHandler                       0x08001f45   Thumb Code   316  stm32f1xx_hal_dma.o(i.HAL_DMA_IRQHandler)
    HAL_DMA_Init                             0x08002099   Thumb Code    84  stm32f1xx_hal_dma.o(i.HAL_DMA_Init)
    HAL_DMA_Start_IT                         0x080020f5   Thumb Code   112  stm32f1xx_hal_dma.o(i.HAL_DMA_Start_IT)
    HAL_GPIO_Init                            0x08002165   Thumb Code   446  stm32f1xx_hal_gpio.o(i.HAL_GPIO_Init)
    HAL_GPIO_ReadPin                         0x08002345   Thumb Code    10  stm32f1xx_hal_gpio.o(i.HAL_GPIO_ReadPin)
    HAL_GetTick                              0x08002351   Thumb Code     6  stm32f1xx_hal.o(i.HAL_GetTick)
    HAL_I2C_Init                             0x0800235d   Thumb Code   376  stm32f1xx_hal_i2c.o(i.HAL_I2C_Init)
    HAL_I2C_MspInit                          0x080024e5   Thumb Code   134  i2c.o(i.HAL_I2C_MspInit)
    HAL_IncTick                              0x0800257d   Thumb Code    12  stm32f1xx_hal.o(i.HAL_IncTick)
    HAL_Init                                 0x0800258d   Thumb Code    32  stm32f1xx_hal.o(i.HAL_Init)
    HAL_InitTick                             0x080025b1   Thumb Code   132  stm32f1xx_hal_timebase_tim.o(i.HAL_InitTick)
    HAL_MspInit                              0x08002649   Thumb Code    72  stm32f1xx_hal_msp.o(i.HAL_MspInit)
    HAL_NVIC_EnableIRQ                       0x08002699   Thumb Code    26  stm32f1xx_hal_cortex.o(i.HAL_NVIC_EnableIRQ)
    HAL_NVIC_SetPriority                     0x080026b5   Thumb Code    60  stm32f1xx_hal_cortex.o(i.HAL_NVIC_SetPriority)
    HAL_NVIC_SetPriorityGrouping             0x080026f5   Thumb Code    26  stm32f1xx_hal_cortex.o(i.HAL_NVIC_SetPriorityGrouping)
    HAL_PWR_EnableBkUpAccess                 0x08002719   Thumb Code     8  stm32f1xx_hal_pwr.o(i.HAL_PWR_EnableBkUpAccess)
    HAL_RCCEx_GetPeriphCLKFreq               0x08002725   Thumb Code   148  stm32f1xx_hal_rcc_ex.o(i.HAL_RCCEx_GetPeriphCLKFreq)
    HAL_RCCEx_PeriphCLKConfig                0x080027c9   Thumb Code   224  stm32f1xx_hal_rcc_ex.o(i.HAL_RCCEx_PeriphCLKConfig)
    HAL_RCC_ClockConfig                      0x080028b5   Thumb Code   280  stm32f1xx_hal_rcc.o(i.HAL_RCC_ClockConfig)
    HAL_RCC_GetClockConfig                   0x080029e1   Thumb Code    54  stm32f1xx_hal_rcc.o(i.HAL_RCC_GetClockConfig)
    HAL_RCC_GetPCLK1Freq                     0x08002a21   Thumb Code    20  stm32f1xx_hal_rcc.o(i.HAL_RCC_GetPCLK1Freq)
    HAL_RCC_GetPCLK2Freq                     0x08002a41   Thumb Code    20  stm32f1xx_hal_rcc.o(i.HAL_RCC_GetPCLK2Freq)
    HAL_RCC_GetSysClockFreq                  0x08002a61   Thumb Code    58  stm32f1xx_hal_rcc.o(i.HAL_RCC_GetSysClockFreq)
    HAL_RCC_OscConfig                        0x08002aad   Thumb Code   778  stm32f1xx_hal_rcc.o(i.HAL_RCC_OscConfig)
    HAL_RTCEx_RTCEventCallback               0x08002dcd   Thumb Code     2  stm32f1xx_hal_rtc_ex.o(i.HAL_RTCEx_RTCEventCallback)
    HAL_RTCEx_RTCEventErrorCallback          0x08002dcf   Thumb Code     2  stm32f1xx_hal_rtc_ex.o(i.HAL_RTCEx_RTCEventErrorCallback)
    HAL_RTCEx_RTCIRQHandler                  0x08002dd1   Thumb Code    62  stm32f1xx_hal_rtc_ex.o(i.HAL_RTCEx_RTCIRQHandler)
    HAL_RTC_Init                             0x08002e11   Thumb Code   144  stm32f1xx_hal_rtc.o(i.HAL_RTC_Init)
    HAL_RTC_MspInit                          0x08002ea5   Thumb Code    60  rtc.o(i.HAL_RTC_MspInit)
    HAL_RTC_SetDate                          0x08002eed   Thumb Code   192  stm32f1xx_hal_rtc.o(i.HAL_RTC_SetDate)
    HAL_RTC_SetTime                          0x08002fb1   Thumb Code   168  stm32f1xx_hal_rtc.o(i.HAL_RTC_SetTime)
    HAL_RTC_WaitForSynchro                   0x0800305d   Thumb Code    58  stm32f1xx_hal_rtc.o(i.HAL_RTC_WaitForSynchro)
    HAL_TIMEx_BreakCallback                  0x08003097   Thumb Code     2  stm32f1xx_hal_tim_ex.o(i.HAL_TIMEx_BreakCallback)
    HAL_TIMEx_CommutCallback                 0x08003099   Thumb Code     2  stm32f1xx_hal_tim_ex.o(i.HAL_TIMEx_CommutCallback)
    HAL_TIMEx_MasterConfigSynchronization    0x0800309d   Thumb Code    92  stm32f1xx_hal_tim_ex.o(i.HAL_TIMEx_MasterConfigSynchronization)
    HAL_TIM_Base_Init                        0x08003105   Thumb Code    90  stm32f1xx_hal_tim.o(i.HAL_TIM_Base_Init)
    HAL_TIM_Base_MspInit                     0x0800315f   Thumb Code     2  stm32f1xx_hal_tim.o(i.HAL_TIM_Base_MspInit)
    HAL_TIM_Base_Start_IT                    0x08003161   Thumb Code    76  stm32f1xx_hal_tim.o(i.HAL_TIM_Base_Start_IT)
    HAL_TIM_IC_CaptureCallback               0x080031b9   Thumb Code     2  stm32f1xx_hal_tim.o(i.HAL_TIM_IC_CaptureCallback)
    HAL_TIM_IRQHandler                       0x080031bb   Thumb Code   304  stm32f1xx_hal_tim.o(i.HAL_TIM_IRQHandler)
    HAL_TIM_MspPostInit                      0x080032ed   Thumb Code    62  tim.o(i.HAL_TIM_MspPostInit)
    HAL_TIM_OC_DelayElapsedCallback          0x08003335   Thumb Code     2  stm32f1xx_hal_tim.o(i.HAL_TIM_OC_DelayElapsedCallback)
    HAL_TIM_PWM_ConfigChannel                0x08003337   Thumb Code   204  stm32f1xx_hal_tim.o(i.HAL_TIM_PWM_ConfigChannel)
    HAL_TIM_PWM_Init                         0x08003403   Thumb Code    90  stm32f1xx_hal_tim.o(i.HAL_TIM_PWM_Init)
    HAL_TIM_PWM_MspInit                      0x0800345d   Thumb Code    30  tim.o(i.HAL_TIM_PWM_MspInit)
    HAL_TIM_PWM_PulseFinishedCallback        0x08003481   Thumb Code     2  stm32f1xx_hal_tim.o(i.HAL_TIM_PWM_PulseFinishedCallback)
    HAL_TIM_PeriodElapsedCallback            0x08003485   Thumb Code    14  main.o(i.HAL_TIM_PeriodElapsedCallback)
    HAL_TIM_TriggerCallback                  0x08003499   Thumb Code     2  stm32f1xx_hal_tim.o(i.HAL_TIM_TriggerCallback)
    HAL_UARTEx_RxEventCallback               0x0800349b   Thumb Code     2  stm32f1xx_hal_uart.o(i.HAL_UARTEx_RxEventCallback)
    HAL_UART_ErrorCallback                   0x0800349d   Thumb Code     2  stm32f1xx_hal_uart.o(i.HAL_UART_ErrorCallback)
    HAL_UART_IRQHandler                      0x080034a1   Thumb Code   616  stm32f1xx_hal_uart.o(i.HAL_UART_IRQHandler)
    HAL_UART_Init                            0x0800370d   Thumb Code   100  stm32f1xx_hal_uart.o(i.HAL_UART_Init)
    HAL_UART_MspInit                         0x08003771   Thumb Code   156  usart.o(i.HAL_UART_MspInit)
    HAL_UART_RxCpltCallback                  0x08003821   Thumb Code     2  stm32f1xx_hal_uart.o(i.HAL_UART_RxCpltCallback)
    HAL_UART_Transmit_DMA                    0x08003825   Thumb Code   106  stm32f1xx_hal_uart.o(i.HAL_UART_Transmit_DMA)
    HAL_UART_TxCpltCallback                  0x0800389d   Thumb Code    58  serial.o(i.HAL_UART_TxCpltCallback)
    HAL_UART_TxHalfCpltCallback              0x080038e5   Thumb Code     2  stm32f1xx_hal_uart.o(i.HAL_UART_TxHalfCpltCallback)
    I2C1_SW_GetDriver                        0x08003901   Thumb Code     4  bsp_i2c1_sw.o(i.I2C1_SW_GetDriver)
    I2C_Init                                 0x08003aa9   Thumb Code    78  i2c_test.o(i.I2C_Init)
    MX_DMA_Init                              0x08003d0d   Thumb Code    40  dma.o(i.MX_DMA_Init)
    MX_GPIO_Init                             0x08003d39   Thumb Code   116  gpio.o(i.MX_GPIO_Init)
    MX_I2C2_Init                             0x08003dbd   Thumb Code    50  i2c.o(i.MX_I2C2_Init)
    MX_RTC_Init                              0x08003dfd   Thumb Code   102  rtc.o(i.MX_RTC_Init)
    MX_TIM2_Init                             0x08003e6d   Thumb Code   108  tim.o(i.MX_TIM2_Init)
    MX_USART1_UART_Init                      0x08003edd   Thumb Code    48  usart.o(i.MX_USART1_UART_Init)
    MemManage_Handler                        0x08003f15   Thumb Code     6  stm32f1xx_it.o(i.MemManage_Handler)
    NMI_Handler                              0x08003f1b   Thumb Code     2  stm32f1xx_it.o(i.NMI_Handler)
    OLED_Clear                               0x08003f1d   Thumb Code    10  oled_driver.o(i.OLED_Clear)
    OLED_ClearArea                           0x08003f2d   Thumb Code    86  oled_driver.o(i.OLED_ClearArea)
    OLED_DrawCircle                          0x080044dd   Thumb Code   318  oled_driver.o(i.OLED_DrawCircle)
    OLED_DrawLine                            0x0800461b   Thumb Code   234  oled_driver.o(i.OLED_DrawLine)
    OLED_DrawPoint                           0x08004705   Thumb Code    48  oled_driver.o(i.OLED_DrawPoint)
    OLED_DrawRectangle                       0x08004739   Thumb Code   116  oled_driver.o(i.OLED_DrawRectangle)
    OLED_DrawTriangle                        0x080047ad   Thumb Code   292  oled_driver.o(i.OLED_DrawTriangle)
    OLED_Init                                0x080048d1   Thumb Code   196  oled_driver.o(i.OLED_Init)
    OLED_Printf                              0x080049d7   Thumb Code    46  oled_driver.o(i.OLED_Printf)
    OLED_ShowBinNum                          0x08004a27   Thumb Code    64  oled_driver.o(i.OLED_ShowBinNum)
    OLED_ShowChar                            0x08004a69   Thumb Code    78  oled_driver.o(i.OLED_ShowChar)
    OLED_ShowFloatNum                        0x08004ac5   Thumb Code   194  oled_driver.o(i.OLED_ShowFloatNum)
    OLED_ShowHexNum                          0x08004b8d   Thumb Code    72  oled_driver.o(i.OLED_ShowHexNum)
    OLED_ShowImage                           0x08004bd5   Thumb Code   182  oled_driver.o(i.OLED_ShowImage)
    OLED_ShowNum                             0x08004c91   Thumb Code    70  oled_driver.o(i.OLED_ShowNum)
    OLED_ShowSignedNum                       0x08004cd7   Thumb Code    94  oled_driver.o(i.OLED_ShowSignedNum)
    OLED_ShowString                          0x08004d35   Thumb Code   210  oled_driver.o(i.OLED_ShowString)
    OLED_Update                              0x08004e11   Thumb Code    34  oled_driver.o(i.OLED_Update)
    OLED_UpdateArea                          0x08004e39   Thumb Code    92  oled_driver.o(i.OLED_UpdateArea)
    RTC_IRQHandler                           0x08004f4d   Thumb Code     6  stm32f1xx_it.o(i.RTC_IRQHandler)
    SysTick_Handler                          0x0800502d   Thumb Code    38  port.o(i.SysTick_Handler)
    SystemClock_Config                       0x08005059   Thumb Code   116  main.o(i.SystemClock_Config)
    SystemInit                               0x080050cd   Thumb Code     2  system_stm32f1xx.o(i.SystemInit)
    TIM4_IRQHandler                          0x080050d1   Thumb Code     6  stm32f1xx_it.o(i.TIM4_IRQHandler)
    TIM_Base_SetConfig                       0x080050dd   Thumb Code   108  stm32f1xx_hal_tim.o(i.TIM_Base_SetConfig)
    TIM_OC2_SetConfig                        0x080051a5   Thumb Code    84  stm32f1xx_hal_tim.o(i.TIM_OC2_SetConfig)
    USART1_IRQHandler                        0x08005525   Thumb Code     6  stm32f1xx_it.o(i.USART1_IRQHandler)
    UsageFault_Handler                       0x08005531   Thumb Code     6  stm32f1xx_it.o(i.UsageFault_Handler)
    __ARM_fpclassify                         0x08005537   Thumb Code    40  fpclassify.o(i.__ARM_fpclassify)
    _is_digit                                0x0800557f   Thumb Code    14  __printf_wp.o(i._is_digit)
    _sys_exit                                0x0800558d   Thumb Code     2  serial.o(i._sys_exit)
    bsp_btn_cfm_read                         0x08005591   Thumb Code    18  bsp_button.o(i.bsp_btn_cfm_read)
    bsp_btn_last_read                        0x080055a9   Thumb Code    18  bsp_button.o(i.bsp_btn_last_read)
    bsp_btn_next_read                        0x080055c1   Thumb Code    18  bsp_button.o(i.bsp_btn_next_read)
    button_attach_long                       0x08005615   Thumb Code    20  button.o(i.button_attach_long)
    button_attach_short                      0x08005629   Thumb Code    20  button.o(i.button_attach_short)
    button_init                              0x0800563d   Thumb Code    44  button.o(i.button_init)
    button_service_init                      0x08005669   Thumb Code   158  button_service.o(i.button_service_init)
    button_ticks                             0x08005735   Thumb Code   156  button.o(i.button_ticks)
    check_crash_log_on_startup               0x080057d1   Thumb Code   124  hardfault_debug.o(i.check_crash_log_on_startup)
    ferror                                   0x08006075   Thumb Code     6  serial.o(i.ferror)
    fputc                                    0x0800607d   Thumb Code    16  serial.o(i.fputc)
    hardfault_debug_init                     0x08006091   Thumb Code    24  hardfault_debug.o(i.hardfault_debug_init)
    hardfault_dump                           0x080060ad   Thumb Code   176  hardfault_debug.o(i.hardfault_dump)
    log_init                                 0x080061f9   Thumb Code    12  log.o(i.log_init)
    log_print                                0x0800620d   Thumb Code    36  log.o(i.log_print)
    main                                     0x08006235   Thumb Code    40  main.o(i.main)
    osal_get_tick                            0x0800625d   Thumb Code     4  osal.o(i.osal_get_tick)
    osal_queue_create                        0x08006261   Thumb Code    60  osal.o(i.osal_queue_create)
    osal_queue_receive                       0x080062c1   Thumb Code    58  osal.o(i.osal_queue_receive)
    osal_queue_send                          0x08006321   Thumb Code    60  osal.o(i.osal_queue_send)
    osal_semaphore_create                    0x08006381   Thumb Code    60  osal.o(i.osal_semaphore_create)
    osal_semaphore_give                      0x080063e1   Thumb Code    40  osal.o(i.osal_semaphore_give)
    osal_semaphore_take                      0x0800642d   Thumb Code    38  osal.o(i.osal_semaphore_take)
    osal_start_scheduler                     0x08006479   Thumb Code    14  osal.o(i.osal_start_scheduler)
    osal_task_create                         0x08006489   Thumb Code   100  osal.o(i.osal_task_create)
    osal_task_delay                          0x08006511   Thumb Code     4  osal.o(i.osal_task_delay)
    osal_task_notify_from_isr                0x08006515   Thumb Code   126  osal.o(i.osal_task_notify_from_isr)
    osal_task_notify_wait                    0x080065b9   Thumb Code    24  osal.o(i.osal_task_notify_wait)
    osal_timer_create                        0x080065d1   Thumb Code    64  osal.o(i.osal_timer_create)
    osal_timer_start                         0x08006635   Thumb Code    42  osal.o(i.osal_timer_start)
    pvPortMalloc                             0x08007001   Thumb Code   324  heap_4.o(i.pvPortMalloc)
    pvTaskIncrementMutexHeldCount            0x08007199   Thumb Code    16  tasks.o(i.pvTaskIncrementMutexHeldCount)
    pxPortInitialiseStack                    0x080071ad   Thumb Code    32  port.o(i.pxPortInitialiseStack)
    serial_init                              0x08007259   Thumb Code    94  serial.o(i.serial_init)
    serial_send_async                        0x080072d1   Thumb Code   106  serial.o(i.serial_send_async)
    serial_send_blocking                     0x08007341   Thumb Code    34  serial.o(i.serial_send_blocking)
    uxListRemove                             0x080073e5   Thumb Code    36  list.o(i.uxListRemove)
    uxTaskGetNumberOfTasks                   0x08007409   Thumb Code     6  tasks.o(i.uxTaskGetNumberOfTasks)
    vApplicationStackOverflowHook            0x08007415   Thumb Code    16  task_main.o(i.vApplicationStackOverflowHook)
    vListInitialise                          0x08007455   Thumb Code    22  list.o(i.vListInitialise)
    vListInitialiseItem                      0x0800746b   Thumb Code     6  list.o(i.vListInitialiseItem)
    vListInsert                              0x08007471   Thumb Code    48  list.o(i.vListInsert)
    vPortEnterCritical                       0x080074a1   Thumb Code    60  port.o(i.vPortEnterCritical)
    vPortExitCritical                        0x08007531   Thumb Code    38  port.o(i.vPortExitCritical)
    vPortFree                                0x080075a9   Thumb Code   134  heap_4.o(i.vPortFree)
    vPortSetupTimerInterrupt                 0x08007685   Thumb Code    32  port.o(i.vPortSetupTimerInterrupt)
    vPortValidateInterruptPriority           0x080076a9   Thumb Code    78  port.o(i.vPortValidateInterruptPriority)
    vQueueAddToRegistry                      0x0800774d   Thumb Code    78  queue.o(i.vQueueAddToRegistry)
    vQueueWaitForMessageRestricted           0x080077dd   Thumb Code    68  queue.o(i.vQueueWaitForMessageRestricted)
    vTaskDelay                               0x08007821   Thumb Code    68  tasks.o(i.vTaskDelay)
    vTaskInternalSetTimeOutState             0x080078a9   Thumb Code    12  tasks.o(i.vTaskInternalSetTimeOutState)
    vTaskMissedYield                         0x080078b9   Thumb Code     8  tasks.o(i.vTaskMissedYield)
    vTaskPlaceOnEventList                    0x080078c5   Thumb Code    48  tasks.o(i.vTaskPlaceOnEventList)
    vTaskPlaceOnEventListRestricted          0x08007935   Thumb Code    82  tasks.o(i.vTaskPlaceOnEventListRestricted)
    vTaskPriorityDisinheritAfterTimeout      0x080079c9   Thumb Code   192  tasks.o(i.vTaskPriorityDisinheritAfterTimeout)
    vTaskStartScheduler                      0x08007acd   Thumb Code   120  tasks.o(i.vTaskStartScheduler)
    vTaskSuspendAll                          0x08007b91   Thumb Code    10  tasks.o(i.vTaskSuspendAll)
    vTaskSwitchContext                       0x08007ba1   Thumb Code   132  tasks.o(i.vTaskSwitchContext)
    xPortGetFreeHeapSize                     0x08007d29   Thumb Code     6  heap_4.o(i.xPortGetFreeHeapSize)
    xPortStartScheduler                      0x08007d35   Thumb Code   168  port.o(i.xPortStartScheduler)
    xQueueCreateCountingSemaphore            0x08007e35   Thumb Code    48  queue.o(i.xQueueCreateCountingSemaphore)
    xQueueGenericCreate                      0x08007ea1   Thumb Code   102  queue.o(i.xQueueGenericCreate)
    xQueueGenericReset                       0x08007f45   Thumb Code   178  queue.o(i.xQueueGenericReset)
    xQueueGenericSend                        0x08008039   Thumb Code   372  queue.o(i.xQueueGenericSend)
    xQueueReceive                            0x080081ed   Thumb Code   308  queue.o(i.xQueueReceive)
    xQueueSemaphoreTake                      0x08008361   Thumb Code   356  queue.o(i.xQueueSemaphoreTake)
    xTaskCheckForTimeOut                     0x08008505   Thumb Code   136  tasks.o(i.xTaskCheckForTimeOut)
    xTaskCreate                              0x080085cd   Thumb Code    92  tasks.o(i.xTaskCreate)
    xTaskGenericNotifyFromISR                0x08008629   Thumb Code   376  tasks.o(i.xTaskGenericNotifyFromISR)
    xTaskGenericNotifyWait                   0x080087e5   Thumb Code   202  tasks.o(i.xTaskGenericNotifyWait)
    xTaskGetSchedulerState                   0x080088f5   Thumb Code    22  tasks.o(i.xTaskGetSchedulerState)
    xTaskGetTickCount                        0x08008911   Thumb Code     6  tasks.o(i.xTaskGetTickCount)
    xTaskIncrementTick                       0x0800891d   Thumb Code   308  tasks.o(i.xTaskIncrementTick)
    xTaskPriorityDisinherit                  0x08008a95   Thumb Code   174  tasks.o(i.xTaskPriorityDisinherit)
    xTaskPriorityInherit                     0x08008b89   Thumb Code   168  tasks.o(i.xTaskPriorityInherit)
    xTaskRemoveFromEventList                 0x08008c39   Thumb Code   214  tasks.o(i.xTaskRemoveFromEventList)
    xTaskResumeAll                           0x08008d55   Thumb Code   320  tasks.o(i.xTaskResumeAll)
    xTimerCreate                             0x08008edd   Thumb Code    98  timers.o(i.xTimerCreate)
    xTimerCreateTimerTask                    0x08008f81   Thumb Code    62  timers.o(i.xTimerCreateTimerTask)
    xTimerGenericCommandFromTask             0x08009011   Thumb Code   106  timers.o(i.xTimerGenericCommandFromTask)
    _get_lc_numeric                          0x080090c1   Thumb Code    44  lc_numeric_c.o(locale$$code)
    _get_lc_ctype                            0x080090ed   Thumb Code    44  lc_ctype_c.o(locale$$code)
    __aeabi_dadd                             0x08009119   Thumb Code     0  daddsub_clz.o(x$fpl$dadd)
    _dadd                                    0x08009119   Thumb Code   332  daddsub_clz.o(x$fpl$dadd)
    __fpl_dcmp_Inf                           0x08009269   Thumb Code    24  dcmpi.o(x$fpl$dcmpinf)
    __aeabi_d2uiz                            0x08009281   Thumb Code     0  dfixu.o(x$fpl$dfixu)
    _dfixu                                   0x08009281   Thumb Code    90  dfixu.o(x$fpl$dfixu)
    __aeabi_ui2d                             0x080092db   Thumb Code     0  dflt_clz.o(x$fpl$dfltu)
    _dfltu                                   0x080092db   Thumb Code    38  dflt_clz.o(x$fpl$dfltu)
    __aeabi_cdcmple                          0x08009301   Thumb Code     0  dleqf.o(x$fpl$dleqf)
    _dcmple                                  0x08009301   Thumb Code   120  dleqf.o(x$fpl$dleqf)
    __fpl_dcmple_InfNaN                      0x08009363   Thumb Code     0  dleqf.o(x$fpl$dleqf)
    __aeabi_dmul                             0x08009379   Thumb Code     0  dmul.o(x$fpl$dmul)
    _dmul                                    0x08009379   Thumb Code   332  dmul.o(x$fpl$dmul)
    __fpl_dnaninf                            0x080094cd   Thumb Code   156  dnaninf.o(x$fpl$dnaninf)
    __fpl_dretinf                            0x08009569   Thumb Code    12  dretinf.o(x$fpl$dretinf)
    __aeabi_cdrcmple                         0x08009575   Thumb Code     0  drleqf.o(x$fpl$drleqf)
    _drcmple                                 0x08009575   Thumb Code   108  drleqf.o(x$fpl$drleqf)
    __aeabi_drsub                            0x080095e1   Thumb Code     0  daddsub_clz.o(x$fpl$drsb)
    _drsb                                    0x080095e1   Thumb Code    22  daddsub_clz.o(x$fpl$drsb)
    __aeabi_dsub                             0x080095f9   Thumb Code     0  daddsub_clz.o(x$fpl$dsub)
    _dsub                                    0x080095f9   Thumb Code   464  daddsub_clz.o(x$fpl$dsub)
    _printf_fp_dec                           0x080097cd   Thumb Code     4  printf1.o(x$fpl$printf1)
    _printf_fp_hex                           0x080097d1   Thumb Code     4  printf2.o(x$fpl$printf2)
    __I$use$fp                               0x080097d4   Number         0  usenofp.o(x$fpl$usenofp)
    AHBPrescTable                            0x080097f8   Data          16  system_stm32f1xx.o(.constdata)
    APBPrescTable                            0x08009808   Data           8  system_stm32f1xx.o(.constdata)
    OLED_F8x16                               0x08009810   Data        1520  oled_data.o(.constdata)
    OLED_F6x8                                0x08009e00   Data         570  oled_data.o(.constdata)
    OLED_F12x24                              0x0800a03a   Data        3420  oled_data.o(.constdata)
    OLED_CF16x16                             0x0800ad96   Data         875  oled_data.o(.constdata)
    str_hello                                0x0800b101   Data          13  oled_strings_gbk.o(.constdata)
    str_oled_driver                          0x0800b10e   Data          19  oled_strings_gbk.o(.constdata)
    str_freertos_watch                       0x0800b121   Data          18  oled_strings_gbk.o(.constdata)
    str_all_tests_passed                     0x0800b133   Data          15  oled_strings_gbk.o(.constdata)
    Region$$Table$$Base                      0x0800b240   Number         0  anon$$obj.o(Region$$Table)
    Region$$Table$$Limit                     0x0800b260   Number         0  anon$$obj.o(Region$$Table)
    __ctype                                  0x0800b289   Data           0  lc_ctype_c.o(locale$$data)
    uwTickFreq                               0x20000000   Data           1  stm32f1xx_hal.o(.data)
    uwTickPrio                               0x20000004   Data           4  stm32f1xx_hal.o(.data)
    uwTick                                   0x20000008   Data           4  stm32f1xx_hal.o(.data)
    SystemCoreClock                          0x2000000c   Data           4  system_stm32f1xx.o(.data)
    pxCurrentTCB                             0x20000010   Data           4  tasks.o(.data)
    __stdout                                 0x200000a4   Data           4  serial.o(.data)
    hi2c1                                    0x200000d8   Data          84  i2c.o(.bss)
    hi2c2                                    0x2000012c   Data          84  i2c.o(.bss)
    hrtc                                     0x20000180   Data          20  rtc.o(.bss)
    htim2                                    0x20000194   Data          72  tim.o(.bss)
    huart1                                   0x200001dc   Data          72  usart.o(.bss)
    hdma_usart1_tx                           0x20000224   Data          68  usart.o(.bss)
    htim4                                    0x20000268   Data          72  stm32f1xx_hal_timebase_tim.o(.bss)
    xQueueRegistry                           0x200002b0   Data          64  queue.o(.bss)
    OLED_DisplayBuf                          0x20003444   Data        1024  oled_driver.o(.bss)
    __libspace_start                         0x20003d10   Data          96  libspace.o(.bss)
    __temporary_stack_top$libspace           0x20003d70   Data           0  libspace.o(.bss)



==============================================================================

Memory Map of the image

  Image Entry point : 0x080000ed

  Load Region LR_IROM1 (Base: 0x08000000, Size: 0x0000b464, Max: 0x00010000, ABSOLUTE)

    Execution Region ER_IROM1 (Exec base: 0x08000000, Load base: 0x08000000, Size: 0x0000b38c, Max: 0x00010000, ABSOLUTE)

    Exec Addr    Load Addr    Size         Type   Attr      Idx    E Section Name        Object

    0x08000000   0x08000000   0x000000ec   Data   RO            3    RESET               startup_stm32f103xb.o
    0x080000ec   0x080000ec   0x00000008   Code   RO         6154  * !!!main             c_w.l(__main.o)
    0x080000f4   0x080000f4   0x00000034   Code   RO         6559    !!!scatter          c_w.l(__scatter.o)
    0x08000128   0x08000128   0x0000001a   Code   RO         6561    !!handler_copy      c_w.l(__scatter_copy.o)
    0x08000142   0x08000142   0x00000002   PAD
    0x08000144   0x08000144   0x0000001c   Code   RO         6563    !!handler_zi        c_w.l(__scatter_zi.o)
    0x08000160   0x08000160   0x00000000   Code   RO         6135    .ARM.Collect$$_printf_percent$$00000000  c_w.l(_printf_percent.o)
    0x08000160   0x08000160   0x00000006   Code   RO         6267    .ARM.Collect$$_printf_percent$$00000001  c_w.l(_printf_n.o)
    0x08000166   0x08000166   0x00000006   Code   RO         6269    .ARM.Collect$$_printf_percent$$00000002  c_w.l(_printf_p.o)
    0x0800016c   0x0800016c   0x00000006   Code   RO         6272    .ARM.Collect$$_printf_percent$$00000003  c_w.l(_printf_f.o)
    0x08000172   0x08000172   0x00000006   Code   RO         6273    .ARM.Collect$$_printf_percent$$00000004  c_w.l(_printf_e.o)
    0x08000178   0x08000178   0x00000006   Code   RO         6274    .ARM.Collect$$_printf_percent$$00000005  c_w.l(_printf_g.o)
    0x0800017e   0x0800017e   0x00000006   Code   RO         6275    .ARM.Collect$$_printf_percent$$00000006  c_w.l(_printf_a.o)
    0x08000184   0x08000184   0x0000000a   Code   RO         6280    .ARM.Collect$$_printf_percent$$00000007  c_w.l(_printf_ll.o)
    0x0800018e   0x0800018e   0x00000006   Code   RO         6271    .ARM.Collect$$_printf_percent$$00000008  c_w.l(_printf_i.o)
    0x08000194   0x08000194   0x00000006   Code   RO         6133    .ARM.Collect$$_printf_percent$$00000009  c_w.l(_printf_d.o)
    0x0800019a   0x0800019a   0x00000006   Code   RO         6134    .ARM.Collect$$_printf_percent$$0000000A  c_w.l(_printf_u.o)
    0x080001a0   0x080001a0   0x00000006   Code   RO         6270    .ARM.Collect$$_printf_percent$$0000000B  c_w.l(_printf_o.o)
    0x080001a6   0x080001a6   0x00000006   Code   RO         6268    .ARM.Collect$$_printf_percent$$0000000C  c_w.l(_printf_x.o)
    0x080001ac   0x080001ac   0x00000006   Code   RO         6277    .ARM.Collect$$_printf_percent$$0000000D  c_w.l(_printf_lli.o)
    0x080001b2   0x080001b2   0x00000006   Code   RO         6278    .ARM.Collect$$_printf_percent$$0000000E  c_w.l(_printf_lld.o)
    0x080001b8   0x080001b8   0x00000006   Code   RO         6279    .ARM.Collect$$_printf_percent$$0000000F  c_w.l(_printf_llu.o)
    0x080001be   0x080001be   0x00000006   Code   RO         6284    .ARM.Collect$$_printf_percent$$00000010  c_w.l(_printf_llo.o)
    0x080001c4   0x080001c4   0x00000006   Code   RO         6285    .ARM.Collect$$_printf_percent$$00000011  c_w.l(_printf_llx.o)
    0x080001ca   0x080001ca   0x0000000a   Code   RO         6281    .ARM.Collect$$_printf_percent$$00000012  c_w.l(_printf_l.o)
    0x080001d4   0x080001d4   0x00000006   Code   RO         6131    .ARM.Collect$$_printf_percent$$00000013  c_w.l(_printf_c.o)
    0x080001da   0x080001da   0x00000006   Code   RO         6132    .ARM.Collect$$_printf_percent$$00000014  c_w.l(_printf_s.o)
    0x080001e0   0x080001e0   0x00000006   Code   RO         6282    .ARM.Collect$$_printf_percent$$00000015  c_w.l(_printf_lc.o)
    0x080001e6   0x080001e6   0x00000006   Code   RO         6283    .ARM.Collect$$_printf_percent$$00000016  c_w.l(_printf_ls.o)
    0x080001ec   0x080001ec   0x00000004   Code   RO         6276    .ARM.Collect$$_printf_percent$$00000017  c_w.l(_printf_percent_end.o)
    0x080001f0   0x080001f0   0x00000002   Code   RO         6430    .ARM.Collect$$libinit$$00000000  c_w.l(libinit.o)
    0x080001f2   0x080001f2   0x00000000   Code   RO         6447    .ARM.Collect$$libinit$$00000002  c_w.l(libinit2.o)
    0x080001f2   0x080001f2   0x00000000   Code   RO         6449    .ARM.Collect$$libinit$$00000004  c_w.l(libinit2.o)
    0x080001f2   0x080001f2   0x00000000   Code   RO         6452    .ARM.Collect$$libinit$$0000000A  c_w.l(libinit2.o)
    0x080001f2   0x080001f2   0x00000000   Code   RO         6454    .ARM.Collect$$libinit$$0000000C  c_w.l(libinit2.o)
    0x080001f2   0x080001f2   0x00000000   Code   RO         6456    .ARM.Collect$$libinit$$0000000E  c_w.l(libinit2.o)
    0x080001f2   0x080001f2   0x00000006   Code   RO         6457    .ARM.Collect$$libinit$$0000000F  c_w.l(libinit2.o)
    0x080001f8   0x080001f8   0x00000000   Code   RO         6459    .ARM.Collect$$libinit$$00000011  c_w.l(libinit2.o)
    0x080001f8   0x080001f8   0x0000000c   Code   RO         6460    .ARM.Collect$$libinit$$00000012  c_w.l(libinit2.o)
    0x08000204   0x08000204   0x00000000   Code   RO         6461    .ARM.Collect$$libinit$$00000013  c_w.l(libinit2.o)
    0x08000204   0x08000204   0x00000000   Code   RO         6463    .ARM.Collect$$libinit$$00000015  c_w.l(libinit2.o)
    0x08000204   0x08000204   0x0000000a   Code   RO         6464    .ARM.Collect$$libinit$$00000016  c_w.l(libinit2.o)
    0x0800020e   0x0800020e   0x00000000   Code   RO         6465    .ARM.Collect$$libinit$$00000017  c_w.l(libinit2.o)
    0x0800020e   0x0800020e   0x00000000   Code   RO         6467    .ARM.Collect$$libinit$$00000019  c_w.l(libinit2.o)
    0x0800020e   0x0800020e   0x00000000   Code   RO         6469    .ARM.Collect$$libinit$$0000001B  c_w.l(libinit2.o)
    0x0800020e   0x0800020e   0x00000000   Code   RO         6471    .ARM.Collect$$libinit$$0000001D  c_w.l(libinit2.o)
    0x0800020e   0x0800020e   0x00000000   Code   RO         6473    .ARM.Collect$$libinit$$0000001F  c_w.l(libinit2.o)
    0x0800020e   0x0800020e   0x00000000   Code   RO         6475    .ARM.Collect$$libinit$$00000021  c_w.l(libinit2.o)
    0x0800020e   0x0800020e   0x00000000   Code   RO         6477    .ARM.Collect$$libinit$$00000023  c_w.l(libinit2.o)
    0x0800020e   0x0800020e   0x00000000   Code   RO         6479    .ARM.Collect$$libinit$$00000025  c_w.l(libinit2.o)
    0x0800020e   0x0800020e   0x00000000   Code   RO         6483    .ARM.Collect$$libinit$$0000002C  c_w.l(libinit2.o)
    0x0800020e   0x0800020e   0x00000000   Code   RO         6485    .ARM.Collect$$libinit$$0000002E  c_w.l(libinit2.o)
    0x0800020e   0x0800020e   0x00000000   Code   RO         6487    .ARM.Collect$$libinit$$00000030  c_w.l(libinit2.o)
    0x0800020e   0x0800020e   0x00000000   Code   RO         6489    .ARM.Collect$$libinit$$00000032  c_w.l(libinit2.o)
    0x0800020e   0x0800020e   0x00000002   Code   RO         6490    .ARM.Collect$$libinit$$00000033  c_w.l(libinit2.o)
    0x08000210   0x08000210   0x00000002   Code   RO         6518    .ARM.Collect$$libshutdown$$00000000  c_w.l(libshutdown.o)
    0x08000212   0x08000212   0x00000000   Code   RO         6542    .ARM.Collect$$libshutdown$$00000002  c_w.l(libshutdown2.o)
    0x08000212   0x08000212   0x00000000   Code   RO         6544    .ARM.Collect$$libshutdown$$00000004  c_w.l(libshutdown2.o)
    0x08000212   0x08000212   0x00000000   Code   RO         6547    .ARM.Collect$$libshutdown$$00000007  c_w.l(libshutdown2.o)
    0x08000212   0x08000212   0x00000000   Code   RO         6550    .ARM.Collect$$libshutdown$$0000000A  c_w.l(libshutdown2.o)
    0x08000212   0x08000212   0x00000000   Code   RO         6552    .ARM.Collect$$libshutdown$$0000000C  c_w.l(libshutdown2.o)
    0x08000212   0x08000212   0x00000000   Code   RO         6555    .ARM.Collect$$libshutdown$$0000000F  c_w.l(libshutdown2.o)
    0x08000212   0x08000212   0x00000002   Code   RO         6556    .ARM.Collect$$libshutdown$$00000010  c_w.l(libshutdown2.o)
    0x08000214   0x08000214   0x00000000   Code   RO         6210    .ARM.Collect$$rtentry$$00000000  c_w.l(__rtentry.o)
    0x08000214   0x08000214   0x00000000   Code   RO         6335    .ARM.Collect$$rtentry$$00000002  c_w.l(__rtentry2.o)
    0x08000214   0x08000214   0x00000006   Code   RO         6347    .ARM.Collect$$rtentry$$00000004  c_w.l(__rtentry4.o)
    0x0800021a   0x0800021a   0x00000000   Code   RO         6337    .ARM.Collect$$rtentry$$00000009  c_w.l(__rtentry2.o)
    0x0800021a   0x0800021a   0x00000004   Code   RO         6338    .ARM.Collect$$rtentry$$0000000A  c_w.l(__rtentry2.o)
    0x0800021e   0x0800021e   0x00000000   Code   RO         6340    .ARM.Collect$$rtentry$$0000000C  c_w.l(__rtentry2.o)
    0x0800021e   0x0800021e   0x00000008   Code   RO         6341    .ARM.Collect$$rtentry$$0000000D  c_w.l(__rtentry2.o)
    0x08000226   0x08000226   0x00000002   Code   RO         6435    .ARM.Collect$$rtexit$$00000000  c_w.l(rtexit.o)
    0x08000228   0x08000228   0x00000000   Code   RO         6494    .ARM.Collect$$rtexit$$00000002  c_w.l(rtexit2.o)
    0x08000228   0x08000228   0x00000004   Code   RO         6495    .ARM.Collect$$rtexit$$00000003  c_w.l(rtexit2.o)
    0x0800022c   0x0800022c   0x00000006   Code   RO         6496    .ARM.Collect$$rtexit$$00000004  c_w.l(rtexit2.o)
    0x08000232   0x08000232   0x00000002   PAD
    0x08000234   0x08000234   0x00000012   Code   RO          433    .emb_text           stm32f1xx_it.o
    0x08000246   0x08000246   0x00000002   PAD
    0x08000248   0x08000248   0x00000096   Code   RO         4960    .emb_text           port.o
    0x080002de   0x080002de   0x00000002   PAD
    0x080002e0   0x080002e0   0x00000040   Code   RO            4    .text               startup_stm32f103xb.o
    0x08000320   0x08000320   0x00000002   Code   RO         6089    .text               c_w.l(use_no_semi_2.o)
    0x08000322   0x08000322   0x00000002   PAD
    0x08000324   0x08000324   0x00000034   Code   RO         6095    .text               c_w.l(vsnprintf.o)
    0x08000358   0x08000358   0x00000018   Code   RO         6097    .text               c_w.l(__2printf.o)
    0x08000370   0x08000370   0x00000038   Code   RO         6099    .text               c_w.l(__2snprintf.o)
    0x080003a8   0x080003a8   0x00000052   Code   RO         6107    .text               c_w.l(_printf_str.o)
    0x080003fa   0x080003fa   0x00000002   PAD
    0x080003fc   0x080003fc   0x00000078   Code   RO         6109    .text               c_w.l(_printf_dec.o)
    0x08000474   0x08000474   0x00000188   Code   RO         6128    .text               c_w.l(__printf_flags_ss_wp.o)
    0x080005fc   0x080005fc   0x0000008a   Code   RO         6140    .text               c_w.l(rt_memcpy_v6.o)
    0x08000686   0x08000686   0x00000010   Code   RO         6144    .text               c_w.l(aeabi_memset.o)
    0x08000696   0x08000696   0x00000044   Code   RO         6146    .text               c_w.l(rt_memclr.o)
    0x080006da   0x080006da   0x0000004e   Code   RO         6148    .text               c_w.l(rt_memclr_w.o)
    0x08000728   0x08000728   0x00000080   Code   RO         6150    .text               c_w.l(strcmpv7m.o)
    0x080007a8   0x080007a8   0x00000006   Code   RO         6152    .text               c_w.l(heapauxi.o)
    0x080007ae   0x080007ae   0x00000002   Code   RO         6208    .text               c_w.l(use_no_semi.o)
    0x080007b0   0x080007b0   0x0000004e   Code   RO         6217    .text               c_w.l(_printf_pad.o)
    0x080007fe   0x080007fe   0x00000024   Code   RO         6219    .text               c_w.l(_printf_truncate.o)
    0x08000822   0x08000822   0x000000b2   Code   RO         6221    .text               c_w.l(_printf_intcommon.o)
    0x080008d4   0x080008d4   0x00000028   Code   RO         6223    .text               c_w.l(_printf_charcount.o)
    0x080008fc   0x080008fc   0x00000030   Code   RO         6225    .text               c_w.l(_printf_char_common.o)
    0x0800092c   0x0800092c   0x0000000a   Code   RO         6227    .text               c_w.l(_sputc.o)
    0x08000936   0x08000936   0x00000010   Code   RO         6229    .text               c_w.l(_snputc.o)
    0x08000946   0x08000946   0x0000002c   Code   RO         6231    .text               c_w.l(_printf_char.o)
    0x08000972   0x08000972   0x00000002   PAD
    0x08000974   0x08000974   0x00000024   Code   RO         6233    .text               c_w.l(_printf_char_file.o)
    0x08000998   0x08000998   0x000000bc   Code   RO         6235    .text               c_w.l(_printf_wctomb.o)
    0x08000a54   0x08000a54   0x0000007c   Code   RO         6238    .text               c_w.l(_printf_longlong_dec.o)
    0x08000ad0   0x08000ad0   0x00000070   Code   RO         6244    .text               c_w.l(_printf_oct_int_ll.o)
    0x08000b40   0x08000b40   0x00000094   Code   RO         6264    .text               c_w.l(_printf_hex_int_ll_ptr.o)
    0x08000bd4   0x08000bd4   0x00000064   Code   RO         6286    .text               c_w.l(rt_memcpy_w.o)
    0x08000c38   0x08000c38   0x0000008a   Code   RO         6356    .text               c_w.l(lludiv10.o)
    0x08000cc2   0x08000cc2   0x0000041e   Code   RO         6358    .text               c_w.l(_printf_fp_dec.o)
    0x080010e0   0x080010e0   0x000002fc   Code   RO         6360    .text               c_w.l(_printf_fp_hex.o)
    0x080013dc   0x080013dc   0x0000002c   Code   RO         6365    .text               c_w.l(_printf_wchar.o)
    0x08001408   0x08001408   0x00000040   Code   RO         6367    .text               c_w.l(_wcrtomb.o)
    0x08001448   0x08001448   0x00000008   Code   RO         6377    .text               c_w.l(libspace.o)
    0x08001450   0x08001450   0x0000004a   Code   RO         6380    .text               c_w.l(sys_stackheap_outer.o)
    0x0800149a   0x0800149a   0x00000002   PAD
    0x0800149c   0x0800149c   0x00000010   Code   RO         6382    .text               c_w.l(rt_ctype_table.o)
    0x080014ac   0x080014ac   0x00000008   Code   RO         6387    .text               c_w.l(rt_locale_intlibspace.o)
    0x080014b4   0x080014b4   0x00000080   Code   RO         6389    .text               c_w.l(_printf_fp_infnan.o)
    0x08001534   0x08001534   0x000000e4   Code   RO         6391    .text               c_w.l(bigflt0.o)
    0x08001618   0x08001618   0x00000012   Code   RO         6419    .text               c_w.l(exit.o)
    0x0800162a   0x0800162a   0x0000003e   Code   RO         6394    CL$$btod_d2e        c_w.l(btod.o)
    0x08001668   0x08001668   0x00000046   Code   RO         6396    CL$$btod_d2e_denorm_low  c_w.l(btod.o)
    0x080016ae   0x080016ae   0x00000060   Code   RO         6395    CL$$btod_d2e_norm_op1  c_w.l(btod.o)
    0x0800170e   0x0800170e   0x00000338   Code   RO         6404    CL$$btod_div_common  c_w.l(btod.o)
    0x08001a46   0x08001a46   0x000000dc   Code   RO         6401    CL$$btod_e2e        c_w.l(btod.o)
    0x08001b22   0x08001b22   0x0000002a   Code   RO         6398    CL$$btod_ediv       c_w.l(btod.o)
    0x08001b4c   0x08001b4c   0x0000002a   Code   RO         6397    CL$$btod_emul       c_w.l(btod.o)
    0x08001b76   0x08001b76   0x00000244   Code   RO         6403    CL$$btod_mult_common  c_w.l(btod.o)
    0x08001dba   0x08001dba   0x00000002   PAD
    0x08001dbc   0x08001dbc   0x00000040   Code   RO         5128    i.APP_Init          task_main.o
    0x08001dfc   0x08001dfc   0x00000006   Code   RO          434    i.BusFault_Handler  stm32f1xx_it.o
    0x08001e02   0x08001e02   0x00000002   PAD
    0x08001e04   0x08001e04   0x0000000c   Code   RO          435    i.DMA1_Channel4_IRQHandler  stm32f1xx_it.o
    0x08001e10   0x08001e10   0x0000002a   Code   RO         2405    i.DMA_SetConfig     stm32f1xx_hal_dma.o
    0x08001e3a   0x08001e3a   0x00000002   Code   RO          436    i.DebugMon_Handler  stm32f1xx_it.o
    0x08001e3c   0x08001e3c   0x00000028   Code   RO           13    i.Error_Handler     main.o
    0x08001e64   0x08001e64   0x00000046   Code   RO         2406    i.HAL_DMA_Abort     stm32f1xx_hal_dma.o
    0x08001eaa   0x08001eaa   0x00000002   PAD
    0x08001eac   0x08001eac   0x00000098   Code   RO         2407    i.HAL_DMA_Abort_IT  stm32f1xx_hal_dma.o
    0x08001f44   0x08001f44   0x00000154   Code   RO         2411    i.HAL_DMA_IRQHandler  stm32f1xx_hal_dma.o
    0x08002098   0x08002098   0x0000005c   Code   RO         2412    i.HAL_DMA_Init      stm32f1xx_hal_dma.o
    0x080020f4   0x080020f4   0x00000070   Code   RO         2416    i.HAL_DMA_Start_IT  stm32f1xx_hal_dma.o
    0x08002164   0x08002164   0x000001e0   Code   RO         2342    i.HAL_GPIO_Init     stm32f1xx_hal_gpio.o
    0x08002344   0x08002344   0x0000000a   Code   RO         2344    i.HAL_GPIO_ReadPin  stm32f1xx_hal_gpio.o
    0x0800234e   0x0800234e   0x00000002   PAD
    0x08002350   0x08002350   0x0000000c   Code   RO         2036    i.HAL_GetTick       stm32f1xx_hal.o
    0x0800235c   0x0800235c   0x00000188   Code   RO         1599    i.HAL_I2C_Init      stm32f1xx_hal_i2c.o
    0x080024e4   0x080024e4   0x00000098   Code   RO          254    i.HAL_I2C_MspInit   i2c.o
    0x0800257c   0x0800257c   0x00000010   Code   RO         2042    i.HAL_IncTick       stm32f1xx_hal.o
    0x0800258c   0x0800258c   0x00000024   Code   RO         2043    i.HAL_Init          stm32f1xx_hal.o
    0x080025b0   0x080025b0   0x00000098   Code   RO          540    i.HAL_InitTick      stm32f1xx_hal_timebase_tim.o
    0x08002648   0x08002648   0x00000050   Code   RO          516    i.HAL_MspInit       stm32f1xx_hal_msp.o
    0x08002698   0x08002698   0x0000001a   Code   RO         2502    i.HAL_NVIC_EnableIRQ  stm32f1xx_hal_cortex.o
    0x080026b2   0x080026b2   0x00000002   PAD
    0x080026b4   0x080026b4   0x00000040   Code   RO         2508    i.HAL_NVIC_SetPriority  stm32f1xx_hal_cortex.o
    0x080026f4   0x080026f4   0x00000024   Code   RO         2509    i.HAL_NVIC_SetPriorityGrouping  stm32f1xx_hal_cortex.o
    0x08002718   0x08002718   0x0000000c   Code   RO         2624    i.HAL_PWR_EnableBkUpAccess  stm32f1xx_hal_pwr.o
    0x08002724   0x08002724   0x000000a4   Code   RO         2303    i.HAL_RCCEx_GetPeriphCLKFreq  stm32f1xx_hal_rcc_ex.o
    0x080027c8   0x080027c8   0x000000ec   Code   RO         2304    i.HAL_RCCEx_PeriphCLKConfig  stm32f1xx_hal_rcc_ex.o
    0x080028b4   0x080028b4   0x0000012c   Code   RO         2200    i.HAL_RCC_ClockConfig  stm32f1xx_hal_rcc.o
    0x080029e0   0x080029e0   0x00000040   Code   RO         2204    i.HAL_RCC_GetClockConfig  stm32f1xx_hal_rcc.o
    0x08002a20   0x08002a20   0x00000020   Code   RO         2207    i.HAL_RCC_GetPCLK1Freq  stm32f1xx_hal_rcc.o
    0x08002a40   0x08002a40   0x00000020   Code   RO         2208    i.HAL_RCC_GetPCLK2Freq  stm32f1xx_hal_rcc.o
    0x08002a60   0x08002a60   0x0000004c   Code   RO         2209    i.HAL_RCC_GetSysClockFreq  stm32f1xx_hal_rcc.o
    0x08002aac   0x08002aac   0x00000320   Code   RO         2212    i.HAL_RCC_OscConfig  stm32f1xx_hal_rcc.o
    0x08002dcc   0x08002dcc   0x00000002   Code   RO         3177    i.HAL_RTCEx_RTCEventCallback  stm32f1xx_hal_rtc_ex.o
    0x08002dce   0x08002dce   0x00000002   Code   RO         3178    i.HAL_RTCEx_RTCEventErrorCallback  stm32f1xx_hal_rtc_ex.o
    0x08002dd0   0x08002dd0   0x0000003e   Code   RO         3179    i.HAL_RTCEx_RTCIRQHandler  stm32f1xx_hal_rtc_ex.o
    0x08002e0e   0x08002e0e   0x00000002   PAD
    0x08002e10   0x08002e10   0x00000094   Code   RO         3010    i.HAL_RTC_Init      stm32f1xx_hal_rtc.o
    0x08002ea4   0x08002ea4   0x00000048   Code   RO          302    i.HAL_RTC_MspInit   rtc.o
    0x08002eec   0x08002eec   0x000000c4   Code   RO         3016    i.HAL_RTC_SetDate   stm32f1xx_hal_rtc.o
    0x08002fb0   0x08002fb0   0x000000ac   Code   RO         3017    i.HAL_RTC_SetTime   stm32f1xx_hal_rtc.o
    0x0800305c   0x0800305c   0x0000003a   Code   RO         3018    i.HAL_RTC_WaitForSynchro  stm32f1xx_hal_rtc.o
    0x08003096   0x08003096   0x00000002   Code   RO         1321    i.HAL_TIMEx_BreakCallback  stm32f1xx_hal_tim_ex.o
    0x08003098   0x08003098   0x00000002   Code   RO         1322    i.HAL_TIMEx_CommutCallback  stm32f1xx_hal_tim_ex.o
    0x0800309a   0x0800309a   0x00000002   PAD
    0x0800309c   0x0800309c   0x00000068   Code   RO         1340    i.HAL_TIMEx_MasterConfigSynchronization  stm32f1xx_hal_tim_ex.o
    0x08003104   0x08003104   0x0000005a   Code   RO          617    i.HAL_TIM_Base_Init  stm32f1xx_hal_tim.o
    0x0800315e   0x0800315e   0x00000002   Code   RO          619    i.HAL_TIM_Base_MspInit  stm32f1xx_hal_tim.o
    0x08003160   0x08003160   0x00000058   Code   RO          622    i.HAL_TIM_Base_Start_IT  stm32f1xx_hal_tim.o
    0x080031b8   0x080031b8   0x00000002   Code   RO          651    i.HAL_TIM_IC_CaptureCallback  stm32f1xx_hal_tim.o
    0x080031ba   0x080031ba   0x00000130   Code   RO          665    i.HAL_TIM_IRQHandler  stm32f1xx_hal_tim.o
    0x080032ea   0x080032ea   0x00000002   PAD
    0x080032ec   0x080032ec   0x00000048   Code   RO          343    i.HAL_TIM_MspPostInit  tim.o
    0x08003334   0x08003334   0x00000002   Code   RO          668    i.HAL_TIM_OC_DelayElapsedCallback  stm32f1xx_hal_tim.o
    0x08003336   0x08003336   0x000000cc   Code   RO          689    i.HAL_TIM_PWM_ConfigChannel  stm32f1xx_hal_tim.o
    0x08003402   0x08003402   0x0000005a   Code   RO          692    i.HAL_TIM_PWM_Init  stm32f1xx_hal_tim.o
    0x0800345c   0x0800345c   0x00000024   Code   RO          345    i.HAL_TIM_PWM_MspInit  tim.o
    0x08003480   0x08003480   0x00000002   Code   RO          695    i.HAL_TIM_PWM_PulseFinishedCallback  stm32f1xx_hal_tim.o
    0x08003482   0x08003482   0x00000002   PAD
    0x08003484   0x08003484   0x00000014   Code   RO           14    i.HAL_TIM_PeriodElapsedCallback  main.o
    0x08003498   0x08003498   0x00000002   Code   RO          708    i.HAL_TIM_TriggerCallback  stm32f1xx_hal_tim.o
    0x0800349a   0x0800349a   0x00000002   Code   RO         3286    i.HAL_UARTEx_RxEventCallback  stm32f1xx_hal_uart.o
    0x0800349c   0x0800349c   0x00000002   Code   RO         3300    i.HAL_UART_ErrorCallback  stm32f1xx_hal_uart.o
    0x0800349e   0x0800349e   0x00000002   PAD
    0x080034a0   0x080034a0   0x0000026c   Code   RO         3303    i.HAL_UART_IRQHandler  stm32f1xx_hal_uart.o
    0x0800370c   0x0800370c   0x00000064   Code   RO         3304    i.HAL_UART_Init     stm32f1xx_hal_uart.o
    0x08003770   0x08003770   0x000000b0   Code   RO          392    i.HAL_UART_MspInit  usart.o
    0x08003820   0x08003820   0x00000002   Code   RO         3310    i.HAL_UART_RxCpltCallback  stm32f1xx_hal_uart.o
    0x08003822   0x08003822   0x00000002   PAD
    0x08003824   0x08003824   0x00000078   Code   RO         3313    i.HAL_UART_Transmit_DMA  stm32f1xx_hal_uart.o
    0x0800389c   0x0800389c   0x00000048   Code   RO         5183    i.HAL_UART_TxCpltCallback  serial.o
    0x080038e4   0x080038e4   0x00000002   Code   RO         3316    i.HAL_UART_TxHalfCpltCallback  stm32f1xx_hal_uart.o
    0x080038e6   0x080038e6   0x00000002   PAD
    0x080038e8   0x080038e8   0x00000018   Code   RO         5915    i.I2C1_SW_DelayUs   bsp_i2c1_sw.o
    0x08003900   0x08003900   0x00000008   Code   RO         5916    i.I2C1_SW_GetDriver  bsp_i2c1_sw.o
    0x08003908   0x08003908   0x00000060   Code   RO         5917    i.I2C1_SW_Init      bsp_i2c1_sw.o
    0x08003968   0x08003968   0x000000e4   Code   RO         5918    i.I2C1_SW_Read      bsp_i2c1_sw.o
    0x08003a4c   0x08003a4c   0x0000005c   Code   RO         5919    i.I2C1_SW_Write     bsp_i2c1_sw.o
    0x08003aa8   0x08003aa8   0x0000010c   Code   RO         5300    i.I2C_Init          i2c_test.o
    0x08003bb4   0x08003bb4   0x00000088   Code   RO         5301    i.I2C_SW_test       i2c_test.o
    0x08003c3c   0x08003c3c   0x00000048   Code   RO         5920    i.I2C_SendByte      bsp_i2c1_sw.o
    0x08003c84   0x08003c84   0x00000028   Code   RO         5921    i.I2C_Start         bsp_i2c1_sw.o
    0x08003cac   0x08003cac   0x00000030   Code   RO         5922    i.I2C_Stop          bsp_i2c1_sw.o
    0x08003cdc   0x08003cdc   0x00000030   Code   RO         5923    i.I2C_WaitAck       bsp_i2c1_sw.o
    0x08003d0c   0x08003d0c   0x0000002c   Code   RO          229    i.MX_DMA_Init       dma.o
    0x08003d38   0x08003d38   0x00000084   Code   RO          205    i.MX_GPIO_Init      gpio.o
    0x08003dbc   0x08003dbc   0x00000040   Code   RO          256    i.MX_I2C2_Init      i2c.o
    0x08003dfc   0x08003dfc   0x00000070   Code   RO          303    i.MX_RTC_Init       rtc.o
    0x08003e6c   0x08003e6c   0x00000070   Code   RO          346    i.MX_TIM2_Init      tim.o
    0x08003edc   0x08003edc   0x00000038   Code   RO          393    i.MX_USART1_UART_Init  usart.o
    0x08003f14   0x08003f14   0x00000006   Code   RO          437    i.MemManage_Handler  stm32f1xx_it.o
    0x08003f1a   0x08003f1a   0x00000002   Code   RO          438    i.NMI_Handler       stm32f1xx_it.o
    0x08003f1c   0x08003f1c   0x00000010   Code   RO         5354    i.OLED_Clear        oled_driver.o
    0x08003f2c   0x08003f2c   0x0000005c   Code   RO         5355    i.OLED_ClearArea    oled_driver.o
    0x08003f88   0x08003f88   0x00000554   Code   RO         5302    i.OLED_ComprehensiveTest  i2c_test.o
    0x080044dc   0x080044dc   0x0000013e   Code   RO         5357    i.OLED_DrawCircle   oled_driver.o
    0x0800461a   0x0800461a   0x000000ea   Code   RO         5359    i.OLED_DrawLine     oled_driver.o
    0x08004704   0x08004704   0x00000034   Code   RO         5360    i.OLED_DrawPoint    oled_driver.o
    0x08004738   0x08004738   0x00000074   Code   RO         5361    i.OLED_DrawRectangle  oled_driver.o
    0x080047ac   0x080047ac   0x00000124   Code   RO         5362    i.OLED_DrawTriangle  oled_driver.o
    0x080048d0   0x080048d0   0x000000f8   Code   RO         5364    i.OLED_Init         oled_driver.o
    0x080049c8   0x080049c8   0x0000000e   Code   RO         5366    i.OLED_Pow          oled_driver.o
    0x080049d6   0x080049d6   0x0000002e   Code   RO         5367    i.OLED_Printf       oled_driver.o
    0x08004a04   0x08004a04   0x00000022   Code   RO         5370    i.OLED_SetCursor    oled_driver.o
    0x08004a26   0x08004a26   0x00000040   Code   RO         5371    i.OLED_ShowBinNum   oled_driver.o
    0x08004a66   0x08004a66   0x00000002   PAD
    0x08004a68   0x08004a68   0x0000005c   Code   RO         5372    i.OLED_ShowChar     oled_driver.o
    0x08004ac4   0x08004ac4   0x000000c8   Code   RO         5373    i.OLED_ShowFloatNum  oled_driver.o
    0x08004b8c   0x08004b8c   0x00000048   Code   RO         5374    i.OLED_ShowHexNum   oled_driver.o
    0x08004bd4   0x08004bd4   0x000000bc   Code   RO         5375    i.OLED_ShowImage    oled_driver.o
    0x08004c90   0x08004c90   0x00000046   Code   RO         5376    i.OLED_ShowNum      oled_driver.o
    0x08004cd6   0x08004cd6   0x0000005e   Code   RO         5377    i.OLED_ShowSignedNum  oled_driver.o
    0x08004d34   0x08004d34   0x000000dc   Code   RO         5378    i.OLED_ShowString   oled_driver.o
    0x08004e10   0x08004e10   0x00000028   Code   RO         5379    i.OLED_Update       oled_driver.o
    0x08004e38   0x08004e38   0x00000060   Code   RO         5380    i.OLED_UpdateArea   oled_driver.o
    0x08004e98   0x08004e98   0x00000018   Code   RO         5381    i.OLED_WriteCmd     oled_driver.o
    0x08004eb0   0x08004eb0   0x0000001c   Code   RO         5382    i.OLED_WriteData    oled_driver.o
    0x08004ecc   0x08004ecc   0x00000012   Code   RO         3019    i.RTC_Bcd2ToByte    stm32f1xx_hal_rtc.o
    0x08004ede   0x08004ede   0x00000034   Code   RO         3022    i.RTC_EnterInitMode  stm32f1xx_hal_rtc.o
    0x08004f12   0x08004f12   0x00000002   PAD
    0x08004f14   0x08004f14   0x00000036   Code   RO         3023    i.RTC_ExitInitMode  stm32f1xx_hal_rtc.o
    0x08004f4a   0x08004f4a   0x00000002   PAD
    0x08004f4c   0x08004f4c   0x0000000c   Code   RO          439    i.RTC_IRQHandler    stm32f1xx_it.o
    0x08004f58   0x08004f58   0x0000000e   Code   RO         3024    i.RTC_ReadAlarmCounter  stm32f1xx_hal_rtc.o
    0x08004f66   0x08004f66   0x00000020   Code   RO         3025    i.RTC_ReadTimeCounter  stm32f1xx_hal_rtc.o
    0x08004f86   0x08004f86   0x00000056   Code   RO         3026    i.RTC_WeekDayNum    stm32f1xx_hal_rtc.o
    0x08004fdc   0x08004fdc   0x00000028   Code   RO         3027    i.RTC_WriteAlarmCounter  stm32f1xx_hal_rtc.o
    0x08005004   0x08005004   0x00000028   Code   RO         3028    i.RTC_WriteTimeCounter  stm32f1xx_hal_rtc.o
    0x0800502c   0x0800502c   0x0000002c   Code   RO         4961    i.SysTick_Handler   port.o
    0x08005058   0x08005058   0x00000074   Code   RO           15    i.SystemClock_Config  main.o
    0x080050cc   0x080050cc   0x00000002   Code   RO         3638    i.SystemInit        system_stm32f1xx.o
    0x080050ce   0x080050ce   0x00000002   PAD
    0x080050d0   0x080050d0   0x0000000c   Code   RO          440    i.TIM4_IRQHandler   stm32f1xx_it.o
    0x080050dc   0x080050dc   0x00000078   Code   RO          710    i.TIM_Base_SetConfig  stm32f1xx_hal_tim.o
    0x08005154   0x08005154   0x00000050   Code   RO          723    i.TIM_OC1_SetConfig  stm32f1xx_hal_tim.o
    0x080051a4   0x080051a4   0x00000058   Code   RO          724    i.TIM_OC2_SetConfig  stm32f1xx_hal_tim.o
    0x080051fc   0x080051fc   0x00000058   Code   RO          725    i.TIM_OC3_SetConfig  stm32f1xx_hal_tim.o
    0x08005254   0x08005254   0x00000044   Code   RO          726    i.TIM_OC4_SetConfig  stm32f1xx_hal_tim.o
    0x08005298   0x08005298   0x00000010   Code   RO         3317    i.UART_DMAAbortOnError  stm32f1xx_hal_uart.o
    0x080052a8   0x080052a8   0x0000004a   Code   RO         3318    i.UART_DMAError     stm32f1xx_hal_uart.o
    0x080052f2   0x080052f2   0x00000042   Code   RO         3323    i.UART_DMATransmitCplt  stm32f1xx_hal_uart.o
    0x08005334   0x08005334   0x0000000a   Code   RO         3325    i.UART_DMATxHalfCplt  stm32f1xx_hal_uart.o
    0x0800533e   0x0800533e   0x0000004e   Code   RO         3327    i.UART_EndRxTransfer  stm32f1xx_hal_uart.o
    0x0800538c   0x0800538c   0x0000001c   Code   RO         3328    i.UART_EndTxTransfer  stm32f1xx_hal_uart.o
    0x080053a8   0x080053a8   0x000000c2   Code   RO         3329    i.UART_Receive_IT   stm32f1xx_hal_uart.o
    0x0800546a   0x0800546a   0x00000002   PAD
    0x0800546c   0x0800546c   0x000000b8   Code   RO         3330    i.UART_SetConfig    stm32f1xx_hal_uart.o
    0x08005524   0x08005524   0x0000000c   Code   RO          441    i.USART1_IRQHandler  stm32f1xx_it.o
    0x08005530   0x08005530   0x00000006   Code   RO          442    i.UsageFault_Handler  stm32f1xx_it.o
    0x08005536   0x08005536   0x00000028   Code   RO         6373    i.__ARM_fpclassify  m_ws.l(fpclassify.o)
    0x0800555e   0x0800555e   0x00000020   Code   RO         2515    i.__NVIC_SetPriority  stm32f1xx_hal_cortex.o
    0x0800557e   0x0800557e   0x0000000e   Code   RO         6121    i._is_digit         c_w.l(__printf_wp.o)
    0x0800558c   0x0800558c   0x00000002   Code   RO         5185    i._sys_exit         serial.o
    0x0800558e   0x0800558e   0x00000002   PAD
    0x08005590   0x08005590   0x00000018   Code   RO         5879    i.bsp_btn_cfm_read  bsp_button.o
    0x080055a8   0x080055a8   0x00000018   Code   RO         5880    i.bsp_btn_last_read  bsp_button.o
    0x080055c0   0x080055c0   0x00000018   Code   RO         5881    i.bsp_btn_next_read  bsp_button.o
    0x080055d8   0x080055d8   0x0000001c   Code   RO         5833    i.btn_callback      button_service.o
    0x080055f4   0x080055f4   0x00000020   Code   RO         5834    i.btn_scan_timer_callback  button_service.o
    0x08005614   0x08005614   0x00000014   Code   RO         6057    i.button_attach_long  button.o
    0x08005628   0x08005628   0x00000014   Code   RO         6058    i.button_attach_short  button.o
    0x0800563c   0x0800563c   0x0000002c   Code   RO         6059    i.button_init       button.o
    0x08005668   0x08005668   0x000000cc   Code   RO         5836    i.button_service_init  button_service.o
    0x08005734   0x08005734   0x0000009c   Code   RO         6060    i.button_ticks      button.o
    0x080057d0   0x080057d0   0x000000e0   Code   RO         5981    i.check_crash_log_on_startup  hardfault_debug.o
    0x080058b0   0x080058b0   0x00000538   Code   RO         5982    i.decode_fault_reason  hardfault_debug.o
    0x08005de8   0x08005de8   0x000000b4   Code   RO         5777    i.default_backend   log.o
    0x08005e9c   0x08005e9c   0x00000028   Code   RO         5983    i.dump_hex_word     hardfault_debug.o
    0x08005ec4   0x08005ec4   0x000000d0   Code   RO         5984    i.dump_registers    hardfault_debug.o
    0x08005f94   0x08005f94   0x000000e0   Code   RO         5985    i.dump_stack_region  hardfault_debug.o
    0x08006074   0x08006074   0x00000006   Code   RO         5187    i.ferror            serial.o
    0x0800607a   0x0800607a   0x00000002   PAD
    0x0800607c   0x0800607c   0x00000014   Code   RO         5189    i.fputc             serial.o
    0x08006090   0x08006090   0x0000001c   Code   RO         5986    i.hardfault_debug_init  hardfault_debug.o
    0x080060ac   0x080060ac   0x0000014c   Code   RO         5987    i.hardfault_dump    hardfault_debug.o
    0x080061f8   0x080061f8   0x00000014   Code   RO         5779    i.log_init          log.o
    0x0800620c   0x0800620c   0x00000028   Code   RO         5780    i.log_print         log.o
    0x08006234   0x08006234   0x00000028   Code   RO           16    i.main              main.o
    0x0800625c   0x0800625c   0x00000004   Code   RO         5586    i.osal_get_tick     osal.o
    0x08006260   0x08006260   0x00000060   Code   RO         5589    i.osal_queue_create  osal.o
    0x080062c0   0x080062c0   0x00000060   Code   RO         5590    i.osal_queue_receive  osal.o
    0x08006320   0x08006320   0x00000060   Code   RO         5592    i.osal_queue_send   osal.o
    0x08006380   0x08006380   0x00000060   Code   RO         5597    i.osal_semaphore_create  osal.o
    0x080063e0   0x080063e0   0x0000004c   Code   RO         5598    i.osal_semaphore_give  osal.o
    0x0800642c   0x0800642c   0x0000004c   Code   RO         5600    i.osal_semaphore_take  osal.o
    0x08006478   0x08006478   0x0000000e   Code   RO         5602    i.osal_start_scheduler  osal.o
    0x08006486   0x08006486   0x00000002   PAD
    0x08006488   0x08006488   0x00000088   Code   RO         5603    i.osal_task_create  osal.o
    0x08006510   0x08006510   0x00000004   Code   RO         5604    i.osal_task_delay   osal.o
    0x08006514   0x08006514   0x000000a4   Code   RO         5606    i.osal_task_notify_from_isr  osal.o
    0x080065b8   0x080065b8   0x00000018   Code   RO         5608    i.osal_task_notify_wait  osal.o
    0x080065d0   0x080065d0   0x00000064   Code   RO         5611    i.osal_timer_create  osal.o
    0x08006634   0x08006634   0x00000050   Code   RO         5612    i.osal_timer_start  osal.o
    0x08006684   0x08006684   0x00000098   Code   RO         4336    i.prvAddCurrentTaskToDelayedList  tasks.o
    0x0800671c   0x0800671c   0x000000f4   Code   RO         4337    i.prvAddNewTaskToReadyList  tasks.o
    0x08006810   0x08006810   0x00000050   Code   RO         4780    i.prvCheckForValidListAndQueue  timers.o
    0x08006860   0x08006860   0x0000003c   Code   RO         4338    i.prvCheckTasksWaitingTermination  tasks.o
    0x0800689c   0x0800689c   0x00000026   Code   RO         3886    i.prvCopyDataFromQueue  queue.o
    0x080068c2   0x080068c2   0x0000006c   Code   RO         3887    i.prvCopyDataToQueue  queue.o
    0x0800692e   0x0800692e   0x00000014   Code   RO         4339    i.prvDeleteTCB      tasks.o
    0x08006942   0x08006942   0x00000002   PAD
    0x08006944   0x08006944   0x00000044   Code   RO         5049    i.prvHeapInit       heap_4.o
    0x08006988   0x08006988   0x00000028   Code   RO         4340    i.prvIdleTask       tasks.o
    0x080069b0   0x080069b0   0x000000e4   Code   RO         4341    i.prvInitialiseNewTask  tasks.o
    0x08006a94   0x08006a94   0x000000c4   Code   RO         5050    i.prvInsertBlockIntoFreeList  heap_4.o
    0x08006b58   0x08006b58   0x00000038   Code   RO         4781    i.prvInsertTimerInActiveList  timers.o
    0x08006b90   0x08006b90   0x0000001c   Code   RO         3888    i.prvIsQueueEmpty   queue.o
    0x08006bac   0x08006bac   0x000000c4   Code   RO         3889    i.prvNotifyQueueSetContainer  queue.o
    0x08006c70   0x08006c70   0x00000040   Code   RO         4782    i.prvProcessExpiredTimer  timers.o
    0x08006cb0   0x08006cb0   0x00000144   Code   RO         4783    i.prvProcessReceivedCommands  timers.o
    0x08006df4   0x08006df4   0x0000006c   Code   RO         4784    i.prvProcessTimerOrBlockTask  timers.o
    0x08006e60   0x08006e60   0x00000028   Code   RO         4785    i.prvReloadTimer    timers.o
    0x08006e88   0x08006e88   0x0000001c   Code   RO         4343    i.prvResetNextTaskUnblockTime  tasks.o
    0x08006ea4   0x08006ea4   0x00000048   Code   RO         4786    i.prvSampleTimeNow  timers.o
    0x08006eec   0x08006eec   0x00000078   Code   RO         4962    i.prvTaskExitError  port.o
    0x08006f64   0x08006f64   0x00000024   Code   RO         4787    i.prvTimerTask      timers.o
    0x08006f88   0x08006f88   0x00000076   Code   RO         3890    i.prvUnlockQueue    queue.o
    0x08006ffe   0x08006ffe   0x00000002   PAD
    0x08007000   0x08007000   0x00000198   Code   RO         5052    i.pvPortMalloc      heap_4.o
    0x08007198   0x08007198   0x00000014   Code   RO         4347    i.pvTaskIncrementMutexHeldCount  tasks.o
    0x080071ac   0x080071ac   0x00000024   Code   RO         4963    i.pxPortInitialiseStack  port.o
    0x080071d0   0x080071d0   0x0000004c   Code   RO         5988    i.send_str          hardfault_debug.o
    0x0800721c   0x0800721c   0x00000014   Code   RO         5989    i.send_strln        hardfault_debug.o
    0x08007230   0x08007230   0x00000028   Code   RO         5190    i.serial_buf_free_from_task  serial.o
    0x08007258   0x08007258   0x00000078   Code   RO         5191    i.serial_init       serial.o
    0x080072d0   0x080072d0   0x00000070   Code   RO         5192    i.serial_send_async  serial.o
    0x08007340   0x08007340   0x00000028   Code   RO         5194    i.serial_send_blocking  serial.o
    0x08007368   0x08007368   0x00000054   Code   RO         5195    i.serial_tx_task    serial.o
    0x080073bc   0x080073bc   0x00000028   Code   RO         5990    i.uint32_to_hex_str  hardfault_debug.o
    0x080073e4   0x080073e4   0x00000024   Code   RO         3834    i.uxListRemove      list.o
    0x08007408   0x08007408   0x0000000c   Code   RO         4352    i.uxTaskGetNumberOfTasks  tasks.o
    0x08007414   0x08007414   0x00000040   Code   RO         5129    i.vApplicationStackOverflowHook  task_main.o
    0x08007454   0x08007454   0x00000016   Code   RO         3835    i.vListInitialise   list.o
    0x0800746a   0x0800746a   0x00000006   Code   RO         3836    i.vListInitialiseItem  list.o
    0x08007470   0x08007470   0x00000030   Code   RO         3837    i.vListInsert       list.o
    0x080074a0   0x080074a0   0x00000090   Code   RO         4965    i.vPortEnterCritical  port.o
    0x08007530   0x08007530   0x00000078   Code   RO         4966    i.vPortExitCritical  port.o
    0x080075a8   0x080075a8   0x000000dc   Code   RO         5053    i.vPortFree         heap_4.o
    0x08007684   0x08007684   0x00000024   Code   RO         4967    i.vPortSetupTimerInterrupt  port.o
    0x080076a8   0x080076a8   0x000000a4   Code   RO         4968    i.vPortValidateInterruptPriority  port.o
    0x0800774c   0x0800774c   0x00000090   Code   RO         3898    i.vQueueAddToRegistry  queue.o
    0x080077dc   0x080077dc   0x00000044   Code   RO         3902    i.vQueueWaitForMessageRestricted  queue.o
    0x08007820   0x08007820   0x00000088   Code   RO         4359    i.vTaskDelay        tasks.o
    0x080078a8   0x080078a8   0x00000010   Code   RO         4364    i.vTaskInternalSetTimeOutState  tasks.o
    0x080078b8   0x080078b8   0x0000000c   Code   RO         4366    i.vTaskMissedYield  tasks.o
    0x080078c4   0x080078c4   0x00000070   Code   RO         4367    i.vTaskPlaceOnEventList  tasks.o
    0x08007934   0x08007934   0x00000094   Code   RO         4368    i.vTaskPlaceOnEventListRestricted  tasks.o
    0x080079c8   0x080079c8   0x00000104   Code   RO         4370    i.vTaskPriorityDisinheritAfterTimeout  tasks.o
    0x08007acc   0x08007acc   0x000000c4   Code   RO         4377    i.vTaskStartScheduler  tasks.o
    0x08007b90   0x08007b90   0x00000010   Code   RO         4379    i.vTaskSuspendAll   tasks.o
    0x08007ba0   0x08007ba0   0x000000c8   Code   RO         4380    i.vTaskSwitchContext  tasks.o
    0x08007c68   0x08007c68   0x000000c0   Code   RO         5991    i.write_crash_to_flash  hardfault_debug.o
    0x08007d28   0x08007d28   0x0000000c   Code   RO         5057    i.xPortGetFreeHeapSize  heap_4.o
    0x08007d34   0x08007d34   0x00000100   Code   RO         4969    i.xPortStartScheduler  port.o
    0x08007e34   0x08007e34   0x0000006c   Code   RO         3904    i.xQueueCreateCountingSemaphore  queue.o
    0x08007ea0   0x08007ea0   0x000000a4   Code   RO         3907    i.xQueueGenericCreate  queue.o
    0x08007f44   0x08007f44   0x000000f4   Code   RO         3908    i.xQueueGenericReset  queue.o
    0x08008038   0x08008038   0x000001b4   Code   RO         3909    i.xQueueGenericSend  queue.o
    0x080081ec   0x080081ec   0x00000174   Code   RO         3917    i.xQueueReceive     queue.o
    0x08008360   0x08008360   0x000001a4   Code   RO         3922    i.xQueueSemaphoreTake  queue.o
    0x08008504   0x08008504   0x000000c8   Code   RO         4383    i.xTaskCheckForTimeOut  tasks.o
    0x080085cc   0x080085cc   0x0000005c   Code   RO         4384    i.xTaskCreate       tasks.o
    0x08008628   0x08008628   0x000001bc   Code   RO         4387    i.xTaskGenericNotifyFromISR  tasks.o
    0x080087e4   0x080087e4   0x00000110   Code   RO         4389    i.xTaskGenericNotifyWait  tasks.o
    0x080088f4   0x080088f4   0x0000001c   Code   RO         4395    i.xTaskGetSchedulerState  tasks.o
    0x08008910   0x08008910   0x0000000c   Code   RO         4396    i.xTaskGetTickCount  tasks.o
    0x0800891c   0x0800891c   0x00000178   Code   RO         4398    i.xTaskIncrementTick  tasks.o
    0x08008a94   0x08008a94   0x000000f4   Code   RO         4399    i.xTaskPriorityDisinherit  tasks.o
    0x08008b88   0x08008b88   0x000000b0   Code   RO         4400    i.xTaskPriorityInherit  tasks.o
    0x08008c38   0x08008c38   0x0000011c   Code   RO         4401    i.xTaskRemoveFromEventList  tasks.o
    0x08008d54   0x08008d54   0x00000188   Code   RO         4402    i.xTaskResumeAll    tasks.o
    0x08008edc   0x08008edc   0x000000a4   Code   RO         4795    i.xTimerCreate      timers.o
    0x08008f80   0x08008f80   0x00000090   Code   RO         4796    i.xTimerCreateTimerTask  timers.o
    0x08009010   0x08009010   0x000000b0   Code   RO         4798    i.xTimerGenericCommandFromTask  timers.o
    0x080090c0   0x080090c0   0x0000002c   Code   RO         6417    locale$$code        c_w.l(lc_numeric_c.o)
    0x080090ec   0x080090ec   0x0000002c   Code   RO         6440    locale$$code        c_w.l(lc_ctype_c.o)
    0x08009118   0x08009118   0x00000150   Code   RO         6156    x$fpl$dadd          fz_ws.l(daddsub_clz.o)
    0x08009268   0x08009268   0x00000018   Code   RO         6369    x$fpl$dcmpinf       fz_ws.l(dcmpi.o)
    0x08009280   0x08009280   0x0000005a   Code   RO         6170    x$fpl$dfixu         fz_ws.l(dfixu.o)
    0x080092da   0x080092da   0x00000026   Code   RO         6174    x$fpl$dfltu         fz_ws.l(dflt_clz.o)
    0x08009300   0x08009300   0x00000078   Code   RO         6288    x$fpl$dleqf         fz_ws.l(dleqf.o)
    0x08009378   0x08009378   0x00000154   Code   RO         6180    x$fpl$dmul          fz_ws.l(dmul.o)
    0x080094cc   0x080094cc   0x0000009c   Code   RO         6290    x$fpl$dnaninf       fz_ws.l(dnaninf.o)
    0x08009568   0x08009568   0x0000000c   Code   RO         6292    x$fpl$dretinf       fz_ws.l(dretinf.o)
    0x08009574   0x08009574   0x0000006c   Code   RO         6182    x$fpl$drleqf        fz_ws.l(drleqf.o)
    0x080095e0   0x080095e0   0x00000016   Code   RO         6157    x$fpl$drsb          fz_ws.l(daddsub_clz.o)
    0x080095f6   0x080095f6   0x00000002   PAD
    0x080095f8   0x080095f8   0x000001d4   Code   RO         6158    x$fpl$dsub          fz_ws.l(daddsub_clz.o)
    0x080097cc   0x080097cc   0x00000004   Code   RO         6300    x$fpl$printf1       fz_ws.l(printf1.o)
    0x080097d0   0x080097d0   0x00000004   Code   RO         6302    x$fpl$printf2       fz_ws.l(printf2.o)
    0x080097d4   0x080097d4   0x00000000   Code   RO         6308    x$fpl$usenofp       fz_ws.l(usenofp.o)
    0x080097d4   0x080097d4   0x00000012   Data   RO         2213    .constdata          stm32f1xx_hal_rcc.o
    0x080097e6   0x080097e6   0x00000012   Data   RO         2305    .constdata          stm32f1xx_hal_rcc_ex.o
    0x080097f8   0x080097f8   0x00000010   Data   RO         3639    .constdata          system_stm32f1xx.o
    0x08009808   0x08009808   0x00000008   Data   RO         3640    .constdata          system_stm32f1xx.o
    0x08009810   0x08009810   0x000005f0   Data   RO         5543    .constdata          oled_data.o
    0x08009e00   0x08009e00   0x0000023a   Data   RO         5544    .constdata          oled_data.o
    0x0800a03a   0x0800a03a   0x00000d5c   Data   RO         5545    .constdata          oled_data.o
    0x0800ad96   0x0800ad96   0x0000036b   Data   RO         5546    .constdata          oled_data.o
    0x0800b101   0x0800b101   0x0000000d   Data   RO         5567    .constdata          oled_strings_gbk.o
    0x0800b10e   0x0800b10e   0x00000013   Data   RO         5568    .constdata          oled_strings_gbk.o
    0x0800b121   0x0800b121   0x00000012   Data   RO         5569    .constdata          oled_strings_gbk.o
    0x0800b133   0x0800b133   0x0000000f   Data   RO         5570    .constdata          oled_strings_gbk.o
    0x0800b142   0x0800b142   0x00000011   Data   RO         6129    .constdata          c_w.l(__printf_flags_ss_wp.o)
    0x0800b153   0x0800b153   0x00000001   PAD
    0x0800b154   0x0800b154   0x00000008   Data   RO         6236    .constdata          c_w.l(_printf_wctomb.o)
    0x0800b15c   0x0800b15c   0x00000028   Data   RO         6265    .constdata          c_w.l(_printf_hex_int_ll_ptr.o)
    0x0800b184   0x0800b184   0x00000026   Data   RO         6361    .constdata          c_w.l(_printf_fp_hex.o)
    0x0800b1aa   0x0800b1aa   0x00000002   PAD
    0x0800b1ac   0x0800b1ac   0x00000094   Data   RO         6392    .constdata          c_w.l(bigflt0.o)
    0x0800b240   0x0800b240   0x00000020   Data   RO         6557    Region$$Table       anon$$obj.o
    0x0800b260   0x0800b260   0x0000001c   Data   RO         6416    locale$$data        c_w.l(lc_numeric_c.o)
    0x0800b27c   0x0800b27c   0x00000110   Data   RO         6439    locale$$data        c_w.l(lc_ctype_c.o)


    Execution Region RW_IRAM1 (Exec base: 0x20000000, Load base: 0x0800b38c, Size: 0x00004370, Max: 0x00005000, ABSOLUTE)

    Exec Addr    Load Addr    Size         Type   Attr      Idx    E Section Name        Object

    0x20000000   0x0800b38c   0x0000000c   Data   RW         2050    .data               stm32f1xx_hal.o
    0x2000000c   0x0800b398   0x00000004   Data   RW         3641    .data               system_stm32f1xx.o
    0x20000010   0x0800b39c   0x00000040   Data   RW         4405    .data               tasks.o
    0x20000050   0x0800b3dc   0x00000014   Data   RW         4807    .data               timers.o
    0x20000064   0x0800b3f0   0x0000000c   Data   RW         4970    .data               port.o
    0x20000070   0x0800b3fc   0x0000001c   Data   RW         5060    .data               heap_4.o
    0x2000008c   0x0800b418   0x00000018   Data   RW         5197    .data               serial.o
    0x200000a4   0x0800b430   0x00000004   Data   RW         5198    .data               serial.o
    0x200000a8   0x0800b434   0x00000008   Data   RW         5303    .data               i2c_test.o
    0x200000b0   0x0800b43c   0x00000004   Data   RW         5384    .data               oled_driver.o
    0x200000b4   0x0800b440   0x00000008   Data   RW         5784    .data               log.o
    0x200000bc   0x0800b448   0x00000008   Data   RW         5838    .data               button_service.o
    0x200000c4   0x0800b450   0x00000010   Data   RW         5924    .data               bsp_i2c1_sw.o
    0x200000d4   0x0800b460   0x00000004   Data   RW         5993    .data               hardfault_debug.o
    0x200000d8        -       0x000000a8   Zero   RW          257    .bss                i2c.o
    0x20000180        -       0x00000014   Zero   RW          304    .bss                rtc.o
    0x20000194        -       0x00000048   Zero   RW          347    .bss                tim.o
    0x200001dc        -       0x0000008c   Zero   RW          394    .bss                usart.o
    0x20000268        -       0x00000048   Zero   RW          543    .bss                stm32f1xx_hal_timebase_tim.o
    0x200002b0        -       0x00000040   Zero   RW         3924    .bss                queue.o
    0x200002f0        -       0x0000012c   Zero   RW         4404    .bss                tasks.o
    0x2000041c        -       0x00000028   Zero   RW         4806    .bss                timers.o
    0x20000444        -       0x00002800   Zero   RW         5059    .bss                heap_4.o
    0x20002c44        -       0x00000800   Zero   RW         5196    .bss                serial.o
    0x20003444        -       0x00000400   Zero   RW         5383    .bss                oled_driver.o
    0x20003844        -       0x00000080   Zero   RW         5783    .bss                log.o
    0x200038c4        -       0x00000054   Zero   RW         5837    .bss                button_service.o
    0x20003918        -       0x000003f8   Zero   RW         5992    .bss                hardfault_debug.o
    0x20003d10        -       0x00000060   Zero   RW         6378    .bss                c_w.l(libspace.o)
    0x20003d70        -       0x00000200   Zero   RW            2    HEAP                startup_stm32f103xb.o
    0x20003f70        -       0x00000400   Zero   RW            1    STACK               startup_stm32f103xb.o


==============================================================================

Image component sizes


      Code (inc. data)   RO Data    RW Data    ZI Data      Debug   Object Name

        72         18          0          0          0       1435   bsp_button.o
       656         52          0         16          0       6412   bsp_i2c1_sw.o
       240          0          0          0          0       3136   button.o
       264         54          0          8         84       1854   button_service.o
         0          0          0          0          0      10352   croutine.o
        44          4          0          0          0        738   dma.o
         0          0          0          0          0      18272   event_groups.o
       132         16          0          0          0        923   gpio.o
      2720       1546          0          4       1016       9917   hardfault_debug.o
       904        270          0         28      10240       5914   heap_4.o
       216         32          0          0        168       1747   i2c.o
      1768        816          0          8          0       3111   i2c_test.o
       112          0          0          0          0       2753   list.o
       240         66          0          8        128       2631   log.o
       216         32          0          0          0     449752   main.o
         0          0       6385          0          0       1516   oled_data.o
      2650        124          0          4       1024      18679   oled_driver.o
         0          0         65          0          0        748   oled_strings_gbk.o
      1062        374          0          0          0       9146   osal.o
      1070        448          0         12          0      10869   port.o
      2444        506          0          0         64      17221   queue.o
       184         22          0          0         20       1583   rtc.o
       496         70          0         28       2048       8934   serial.o
        64         26        236          0       1536        800   startup_stm32f103xb.o
        64         14          0         12          0       4582   stm32f1xx_hal.o
       158         14          0          0          0      28138   stm32f1xx_hal_cortex.o
       808         36          0          0          0       4922   stm32f1xx_hal_dma.o
       490         34          0          0          0       2863   stm32f1xx_hal_gpio.o
       392         16          0          0          0       3187   stm32f1xx_hal_i2c.o
        80          8          0          0          0        854   stm32f1xx_hal_msp.o
        12          4          0          0          0        503   stm32f1xx_hal_pwr.o
      1304         94         18          0          0       5681   stm32f1xx_hal_rcc.o
       400         28         18          0          0       2441   stm32f1xx_hal_rcc_ex.o
       910         12          0          0          0       9256   stm32f1xx_hal_rtc.o
        66          0          0          0          0       2069   stm32f1xx_hal_rtc_ex.o
      1230         44          0          0          0      11387   stm32f1xx_hal_tim.o
       108         12          0          0          0       2369   stm32f1xx_hal_tim_ex.o
       152         20          0          0         72       1451   stm32f1xx_hal_timebase_tim.o
      1498         24          0          0          0      10956   stm32f1xx_hal_uart.o
        88         24          0          0          0       4195   stm32f1xx_it.o
         2          0         24          4          0       1091   system_stm32f1xx.o
       128         72          0          0          0       7355   task_main.o
      4420       1050          0         64        300      40991   tasks.o
       220         20          0          0         72       2175   tim.o
      1264        346          0         20         40      15346   timers.o
       232         28          0          0        140       1749   usart.o

    ----------------------------------------------------------------------
     29626       6376       6778        216      16952     752004   Object Totals
         0          0         32          0          0          0   (incl. Generated)
        46          0          0          0          0          0   (incl. Padding)

    ----------------------------------------------------------------------

      Code (inc. data)   RO Data    RW Data    ZI Data      Debug   Library Member Name

        24          4          0          0          0         84   __2printf.o
        56          6          0          0          0         88   __2snprintf.o
         8          0          0          0          0         68   __main.o
       392          4         17          0          0         92   __printf_flags_ss_wp.o
        14          0          0          0          0         68   __printf_wp.o
         0          0          0          0          0          0   __rtentry.o
        12          0          0          0          0          0   __rtentry2.o
         6          0          0          0          0          0   __rtentry4.o
        52          8          0          0          0          0   __scatter.o
        26          0          0          0          0          0   __scatter_copy.o
        28          0          0          0          0          0   __scatter_zi.o
         6          0          0          0          0          0   _printf_a.o
         6          0          0          0          0          0   _printf_c.o
        44          0          0          0          0        108   _printf_char.o
        48          6          0          0          0         96   _printf_char_common.o
        36          4          0          0          0         80   _printf_char_file.o
        40          0          0          0          0         68   _printf_charcount.o
         6          0          0          0          0          0   _printf_d.o
       120         16          0          0          0         92   _printf_dec.o
         6          0          0          0          0          0   _printf_e.o
         6          0          0          0          0          0   _printf_f.o
      1054          0          0          0          0        216   _printf_fp_dec.o
       764          8         38          0          0        100   _printf_fp_hex.o
       128         16          0          0          0         84   _printf_fp_infnan.o
         6          0          0          0          0          0   _printf_g.o
       148          4         40          0          0        160   _printf_hex_int_ll_ptr.o
         6          0          0          0          0          0   _printf_i.o
       178          0          0          0          0         88   _printf_intcommon.o
        10          0          0          0          0          0   _printf_l.o
         6          0          0          0          0          0   _printf_lc.o
        10          0          0          0          0          0   _printf_ll.o
         6          0          0          0          0          0   _printf_lld.o
         6          0          0          0          0          0   _printf_lli.o
         6          0          0          0          0          0   _printf_llo.o
         6          0          0          0          0          0   _printf_llu.o
         6          0          0          0          0          0   _printf_llx.o
       124         16          0          0          0         92   _printf_longlong_dec.o
         6          0          0          0          0          0   _printf_ls.o
         6          0          0          0          0          0   _printf_n.o
         6          0          0          0          0          0   _printf_o.o
       112         10          0          0          0        124   _printf_oct_int_ll.o
         6          0          0          0          0          0   _printf_p.o
        78          0          0          0          0        108   _printf_pad.o
         0          0          0          0          0          0   _printf_percent.o
         4          0          0          0          0          0   _printf_percent_end.o
         6          0          0          0          0          0   _printf_s.o
        82          0          0          0          0         80   _printf_str.o
        36          0          0          0          0         84   _printf_truncate.o
         6          0          0          0          0          0   _printf_u.o
        44          0          0          0          0        108   _printf_wchar.o
       188          6          8          0          0         92   _printf_wctomb.o
         6          0          0          0          0          0   _printf_x.o
        16          0          0          0          0         68   _snputc.o
        10          0          0          0          0         68   _sputc.o
        64          0          0          0          0         92   _wcrtomb.o
        16          0          0          0          0         68   aeabi_memset.o
       228          4        148          0          0         96   bigflt0.o
      1936        128          0          0          0        672   btod.o
        18          0          0          0          0         80   exit.o
         6          0          0          0          0        152   heapauxi.o
        44         10        272          0          0         76   lc_ctype_c.o
        44         10         28          0          0         76   lc_numeric_c.o
         2          0          0          0          0          0   libinit.o
        30          0          0          0          0          0   libinit2.o
         2          0          0          0          0          0   libshutdown.o
         2          0          0          0          0          0   libshutdown2.o
         8          4          0          0         96         68   libspace.o
       138          0          0          0          0         80   lludiv10.o
        16          4          0          0          0         76   rt_ctype_table.o
         8          4          0          0          0         68   rt_locale_intlibspace.o
        68          0          0          0          0         68   rt_memclr.o
        78          0          0          0          0         80   rt_memclr_w.o
       138          0          0          0          0         68   rt_memcpy_v6.o
       100          0          0          0          0         80   rt_memcpy_w.o
         2          0          0          0          0          0   rtexit.o
        10          0          0          0          0          0   rtexit2.o
       128          0          0          0          0         68   strcmpv7m.o
        74          0          0          0          0         80   sys_stackheap_outer.o
         2          0          0          0          0         68   use_no_semi.o
         2          0          0          0          0         68   use_no_semi_2.o
        52          4          0          0          0         80   vsnprintf.o
       826         16          0          0          0        348   daddsub_clz.o
        24          0          0          0          0         68   dcmpi.o
        90          4          0          0          0         92   dfixu.o
        38          0          0          0          0         68   dflt_clz.o
       120          4          0          0          0         92   dleqf.o
       340         12          0          0          0        104   dmul.o
       156          4          0          0          0         92   dnaninf.o
        12          0          0          0          0         68   dretinf.o
       108          0          0          0          0         80   drleqf.o
         4          0          0          0          0         68   printf1.o
         4          0          0          0          0         68   printf2.o
         0          0          0          0          0          0   usenofp.o
        40          0          0          0          0         68   fpclassify.o

    ----------------------------------------------------------------------
      9006        316        554          0         96       5796   Library Totals
        16          0          3          0          0          0   (incl. Padding)

    ----------------------------------------------------------------------

      Code (inc. data)   RO Data    RW Data    ZI Data      Debug   Library Name

      7228        276        551          0         96       4580   c_w.l
      1722         40          0          0          0       1148   fz_ws.l
        40          0          0          0          0         68   m_ws.l

    ----------------------------------------------------------------------
      9006        316        554          0         96       5796   Library Totals

    ----------------------------------------------------------------------

==============================================================================


      Code (inc. data)   RO Data    RW Data    ZI Data      Debug   

     38632       6692       7332        216      17048     741520   Grand Totals
     38632       6692       7332        216      17048     741520   ELF Image Totals
     38632       6692       7332        216          0          0   ROM Totals

==============================================================================

    Total RO  Size (Code + RO Data)                45964 (  44.89kB)
    Total RW  Size (RW Data + ZI Data)             17264 (  16.86kB)
    Total ROM Size (Code + RO Data + RW Data)      46180 (  45.10kB)

==============================================================================

