<html>
<body>
<pre>
<h1>µVision Build Log</h1>
<h2>Tool Versions:</h2>
IDE-Version: ¦ÌVision V5.24.2.0
Copyright (C) 2017 ARM Ltd and ARM Germany GmbH. All rights reserved.
License Information: zou lihua, lihua, LIC=585FJ-UGGT9-RAEDM-XQPV6-9WMZ5-852TF
 
Tool Versions:
Toolchain:       MDK-ARM Plus  Version: 5.24.1
Toolchain Path:  D:\keil\ARM\ARMCC\Bin
C Compiler:      Armcc.exe V5.06 update 5 (build 528)
Assembler:       Armasm.exe V5.06 update 5 (build 528)
Linker/Locator:  ArmLink.exe V5.06 update 5 (build 528)
Library Manager: ArmAr.exe V5.06 update 5 (build 528)
Hex Converter:   FromElf.exe V5.06 update 5 (build 528)
CPU DLL:         SARMCM3.DLL V5.24.1
Dialog DLL:      DCM.DLL V1.16.0.0
Target DLL:      STLink\ST-LINKIII-KEIL_SWO.dll V3.0.1.0
Dialog DLL:      TCM.DLL V1.32.0.0
 
<h2>Project:</h2>
D:\Desk\Watch\STM32HAL\STM32_Watch_Rewrite\MDK-ARM\STM32_Watch_Rewrite.uvprojx
Project File Date:  06/04/2026

<h2>Output:</h2>
*** Using Compiler 'V5.06 update 5 (build 528)', folder: 'D:\keil\ARM\ARMCC\Bin'
Build target 'STM32_Watch_Rewrite'
assembling startup_stm32f103xb.s...
compiling oled_driver.c...
../User/Middlewares/I2C/i2c_interface.h(31): warning:  #1-D: last line of file ends without a newline
  #endif /* I2C_INTERFACE_H */
../User/BSP/bsp_i2c1_sw.h(38): warning:  #1-D: last line of file ends without a newline
  #endif /* I2C1_SW_H */
../User/Drivers/oled_common.h(8): warning:  #1-D: last line of file ends without a newline
  #endif /* OLED_COMMON_H */
../User/Services/log.h(73): warning:  #1-D: last line of file ends without a newline
  #endif /* SERVICE_LOG_H */
../User/Drivers/oled_driver.c: 4 warnings, 0 errors
compiling bsp_i2c1_sw.c...
../User/Middlewares/I2C/i2c_interface.h(31): warning:  #1-D: last line of file ends without a newline
  #endif /* I2C_INTERFACE_H */
../User/BSP/bsp_i2c1_sw.h(38): warning:  #1-D: last line of file ends without a newline
  #endif /* I2C1_SW_H */
../User/BSP/bsp_i2c1_sw.c(305): warning:  #1-D: last line of file ends without a newline
  }
../User/BSP/bsp_i2c1_sw.c: 3 warnings, 0 errors
compiling task_main.c...
../User/OSAL/osal.h(321): warning:  #1-D: last line of file ends without a newline
  #endif /* _OSAL_H */
../User/Services/log.h(73): warning:  #1-D: last line of file ends without a newline
  #endif /* SERVICE_LOG_H */
../User/Drivers/serial.h(47): warning:  #1-D: last line of file ends without a newline
  #endif
../User/Middlewares/Button/button.h(92): warning:  #1-D: last line of file ends without a newline
  #endif /* BUTTON_H */
../User/Drivers/i2c_test.h(6): warning:  #1-D: last line of file ends without a newline
  #endif /* I2C_TEST_H */
..\User\APP\SYS\task_main.c(123): warning:  #1-D: last line of file ends without a newline
  }
..\User\APP\SYS\task_main.c: 6 warnings, 0 errors
compiling log.c...
../User/Services/log.h(73): warning:  #1-D: last line of file ends without a newline
  #endif /* SERVICE_LOG_H */
../User/OSAL/osal.h(321): warning:  #1-D: last line of file ends without a newline
  #endif /* _OSAL_H */
../User/Drivers/serial.h(47): warning:  #1-D: last line of file ends without a newline
  #endif
../User/Services/log.c(134): warning:  #1-D: last line of file ends without a newline
  }
../User/Services/log.c: 4 warnings, 0 errors
compiling i2c_test.c...
../User/Middlewares/I2C/i2c_interface.h(31): warning:  #1-D: last line of file ends without a newline
  #endif /* I2C_INTERFACE_H */
../User/BSP/bsp_i2c1_sw.h(38): warning:  #1-D: last line of file ends without a newline
  #endif /* I2C1_SW_H */
../User/Drivers/oled_common.h(8): warning:  #1-D: last line of file ends without a newline
  #endif /* OLED_COMMON_H */
../User/OSAL/osal.h(321): warning:  #1-D: last line of file ends without a newline
  #endif /* _OSAL_H */
../User/Services/log.h(73): warning:  #1-D: last line of file ends without a newline
  #endif /* SERVICE_LOG_H */
../User/Drivers/i2c_test.h(6): warning:  #1-D: last line of file ends without a newline
  #endif /* I2C_TEST_H */
../User/Drivers/i2c_test.c: 6 warnings, 0 errors
linking...
Program Size: Code=38632 RO-data=7332 RW-data=216 ZI-data=17048  
FromELF: creating hex file...
"STM32_Watch_Rewrite\STM32_Watch_Rewrite.axf" - 0 Error(s), 23 Warning(s).

<h2>Software Packages used:</h2>

Package Vendor: ARM
                http://www.keil.com/pack/ARM.CMSIS.5.0.1.pack
                ARM.CMSIS.5.0.1
                CMSIS (Cortex Microcontroller Software Interface Standard)
   * Component: CORE Version: 5.0.1

Package Vendor: Keil
                http://www.keil.com/pack/Keil.STM32F1xx_DFP.2.2.0.pack
                Keil.STM32F1xx_DFP.2.2.0
                STMicroelectronics STM32F1 Series Device Support, Drivers and Examples

<h2>Collection of Component include folders:</h2>
  .\RTE\_STM32_Watch_Rewrite
  D:\keil\ARM\PACK\ARM\CMSIS\5.0.1\CMSIS\Include
  D:\keil\ARM\PACK\Keil\STM32F1xx_DFP\2.2.0\Device\Include

<h2>Collection of Component Files used:</h2>

   * Component: ARM::CMSIS:CORE:5.0.1
Build Time Elapsed:  00:00:02
</pre>
</body>
</html>
